Compile time: 0.0031578660127706826
Train time: 74.49730216265016
Predict time: 0.08397321100346744
Training set simulation time: 72.602
Total time: 147.1864332396664
Train loss: 5.827826976776123
Test loss: 10.7805757522583
F 20.0 0 20.0 F 20.0 R 20.0 R 20.0 0 20.0 20.4475 34.140564
0 10.0 F 10.0 0 10.0 R 10.0 1 10.0 1 10.0 95.0866 108.18786
R 30.0 R 30.0 F 30.0 F 30.0 0 30.0 R 30.0 69.2598 82.32736
0 30.0 F 30.0 0 30.0 R 30.0 1 30.0 1 30.0 95.1522 109.92391
F 10.0 0 10.0 F 10.0 R 10.0 R 10.0 0 10.0 16.8612 32.510033
R 20.0 F 20.0 R 20.0 F 20.0 0 20.0 F 20.0 33.1715 45.540558
F 30.0 0 30.0 F 30.0 R 30.0 R 30.0 0 30.0 23.4646 35.77109
0 20.0 F 20.0 0 20.0 R 20.0 1 20.0 1 20.0 94.9013 109.055885
R 10.0 F 10.0 R 10.0 F 10.0 0 10.0 F 10.0 32.3117 45.770584
Mean of test: 60.63031537698413
MSE: 10.78057732977006
RMSE: 3.2833789500711092
NRMSE: 0.05415408001188647
