Compile time: 0.004498280002735555
Train time: 61.38920180783316
Predict time: 0.08111877508054022
Training set simulation time: 60.481
Total time: 121.95581886291643
Train loss: 4.740677356719971
Test loss: 10.481968879699707
F 20.0 R 20.0 F 20.0 R 20.0 R 20.0 0 20.0 21.5387 35.159695
0 10.0 0 10.0 0 10.0 R 10.0 1 10.0 1 10.0 116.818 130.51839
F 10.0 0 10.0 F 10.0 0 10.0 R 10.0 1 10.0 30.0587 44.023113
0 30.0 R 30.0 0 30.0 1 30.0 1 30.0 R 30.0 116.43 98.919426
F 30.0 R 30.0 F 30.0 1 30.0 F 30.0 R 30.0 90.5571 77.58966
F 20.0 0 20.0 0 20.0 R 20.0 1 20.0 0 20.0 67.4586 81.606415
F 10.0 0 10.0 0 10.0 R 10.0 1 10.0 0 10.0 65.9884 83.94498
0 10.0 R 10.0 0 10.0 1 10.0 1 10.0 R 10.0 116.129 97.89961
F 10.0 R 10.0 F 10.0 R 10.0 R 10.0 0 10.0 17.5394 34.65411
0 20.0 R 20.0 0 20.0 1 20.0 1 20.0 R 20.0 116.349 98.47333
Mean of test: 60.70983291666667
MSE: 10.481968267581847
RMSE: 3.237586796918632
NRMSE: 0.053328870157865596
