Compile time: 0.004446680992259644
Train time: 62.443942339814384
Predict time: 0.08185207805945538
Training set simulation time: 60.481
Total time: 123.0112410988661
Train loss: 3.763414144515991
Test loss: 11.382793426513672
F 30.0 R 30.0 1 30.0 0 30.0 0 30.0 R 30.0 46.1733 61.680656
F 20.0 R 20.0 1 20.0 0 20.0 0 20.0 R 20.0 44.3157 60.47371
0 20.0 R 20.0 1 20.0 F 20.0 0 20.0 R 20.0 54.1637 67.36769
0 30.0 F 30.0 0 30.0 1 30.0 1 30.0 R 30.0 93.209 110.96818
0 10.0 R 10.0 1 10.0 F 10.0 0 10.0 R 10.0 51.8131 66.89922
F 30.0 0 30.0 F 30.0 0 30.0 R 30.0 R 30.0 30.9727 43.78571
0 20.0 F 20.0 0 20.0 1 20.0 1 20.0 R 20.0 93.2008 107.63295
F 10.0 0 10.0 F 10.0 0 10.0 R 10.0 R 10.0 26.403 40.432407
F 10.0 R 10.0 1 10.0 0 10.0 0 10.0 R 10.0 42.2665 59.9686
F 10.0 R 10.0 F 10.0 R 10.0 R 10.0 0 10.0 17.5394 30.70415
R 30.0 0 30.0 F 30.0 R 30.0 F 30.0 R 30.0 75.9058 63.137497
F 10.0 0 10.0 F 10.0 R 10.0 R 10.0 0 10.0 16.8612 29.787611
F 20.0 0 20.0 F 20.0 0 20.0 1 20.0 1 20.0 58.347 71.47851
F 30.0 0 30.0 F 30.0 0 30.0 1 30.0 1 30.0 60.3061 74.76474
Mean of test: 60.70983291666667
MSE: 11.382795098795823
RMSE: 3.373839815224757
NRMSE: 0.05557320211794779
