Compile time: 0.005073224994703196
Train time: 62.050496382129495
Predict time: 0.08304237200354692
Training set simulation time: 60.481
Total time: 122.61961197912774
Train loss: 522.7340087890625
0 30.0 0 30.0 0 30.0 R 30.0 1 30.0 R 30.0 133.405 61.73381
0 30.0 0 30.0 0 30.0 R 30.0 R 30.0 R 30.0 150.725 54.2988
0 20.0 0 20.0 0 20.0 R 20.0 R 20.0 R 20.0 151.217 53.5344
0 10.0 0 10.0 0 10.0 R 10.0 R 10.0 R 10.0 152.31 52.770016
0 10.0 F 10.0 0 10.0 R 10.0 R 10.0 R 10.0 137.857 52.542126
0 30.0 R 30.0 0 30.0 R 30.0 R 30.0 R 30.0 134.443 59.362602
Test loss: 513.0439453125
0 20.0 0 20.0 0 20.0 1 20.0 R 20.0 R 20.0 135.882 54.50257
0 20.0 0 20.0 0 20.0 R 20.0 1 20.0 R 20.0 133.592 60.96941
0 20.0 F 20.0 0 20.0 R 20.0 R 20.0 1 20.0 127.756 56.90746
0 20.0 0 20.0 0 20.0 1 20.0 R 20.0 1 20.0 124.893 58.103504
0 10.0 0 10.0 0 10.0 R 10.0 R 10.0 1 10.0 145.812 56.370953
0 30.0 0 30.0 0 30.0 1 30.0 R 30.0 1 30.0 125.005 58.8679
0 30.0 F 30.0 0 30.0 R 30.0 R 30.0 R 30.0 135.736 54.07092
0 30.0 0 30.0 0 30.0 1 30.0 R 30.0 R 30.0 135.9 55.266964
0 20.0 0 20.0 0 20.0 R 20.0 R 20.0 1 20.0 144.492 57.135345
0 10.0 0 10.0 0 10.0 1 10.0 R 10.0 R 10.0 136.733 53.73817
0 10.0 F 10.0 0 10.0 R 10.0 R 10.0 1 10.0 129.479 56.14306
0 10.0 0 10.0 0 10.0 R 10.0 1 10.0 R 10.0 134.129 60.20502
0 20.0 R 20.0 0 20.0 R 20.0 R 20.0 R 20.0 134.902 58.5982
0 20.0 F 20.0 0 20.0 R 20.0 R 20.0 R 20.0 136.324 53.306522
F 20.0 0 20.0 0 20.0 R 20.0 R 20.0 R 20.0 127.088 60.688652
0 30.0 R 30.0 0 30.0 R 30.0 R 30.0 1 30.0 129.382 62.96354
0 20.0 1 20.0 0 20.0 R 20.0 R 20.0 R 20.0 122.388 58.37032
F 30.0 0 30.0 0 30.0 R 30.0 R 30.0 R 30.0 126.848 61.453053
0 30.0 0 30.0 0 30.0 R 30.0 R 30.0 1 30.0 143.687 57.899742
0 10.0 R 10.0 0 10.0 R 10.0 R 10.0 R 10.0 135.638 57.833813
0 10.0 R 10.0 0 10.0 1 10.0 R 10.0 R 10.0 122.48 58.801964
F 10.0 0 10.0 0 10.0 R 10.0 R 10.0 R 10.0 128.854 59.924267
Mean of test: 60.70983291666667
MSE: 513.0440223068023
RMSE: 22.65047510112762
NRMSE: 0.3730940115124149
