Compile time: 0.0080062189954333
Train time: 2.2100298599834787
Predict time: 0.002371152993873693
Training set simulation time: 0.7030000000000001
Total time: 2.923407231972786
Train loss: 97.3133544921875
0 20.0 R 20.0 R 20.0 47.2724 32.31768
1 30.0 R 30.0 R 30.0 27.1273 40.61913
R 30.0 R 30.0 1 30.0 21.0988 35.945038
R 10.0 1 10.0 0 10.0 55.8246 42.482174
R 30.0 1 30.0 R 30.0 29.0728 45.938362
R 30.0 R 30.0 0 30.0 62.1427 43.903625
Test loss: 100.22708892822266
R 20.0 R 20.0 0 20.0 62.2407 40.300392
0 10.0 R 10.0 R 10.0 47.3727 28.705347
R 10.0 R 10.0 0 10.0 62.8203 36.68843
Mean of test: 33.58576944444444
MSE: 100.22709632043643
RMSE: 10.011348376739091
NRMSE: 0.2980830435729413
