Compile time: 0.003249803005019203
Train time: 2.0142893551528687
Predict time: 0.0032240859873127192
Training set simulation time: 0.7030000000000001
Total time: 2.723763244145201
Train loss: 87.36664581298828
0 20.0 R 20.0 R 20.0 47.2724 34.99098
F 10.0 F 10.0 0 10.0 16.6884 30.88571
1 30.0 R 30.0 R 30.0 27.1273 39.969757
R 30.0 R 30.0 1 30.0 21.0988 34.833447
R 10.0 1 10.0 0 10.0 55.8246 42.95811
R 30.0 1 30.0 R 30.0 29.0728 43.659824
R 30.0 R 30.0 0 30.0 62.1427 47.699432
Test loss: 83.37393188476562
R 20.0 R 20.0 0 20.0 62.2407 44.314884
0 10.0 R 10.0 R 10.0 47.3727 31.606428
F 20.0 F 20.0 0 20.0 17.8624 34.27026
R 10.0 R 10.0 0 10.0 62.8203 40.931046
F 30.0 F 30.0 0 30.0 19.1395 37.65481
Mean of test: 33.58576944444444
MSE: 83.37393264480403
RMSE: 9.130932736845892
NRMSE: 0.27186909479473836
