Compile time: 0.0035561289987526834
Train time: 2.4883852186903823
Predict time: 0.0035609760088846087
Training set simulation time: 0.7030000000000001
Total time: 3.19850232369802
Train loss: 96.44449615478516
0 20.0 R 20.0 R 20.0 47.2724 32.306816
1 30.0 R 30.0 R 30.0 27.1273 40.44682
R 30.0 R 30.0 1 30.0 21.0988 35.685127
R 10.0 1 10.0 0 10.0 55.8246 42.48364
R 30.0 1 30.0 R 30.0 29.0728 45.633316
R 30.0 R 30.0 0 30.0 62.1427 44.280113
Test loss: 100.62053680419922
R 20.0 R 20.0 0 20.0 62.2407 40.597023
0 10.0 R 10.0 R 10.0 47.3727 28.616663
R 10.0 R 10.0 0 10.0 62.8203 36.89702
Mean of test: 33.58576944444444
MSE: 100.62053607885684
RMSE: 10.030978819579715
NRMSE: 0.29866753049002964
