Compile time: 0.003433294012211263
Train time: 282.337929103669
Predict time: 0.36791504587745294
Training set simulation time: 349.793
Total time: 632.5022774435587
Train loss: 29.04428482055664
1 30.0 R 30.0 F 30.0 0 30.0 R 30.0 0 30.0 1 30.0 49.6354 89.79406
1 20.0 0 20.0 1 20.0 R 20.0 R 20.0 0 20.0 F 20.0 34.9838 82.18107
Test loss: 42.594337463378906
1 10.0 0 10.0 1 10.0 R 10.0 R 10.0 0 10.0 F 10.0 31.3476 83.634315
1 10.0 R 10.0 F 10.0 0 10.0 R 10.0 0 10.0 1 10.0 44.2324 87.75194
1 30.0 R 30.0 0 30.0 R 30.0 0 30.0 0 30.0 F 30.0 254.148 205.2949
F 10.0 R 10.0 1 10.0 F 10.0 0 10.0 0 10.0 1 10.0 144.968 92.32212
1 30.0 0 30.0 1 30.0 R 30.0 R 30.0 0 30.0 F 30.0 38.3592 81.48748
1 20.0 R 20.0 0 20.0 R 20.0 0 20.0 0 20.0 F 20.0 253.828 205.95589
R 30.0 R 30.0 F 30.0 R 30.0 F 30.0 F 30.0 F 30.0 14.8086 65.28474
R 20.0 R 20.0 F 20.0 R 20.0 F 20.0 F 20.0 F 20.0 11.9802 65.4626
1 20.0 R 20.0 F 20.0 0 20.0 R 20.0 0 20.0 1 20.0 47.1566 88.4525
1 30.0 0 30.0 1 30.0 0 30.0 R 30.0 0 30.0 F 30.0 107.459 151.9725
1 10.0 R 10.0 F 10.0 R 10.0 0 10.0 0 10.0 0 10.0 254.948 214.82542
R 10.0 R 10.0 F 10.0 R 10.0 F 10.0 F 10.0 F 10.0 9.29648 65.869736
1 20.0 R 20.0 F 20.0 0 20.0 R 20.0 0 20.0 F 20.0 48.562 89.01095
F 30.0 R 30.0 1 30.0 F 30.0 0 30.0 0 30.0 1 30.0 145.619 98.852806
1 10.0 R 10.0 0 10.0 R 10.0 0 10.0 0 10.0 F 10.0 253.277 206.61674
1 20.0 0 20.0 1 20.0 0 20.0 R 20.0 0 20.0 F 20.0 104.585 150.10892
F 20.0 R 20.0 1 20.0 F 20.0 0 20.0 0 20.0 1 20.0 145.44 95.58748
1 10.0 0 10.0 1 10.0 0 10.0 R 10.0 0 10.0 F 10.0 101.507 148.24539
1 10.0 R 10.0 F 10.0 0 10.0 R 10.0 0 10.0 F 10.0 45.4583 86.97315
Mean of test: 96.44708733733623
MSE: 42.594335880152336
RMSE: 6.526433626426637
NRMSE: 0.06766854040495372
