Compile time: 0.0031704890134278685
Train time: 278.3472440408077
Predict time: 0.3550309606944211
Training set simulation time: 349.793
Total time: 628.4984454905156
Train loss: 17.298341751098633
0 20.0 1 20.0 1 20.0 R 20.0 F 20.0 0 20.0 R 20.0 65.3486 81.40902
1 10.0 R 10.0 R 10.0 F 10.0 R 10.0 0 10.0 0 10.0 172.471 184.66931
1 20.0 F 20.0 R 20.0 0 20.0 1 20.0 R 20.0 F 20.0 84.1117 96.14154
0 20.0 1 20.0 F 20.0 0 20.0 0 20.0 1 20.0 R 20.0 140.753 126.681435
R 10.0 0 10.0 R 10.0 1 10.0 F 10.0 F 10.0 F 10.0 148.283 161.9861
R 20.0 F 20.0 1 20.0 F 20.0 R 20.0 R 20.0 1 20.0 48.2605 36.09721
0 20.0 0 20.0 R 20.0 R 20.0 F 20.0 1 20.0 0 20.0 55.7948 43.439632
R 20.0 R 20.0 0 20.0 1 20.0 F 20.0 0 20.0 R 20.0 131.423 143.98384
0 10.0 0 10.0 1 10.0 R 10.0 F 10.0 1 10.0 F 10.0 17.0202 29.041636
0 20.0 R 20.0 1 20.0 F 20.0 1 20.0 0 20.0 0 20.0 156.932 143.09239
R 20.0 0 20.0 R 20.0 1 20.0 0 20.0 F 20.0 1 20.0 71.0882 55.81345
1 20.0 0 20.0 R 20.0 F 20.0 0 20.0 F 20.0 1 20.0 11.7515 28.26322
F 10.0 F 10.0 R 10.0 R 10.0 F 10.0 R 10.0 0 10.0 129.418 116.55104
F 10.0 0 10.0 R 10.0 R 10.0 F 10.0 F 10.0 R 10.0 26.6017 42.936325
0 20.0 0 20.0 F 20.0 1 20.0 0 20.0 1 20.0 0 20.0 81.4818 67.45404
F 20.0 F 20.0 R 20.0 R 20.0 0 20.0 1 20.0 0 20.0 141.383 125.372086
R 10.0 0 10.0 F 10.0 F 10.0 1 10.0 R 10.0 0 10.0 137.346 123.87668
1 10.0 0 10.0 R 10.0 F 10.0 F 10.0 0 10.0 R 10.0 47.1312 32.601772
R 30.0 F 30.0 1 30.0 0 30.0 0 30.0 F 30.0 R 30.0 54.2689 41.12474
0 10.0 F 10.0 F 10.0 R 10.0 F 10.0 R 10.0 R 10.0 72.4991 86.466515
Test loss: 26.68511390686035
F 30.0 0 30.0 F 30.0 R 30.0 R 30.0 F 30.0 F 30.0 117.212 86.92113
0 20.0 1 20.0 R 20.0 0 20.0 1 20.0 0 20.0 F 20.0 151.041 118.924545
1 20.0 0 20.0 1 20.0 R 20.0 0 20.0 0 20.0 F 20.0 110.449 142.19745
1 10.0 0 10.0 F 10.0 0 10.0 0 10.0 0 10.0 1 10.0 93.976 124.311966
1 10.0 R 10.0 0 10.0 1 10.0 0 10.0 F 10.0 F 10.0 91.2261 133.28256
0 30.0 1 30.0 R 30.0 0 30.0 1 30.0 0 30.0 F 30.0 151.019 118.91839
0 10.0 1 10.0 R 10.0 0 10.0 1 10.0 0 10.0 F 10.0 151.336 118.93066
R 10.0 0 10.0 0 10.0 F 10.0 R 10.0 1 10.0 F 10.0 102.472 69.573456
1 10.0 0 10.0 1 10.0 R 10.0 0 10.0 0 10.0 F 10.0 107.646 142.89334
1 30.0 R 30.0 0 30.0 1 30.0 0 30.0 F 30.0 F 30.0 94.6953 132.26315
R 10.0 R 10.0 F 10.0 R 10.0 F 10.0 F 10.0 F 10.0 9.29648 41.487633
1 20.0 R 20.0 0 20.0 1 20.0 0 20.0 F 20.0 F 20.0 93.1298 132.83636
R 20.0 1 20.0 F 20.0 R 20.0 0 20.0 F 20.0 0 20.0 158.388 128.41438
R 30.0 1 30.0 F 30.0 R 30.0 0 30.0 F 30.0 0 30.0 159.11 127.174034
F 20.0 0 20.0 F 20.0 R 20.0 R 20.0 F 20.0 F 20.0 116.292 86.12662
R 20.0 0 20.0 0 20.0 F 20.0 R 20.0 1 20.0 F 20.0 100.44 69.746
Mean of test: 96.44708733733623
MSE: 26.685121136036564
RMSE: 5.1657643322200215
NRMSE: 0.05356060483353001
