Compile time: 0.007499715022277087
Train time: 286.99856847920455
Predict time: 0.35107783603598364
Training set simulation time: 349.793
Total time: 637.1501460302628
Train loss: 28.551362991333008
1 20.0 R 20.0 F 20.0 0 20.0 F 20.0 0 20.0 1 20.0 180.936 155.05473
1 10.0 0 10.0 1 10.0 F 10.0 F 10.0 0 10.0 R 10.0 27.715 58.94918
R 20.0 0 20.0 1 20.0 0 20.0 F 20.0 F 20.0 R 20.0 8.22683 -17.39051
1 20.0 0 20.0 R 20.0 F 20.0 0 20.0 F 20.0 1 20.0 11.7515 45.167507
F 10.0 0 10.0 R 10.0 0 10.0 1 10.0 1 10.0 R 10.0 35.2871 10.416329
1 20.0 0 20.0 1 20.0 R 20.0 R 20.0 0 20.0 F 20.0 34.9838 64.97406
R 10.0 0 10.0 R 10.0 1 10.0 1 10.0 F 10.0 F 10.0 146.853 119.08915
1 20.0 0 20.0 1 20.0 F 20.0 F 20.0 0 20.0 R 20.0 29.1258 58.64042
Test loss: 51.96449661254883
1 10.0 F 10.0 1 10.0 0 10.0 0 10.0 F 10.0 R 10.0 30.0261 85.03685
1 20.0 F 20.0 1 20.0 0 20.0 0 20.0 F 20.0 R 20.0 31.5479 84.432594
1 30.0 F 30.0 R 30.0 0 30.0 F 30.0 0 30.0 1 30.0 27.6278 90.70262
F 10.0 R 10.0 F 10.0 0 10.0 R 10.0 0 10.0 1 10.0 53.7132 102.52063
1 10.0 F 10.0 R 10.0 0 10.0 F 10.0 0 10.0 1 10.0 25.1113 92.25526
1 20.0 F 20.0 R 20.0 0 20.0 F 20.0 0 20.0 1 20.0 26.2868 91.478905
R 30.0 1 30.0 F 30.0 R 30.0 0 30.0 F 30.0 0 30.0 159.11 109.00918
1 30.0 F 30.0 1 30.0 0 30.0 0 30.0 F 30.0 R 30.0 33.0517 83.82839
Mean of test: 96.44708733733623
MSE: 51.964517373865554
RMSE: 7.208641853627183
NRMSE: 0.07474193418007556
