Compile time: 0.004020473992568441
Train time: 18.003980267138104
Predict time: 0.022298024967312813
Training set simulation time: 12.308000000000003
Total time: 30.33829876609799
Train loss: 30.079200744628906
F 30.0 F 30.0 R 30.0 F 30.0 0 30.0 26.0239 43.36082
1 20.0 R 20.0 F 20.0 0 20.0 R 20.0 16.7287 30.558512
0 30.0 R 30.0 F 30.0 1 30.0 F 30.0 54.3149 41.057266
0 10.0 1 10.0 F 10.0 1 10.0 F 10.0 59.0179 43.232914
F 10.0 F 10.0 F 10.0 1 10.0 F 10.0 23.0109 39.18731
F 20.0 R 20.0 F 20.0 1 20.0 F 20.0 62.8804 46.814568
F 30.0 R 30.0 F 30.0 1 30.0 0 30.0 52.4076 34.605904
0 10.0 1 10.0 F 10.0 0 10.0 F 10.0 22.4397 35.29873
F 30.0 R 30.0 F 30.0 F 30.0 F 30.0 28.8877 41.636032
F 30.0 1 30.0 F 30.0 F 30.0 F 30.0 30.272 44.76033
F 20.0 R 20.0 F 20.0 0 20.0 F 20.0 25.5512 38.888172
F 20.0 1 20.0 F 20.0 0 20.0 F 20.0 28.8717 42.012466
0 30.0 R 30.0 F 30.0 0 30.0 F 30.0 18.965 33.123787
F 20.0 1 20.0 F 20.0 R 20.0 F 20.0 64.0694 47.673462
F 30.0 F 30.0 F 30.0 1 30.0 F 30.0 26.6543 40.218452
Test loss: 53.897071838378906
F 10.0 0 10.0 1 10.0 R 10.0 0 10.0 31.9335 54.074017
1 10.0 1 10.0 0 10.0 F 10.0 R 10.0 18.6654 39.850758
F 10.0 1 10.0 0 10.0 1 10.0 F 10.0 62.7989 40.321846
F 10.0 F 10.0 R 10.0 F 10.0 0 10.0 23.32 44.463905
F 30.0 F 30.0 R 30.0 1 30.0 0 30.0 21.2824 43.578526
F 30.0 1 30.0 0 30.0 1 30.0 F 30.0 65.7613 42.230976
F 30.0 1 30.0 F 30.0 1 30.0 0 30.0 59.8603 37.7697
F 10.0 1 10.0 R 10.0 F 10.0 0 10.0 24.849 50.51778
F 20.0 R 20.0 1 20.0 0 20.0 0 20.0 32.1605 58.027847
F 20.0 F 20.0 R 20.0 1 20.0 0 20.0 19.4095 45.18104
F 10.0 R 10.0 1 10.0 0 10.0 0 10.0 30.3706 58.605145
F 10.0 1 10.0 F 10.0 1 10.0 0 10.0 57.6576 36.82036
F 20.0 1 20.0 0 20.0 1 20.0 F 20.0 64.1994 41.71541
F 10.0 F 10.0 R 10.0 1 10.0 0 10.0 17.7332 46.926365
F 20.0 1 20.0 F 20.0 1 20.0 0 20.0 58.5315 37.295033
F 20.0 1 20.0 R 20.0 F 20.0 0 20.0 26.2793 49.782646
F 30.0 R 30.0 1 30.0 0 30.0 0 30.0 33.2726 57.450535
F 30.0 1 30.0 R 30.0 F 30.0 0 30.0 27.855 49.047504
Mean of test: 41.098926032986114
MSE: 53.89706620831153
RMSE: 7.3414621301421645
NRMSE: 0.17862905040997631
