Compile time: 0.014349290009704418
Train time: 16.815300059955916
Predict time: 0.02146894106408581
Training set simulation time: 12.308000000000003
Total time: 29.15911829102971
Train loss: 10.70549488067627
0 20.0 R 20.0 0 20.0 1 20.0 1 20.0 43.7421 57.16939
Test loss: 21.303848266601562
0 20.0 R 20.0 F 20.0 1 20.0 R 20.0 25.91 40.944355
0 10.0 R 10.0 F 10.0 1 10.0 R 10.0 24.7073 40.978188
1 10.0 R 10.0 0 10.0 1 10.0 F 10.0 25.2104 42.15607
F 10.0 1 10.0 R 10.0 F 10.0 0 10.0 24.849 41.93821
F 20.0 R 20.0 1 20.0 0 20.0 0 20.0 32.1605 46.17746
F 20.0 F 20.0 R 20.0 1 20.0 0 20.0 19.4095 34.31934
1 20.0 R 20.0 0 20.0 1 20.0 F 20.0 26.1671 41.880936
F 10.0 R 10.0 1 10.0 0 10.0 0 10.0 30.3706 46.485603
F 10.0 F 10.0 R 10.0 1 10.0 0 10.0 17.7332 36.101078
F 20.0 1 20.0 R 20.0 F 20.0 0 20.0 26.2793 40.602234
1 30.0 R 30.0 0 30.0 1 30.0 F 30.0 27.4729 42.845627
0 30.0 R 30.0 F 30.0 1 30.0 R 30.0 27.1279 42.073643
0 10.0 R 10.0 0 10.0 1 10.0 1 10.0 43.2367 57.22942
R 10.0 1 10.0 F 10.0 F 10.0 0 10.0 16.0078 29.575619
Mean of test: 41.098926032986114
MSE: 21.303849678638606
RMSE: 4.615609350740009
NRMSE: 0.11230486526668623
