Compile time: 0.004986468993593007
Train time: 5.020699636748759
Predict time: 0.005994514984195121
Training set simulation time: 2.9629999999999996
Total time: 7.994680620726546
Train loss: 95.76229095458984
F 20.0 1 20.0 R 20.0 R 20.0 26.6172 49.43249
F 30.0 R 30.0 0 30.0 F 30.0 27.7189 44.547455
1 10.0 0 10.0 F 10.0 R 10.0 19.7854 37.8961
0 20.0 R 20.0 1 20.0 R 20.0 22.1094 39.969196
R 20.0 R 20.0 R 20.0 F 20.0 46.5728 29.709517
F 10.0 0 10.0 0 10.0 F 10.0 19.2732 37.842556
0 20.0 F 20.0 0 20.0 F 20.0 21.3392 40.410202
F 30.0 0 30.0 0 30.0 F 30.0 21.3289 42.902924
1 20.0 R 20.0 R 20.0 0 20.0 54.4268 35.0432
Test loss: 119.73139190673828
F 30.0 F 30.0 0 30.0 F 30.0 26.2616 44.341995
0 20.0 1 20.0 R 20.0 R 20.0 27.6118 48.030872
0 30.0 F 30.0 0 30.0 F 30.0 22.5221 42.940384
1 30.0 R 30.0 R 30.0 0 30.0 55.8349 37.573383
F 30.0 R 30.0 R 30.0 R 30.0 32.8648 50.523598
1 30.0 1 30.0 R 30.0 R 30.0 27.2266 46.859604
R 10.0 R 10.0 R 10.0 0 10.0 49.55 31.111408
0 30.0 1 30.0 R 30.0 R 30.0 28.2062 50.56106
F 20.0 0 20.0 0 20.0 F 20.0 20.3841 40.372738
F 10.0 1 10.0 R 10.0 R 10.0 25.9886 46.902306
R 10.0 0 10.0 0 10.0 R 10.0 65.9803 43.1171
1 10.0 1 10.0 F 10.0 F 10.0 47.2055 29.20049
1 10.0 R 10.0 R 10.0 0 10.0 53.2005 32.51302
F 20.0 R 20.0 1 20.0 R 20.0 20.6614 41.370808
F 10.0 R 10.0 1 10.0 R 10.0 20.3647 38.840626
0 10.0 1 10.0 R 10.0 R 10.0 27.0771 45.500698
1 20.0 1 20.0 R 20.0 R 20.0 26.5717 44.329422
R 30.0 0 30.0 0 30.0 R 30.0 66.3279 48.177464
F 30.0 R 30.0 1 30.0 R 30.0 21.0066 43.90099
F 30.0 1 30.0 R 30.0 R 30.0 27.2754 51.962673
1 20.0 F 20.0 0 20.0 R 20.0 26.3096 48.487965
1 30.0 F 30.0 0 30.0 R 30.0 27.7042 51.018147
R 10.0 R 10.0 R 10.0 F 10.0 46.1121 27.179335
0 30.0 R 30.0 1 30.0 R 30.0 22.2857 42.49938
1 20.0 0 20.0 F 20.0 R 20.0 21.4132 40.426285
1 10.0 0 10.0 0 10.0 R 10.0 62.3631 44.51871
0 30.0 F 30.0 F 30.0 0 30.0 21.7543 40.249844
1 10.0 F 10.0 0 10.0 R 10.0 24.8512 45.957783
R 20.0 0 20.0 0 20.0 R 20.0 65.8715 45.64728
0 10.0 F 10.0 0 10.0 F 10.0 20.2618 37.880016
1 30.0 0 30.0 F 30.0 R 30.0 22.8945 42.956467
Mean of test: 37.570384507042256
MSE: 119.73139339182123
RMSE: 10.942184123465536
NRMSE: 0.2912449331311612
