Compile time: 0.0057141959987347946
Train time: 4.952924563855049
Predict time: 0.005957732006208971
Training set simulation time: 2.9629999999999996
Total time: 7.927596491859992
Train loss: 61.19504928588867
F 20.0 1 20.0 R 20.0 R 20.0 26.6172 46.28909
1 10.0 0 10.0 F 10.0 R 10.0 19.7854 33.950558
R 20.0 R 20.0 R 20.0 F 20.0 46.5728 28.48943
F 10.0 0 10.0 0 10.0 F 10.0 19.2732 33.944836
F 10.0 0 10.0 F 10.0 1 10.0 53.3769 36.195393
F 30.0 0 30.0 0 30.0 F 30.0 21.3289 37.241405
F 30.0 F 30.0 F 30.0 1 30.0 60.1794 40.709644
1 20.0 R 20.0 R 20.0 0 20.0 54.4268 36.795574
Test loss: 81.89947509765625
F 30.0 F 30.0 0 30.0 F 30.0 26.2616 41.689663
F 20.0 F 20.0 0 20.0 1 20.0 62.5857 45.624966
F 20.0 F 20.0 F 20.0 0 20.0 24.5726 40.389442
1 30.0 R 30.0 R 30.0 0 30.0 55.8349 38.961273
F 30.0 F 30.0 F 30.0 0 30.0 26.0007 42.55514
F 20.0 F 20.0 F 20.0 1 20.0 58.027 38.543945
R 30.0 R 30.0 R 30.0 0 30.0 51.3455 34.013027
1 30.0 1 30.0 R 30.0 R 30.0 27.2266 44.92194
R 10.0 R 10.0 R 10.0 0 10.0 49.55 29.681635
0 30.0 1 30.0 R 30.0 R 30.0 28.2062 43.506542
F 20.0 0 20.0 0 20.0 F 20.0 20.3841 35.572174
F 10.0 1 10.0 R 10.0 R 10.0 25.9886 44.123394
1 10.0 R 10.0 R 10.0 0 10.0 53.2005 34.62988
R 30.0 R 30.0 R 30.0 F 30.0 47.4296 30.655123
F 20.0 R 20.0 1 20.0 R 20.0 20.6614 39.3484
0 30.0 R 30.0 R 30.0 R 30.0 31.8432 47.309532
F 10.0 R 10.0 1 10.0 R 10.0 20.3647 37.182705
0 20.0 F 20.0 F 20.0 1 20.0 51.942 33.595707
0 20.0 F 20.0 F 20.0 0 20.0 20.4517 35.441196
F 30.0 0 30.0 F 30.0 1 30.0 56.7241 39.45007
1 20.0 1 20.0 R 20.0 R 20.0 26.5717 42.756245
F 30.0 R 30.0 1 30.0 R 30.0 21.0066 41.514095
F 30.0 1 30.0 R 30.0 R 30.0 27.2754 48.45479
1 20.0 F 20.0 0 20.0 R 20.0 26.3096 43.38013
1 30.0 F 30.0 0 30.0 R 30.0 27.7042 45.007473
0 30.0 F 30.0 F 30.0 1 30.0 53.9632 35.761402
R 10.0 R 10.0 R 10.0 F 10.0 46.1121 26.323729
F 10.0 F 10.0 F 10.0 1 10.0 56.641 36.378254
R 20.0 R 20.0 R 20.0 0 20.0 50.2911 31.84733
1 30.0 R 30.0 1 30.0 R 30.0 22.545 37.981255
F 20.0 0 20.0 F 20.0 1 20.0 54.951 37.822727
0 30.0 F 30.0 F 30.0 0 30.0 21.7543 37.6069
F 10.0 F 10.0 0 10.0 1 10.0 61.0136 43.997623
F 30.0 F 30.0 0 30.0 1 30.0 64.5199 47.2523
1 10.0 F 10.0 0 10.0 R 10.0 24.8512 41.752792
0 10.0 F 10.0 F 10.0 1 10.0 50.4151 31.43001
Mean of test: 37.570384507042256
MSE: 81.89948099723641
RMSE: 9.049833202730115
NRMSE: 0.2408767789170164
