Compile time: 0.0034329979971516877
Train time: 5.150730499110068
Predict time: 0.012457790013286285
Training set simulation time: 2.9629999999999996
Total time: 8.129621287120505
Train loss: 66.46888732910156
R 30.0 1 30.0 F 30.0 F 30.0 47.3777 33.438633
F 20.0 1 20.0 R 20.0 R 20.0 26.6172 46.31807
1 10.0 0 10.0 F 10.0 R 10.0 19.7854 34.69514
R 20.0 R 20.0 R 20.0 F 20.0 46.5728 28.28295
F 10.0 0 10.0 0 10.0 F 10.0 19.2732 35.22476
F 10.0 0 10.0 F 10.0 1 10.0 53.3769 36.4547
0 20.0 F 20.0 0 20.0 F 20.0 21.3392 35.967056
F 30.0 0 30.0 0 30.0 F 30.0 21.3289 38.711285
F 30.0 F 30.0 F 30.0 1 30.0 60.1794 41.440792
1 20.0 R 20.0 R 20.0 0 20.0 54.4268 36.099438
0 10.0 F 10.0 F 10.0 0 10.0 19.5453 33.958385
Test loss: 87.7612533569336
F 30.0 F 30.0 0 30.0 F 30.0 26.2616 42.302673
F 20.0 F 20.0 0 20.0 1 20.0 62.5857 46.32465
R 10.0 1 10.0 R 10.0 0 10.0 48.4556 33.35521
F 20.0 F 20.0 0 20.0 F 20.0 25.0182 40.1727
F 20.0 F 20.0 F 20.0 0 20.0 24.5726 40.293995
0 30.0 F 30.0 0 30.0 F 30.0 22.5221 38.097034
1 30.0 R 30.0 R 30.0 0 30.0 55.8349 38.22941
F 30.0 F 30.0 F 30.0 0 30.0 26.0007 42.42397
F 20.0 F 20.0 F 20.0 1 20.0 58.027 39.310818
R 30.0 R 30.0 R 30.0 0 30.0 51.3455 34.02377
1 30.0 1 30.0 R 30.0 R 30.0 27.2266 44.448467
R 10.0 R 10.0 R 10.0 0 10.0 49.55 29.763823
0 30.0 1 30.0 R 30.0 R 30.0 28.2062 44.242405
F 20.0 0 20.0 0 20.0 F 20.0 20.3841 36.95199
F 10.0 1 10.0 R 10.0 R 10.0 25.9886 44.1881
1 10.0 R 10.0 R 10.0 0 10.0 53.2005 33.969467
R 30.0 R 30.0 R 30.0 F 30.0 47.4296 30.41292
F 20.0 R 20.0 1 20.0 R 20.0 20.6614 39.237137
0 30.0 R 30.0 R 30.0 R 30.0 31.8432 48.419735
F 10.0 R 10.0 1 10.0 R 10.0 20.3647 37.107162
0 20.0 F 20.0 F 20.0 1 20.0 51.942 35.10518
0 20.0 F 20.0 F 20.0 0 20.0 20.4517 36.088356
F 30.0 0 30.0 F 30.0 1 30.0 56.7241 39.909176
1 20.0 1 20.0 R 20.0 R 20.0 26.5717 42.318493
F 30.0 R 30.0 1 30.0 R 30.0 21.0066 41.367107
F 30.0 1 30.0 R 30.0 R 30.0 27.2754 48.448044
1 20.0 F 20.0 0 20.0 R 20.0 26.3096 44.565094
1 30.0 F 30.0 0 30.0 R 30.0 27.7042 46.292328
0 30.0 F 30.0 F 30.0 1 30.0 53.9632 37.235153
R 10.0 R 10.0 R 10.0 F 10.0 46.1121 26.152975
F 10.0 F 10.0 F 10.0 1 10.0 56.641 37.180843
R 20.0 R 20.0 R 20.0 0 20.0 50.2911 31.893793
1 20.0 0 20.0 F 20.0 R 20.0 21.4132 36.422382
0 20.0 R 20.0 R 20.0 R 20.0 31.0262 46.6925
F 20.0 0 20.0 F 20.0 1 20.0 54.951 38.181934
0 30.0 F 30.0 F 30.0 0 30.0 21.7543 38.218327
R 10.0 R 10.0 1 10.0 0 10.0 41.9045 26.274273
F 10.0 F 10.0 0 10.0 1 10.0 61.0136 44.597416
F 30.0 F 30.0 0 30.0 1 30.0 64.5199 48.051888
1 10.0 F 10.0 0 10.0 R 10.0 24.8512 42.837856
0 10.0 F 10.0 F 10.0 1 10.0 50.4151 32.97521
1 30.0 0 30.0 F 30.0 R 30.0 22.8945 38.149616
Mean of test: 37.570384507042256
MSE: 87.76125237373168
RMSE: 9.36809758562173
NRMSE: 0.24934792945400272
