Compile time: 0.003694468003232032
Train time: 331.0036923541047
Predict time: 0.32923852300154977
Training set simulation time: 420.98900000000003
Total time: 752.3256253451095
Train loss: 22.098026275634766
R 10.0 R 10.0 1 10.0 0 10.0 1 10.0 F 10.0 0 10.0 17.4736 39.97994
R 20.0 R 20.0 F 20.0 R 20.0 F 20.0 F 20.0 F 20.0 11.9802 32.696968
1 30.0 F 30.0 R 30.0 0 30.0 F 30.0 0 30.0 1 30.0 27.6278 54.711067
F 30.0 R 30.0 F 30.0 F 30.0 F 30.0 R 30.0 R 30.0 115.073 134.70798
1 10.0 F 10.0 R 10.0 1 10.0 R 10.0 0 10.0 0 10.0 109.584 136.95515
R 10.0 R 10.0 F 10.0 R 10.0 F 10.0 F 10.0 F 10.0 9.29648 30.753727
R 10.0 1 10.0 0 10.0 0 10.0 R 10.0 F 10.0 1 10.0 59.6977 79.67857
1 30.0 1 30.0 F 30.0 R 30.0 0 30.0 F 30.0 0 30.0 137.986 165.57092
Test loss: 30.560375213623047
F 30.0 R 30.0 R 30.0 F 30.0 R 30.0 F 30.0 F 30.0 88.4863 118.293076
F 30.0 R 30.0 0 30.0 1 30.0 R 30.0 F 30.0 F 30.0 88.6013 119.04352
1 20.0 R 20.0 0 20.0 1 20.0 0 20.0 F 20.0 F 20.0 93.1298 127.21014
F 20.0 0 20.0 0 20.0 1 20.0 R 20.0 F 20.0 1 20.0 65.6189 100.98629
1 10.0 0 10.0 1 10.0 F 10.0 F 10.0 0 10.0 R 10.0 27.715 69.785545
F 30.0 0 30.0 0 30.0 1 30.0 R 30.0 F 30.0 1 30.0 67.2394 102.111336
F 10.0 0 10.0 0 10.0 1 10.0 R 10.0 F 10.0 1 10.0 63.8296 99.8613
1 30.0 0 30.0 1 30.0 R 30.0 0 30.0 0 30.0 F 30.0 112.837 147.22144
1 30.0 F 30.0 1 30.0 0 30.0 0 30.0 F 30.0 R 30.0 33.0517 66.08182
1 30.0 R 30.0 0 30.0 1 30.0 0 30.0 F 30.0 F 30.0 94.6953 128.8628
1 30.0 1 30.0 0 30.0 R 30.0 F 30.0 0 30.0 F 30.0 131.498 162.6507
1 30.0 0 30.0 1 30.0 F 30.0 F 30.0 0 30.0 R 30.0 30.5179 72.283104
1 20.0 0 20.0 1 20.0 F 20.0 F 20.0 0 20.0 R 20.0 29.1258 71.03795
1 10.0 F 10.0 1 10.0 0 10.0 0 10.0 F 10.0 R 10.0 30.0261 63.417164
1 20.0 0 20.0 1 20.0 R 20.0 0 20.0 0 20.0 F 20.0 110.449 145.25359
1 10.0 R 10.0 0 10.0 1 10.0 0 10.0 F 10.0 F 10.0 91.2261 125.55746
1 20.0 F 20.0 1 20.0 0 20.0 0 20.0 F 20.0 R 20.0 31.5479 64.749504
1 10.0 0 10.0 1 10.0 R 10.0 0 10.0 0 10.0 F 10.0 107.646 142.85593
Mean of test: 96.45534201590736
MSE: 30.560389461715282
RMSE: 5.528145209897736
NRMSE: 0.05731300200030432
