Compile time: 0.0031765509920660406
Train time: 337.1599551695399
Predict time: 0.3299614181742072
Training set simulation time: 420.98900000000003
Total time: 758.4820931387062
Train loss: 21.799434661865234
1 30.0 F 30.0 R 30.0 0 30.0 F 30.0 0 30.0 1 30.0 27.6278 51.90612
1 20.0 R 20.0 1 20.0 1 20.0 F 20.0 0 20.0 0 20.0 125.733 151.9825
R 10.0 R 10.0 F 10.0 R 10.0 F 10.0 F 10.0 F 10.0 9.29648 28.7924
F 10.0 R 10.0 F 10.0 0 10.0 0 10.0 0 10.0 F 10.0 31.7379 12.314047
1 20.0 R 20.0 1 20.0 0 20.0 0 20.0 R 20.0 F 20.0 51.2384 71.99332
1 30.0 1 30.0 R 30.0 R 30.0 F 30.0 0 30.0 0 30.0 120.13 139.09262
Test loss: 30.73954963684082
F 10.0 R 10.0 1 10.0 0 10.0 0 10.0 R 10.0 F 10.0 53.362 96.41537
F 20.0 R 20.0 1 20.0 R 20.0 0 20.0 0 20.0 1 20.0 55.0315 111.4014
F 10.0 R 10.0 1 10.0 R 10.0 0 10.0 0 10.0 1 10.0 53.5327 112.06935
F 30.0 R 30.0 1 30.0 R 30.0 0 30.0 0 30.0 1 30.0 56.2157 110.73347
Mean of test: 96.45534201590736
MSE: 30.73954194673843
RMSE: 5.544325202108768
NRMSE: 0.05748074794234207
