Compile time: 0.0037907359946984798
Train time: 327.03432999015786
Predict time: 0.33083258170518093
Training set simulation time: 420.98900000000003
Total time: 748.3579533078578
Train loss: 21.35957908630371
1 30.0 0 30.0 1 30.0 0 30.0 R 30.0 0 30.0 F 30.0 107.459 128.93188
1 30.0 F 30.0 R 30.0 0 30.0 F 30.0 0 30.0 1 30.0 27.6278 57.12149
F 10.0 R 10.0 0 10.0 F 10.0 0 10.0 1 10.0 1 10.0 82.018 103.127106
F 20.0 0 20.0 1 20.0 R 20.0 R 20.0 0 20.0 F 20.0 41.4511 62.837463
0 20.0 R 20.0 R 20.0 F 20.0 1 20.0 0 20.0 0 20.0 173.933 153.01198
Test loss: 30.58023452758789
F 10.0 R 10.0 1 10.0 0 10.0 0 10.0 R 10.0 F 10.0 53.362 94.81576
1 10.0 0 10.0 1 10.0 F 10.0 F 10.0 0 10.0 R 10.0 27.715 80.74343
1 30.0 0 30.0 1 30.0 F 30.0 F 30.0 0 30.0 R 30.0 30.5179 80.90257
1 20.0 0 20.0 1 20.0 F 20.0 F 20.0 0 20.0 R 20.0 29.1258 80.82301
1 10.0 F 10.0 1 10.0 0 10.0 0 10.0 F 10.0 R 10.0 30.0261 69.4477
F 20.0 R 20.0 1 20.0 0 20.0 0 20.0 R 20.0 F 20.0 55.6417 94.83234
1 20.0 F 20.0 1 20.0 0 20.0 0 20.0 F 20.0 R 20.0 31.5479 69.47551
Mean of test: 96.45534201590736
MSE: 30.58023673911459
RMSE: 5.529940030336187
NRMSE: 0.05733160978708875
