Compile time: 0.0047235949896276
Train time: 16.65863602072932
Predict time: 0.022241261962335557
Training set simulation time: 12.330000000000002
Total time: 29.015600877681283
Train loss: 3.3264214992523193
Test loss: 14.09423542022705
1 10.0 R 10.0 0 10.0 R 10.0 F 10.0 44.0416 57.76932
1 10.0 F 10.0 0 10.0 1 10.0 R 10.0 15.2081 28.204338
F 30.0 0 30.0 1 30.0 F 30.0 0 30.0 43.8213 31.735476
1 10.0 R 10.0 0 10.0 1 10.0 F 10.0 25.2104 37.2817
1 10.0 1 10.0 0 10.0 R 10.0 F 10.0 32.6418 48.969036
1 10.0 1 10.0 0 10.0 R 10.0 0 10.0 62.836 75.20752
1 20.0 1 20.0 0 20.0 R 20.0 F 20.0 33.1865 46.71775
F 30.0 F 30.0 1 30.0 0 30.0 0 30.0 46.6616 32.768486
F 20.0 F 20.0 1 20.0 0 20.0 0 20.0 45.7199 31.58716
F 10.0 F 10.0 1 10.0 0 10.0 0 10.0 44.5618 31.141973
Mean of test: 41.231520824652776
MSE: 14.09423819206728
RMSE: 3.7542293739284602
NRMSE: 0.09105241084592168
