Compile time: 0.003868804997182451
Train time: 6.300961322223884
Predict time: 0.00830641103675589
Training set simulation time: 3.2270000000000003
Total time: 9.540136538257823
Train loss: 59.1821174621582
1 20.0 0 20.0 R 20.0 R 20.0 57.582 37.833096
1 30.0 R 30.0 0 30.0 F 30.0 16.8979 35.730366
1 10.0 F 10.0 0 10.0 R 10.0 14.1747 35.329605
1 20.0 F 20.0 0 20.0 R 20.0 15.7419 36.458374
Test loss: 74.36552429199219
1 20.0 R 20.0 0 20.0 F 20.0 15.2477 34.601597
1 30.0 1 30.0 R 30.0 R 30.0 20.6451 38.19356
R 10.0 0 10.0 R 10.0 1 10.0 53.1504 32.56357
R 30.0 0 30.0 R 30.0 R 30.0 58.7247 37.39948
1 30.0 F 30.0 0 30.0 R 30.0 17.1993 37.587147
1 30.0 0 30.0 R 30.0 R 30.0 57.3814 38.961864
R 20.0 0 20.0 R 20.0 1 20.0 53.0741 33.69234
R 10.0 0 10.0 R 10.0 R 10.0 59.5082 35.14194
R 20.0 0 20.0 0 20.0 R 20.0 56.5303 38.29316
R 30.0 0 30.0 0 30.0 R 30.0 56.9554 39.421932
1 10.0 R 10.0 0 10.0 F 10.0 13.1011 33.47282
1 10.0 0 10.0 R 10.0 R 10.0 57.8005 36.704323
R 10.0 0 10.0 0 10.0 R 10.0 56.7721 37.16439
R 30.0 0 30.0 R 30.0 1 30.0 53.2543 34.82111
R 20.0 0 20.0 R 20.0 R 20.0 58.803 36.27071
Mean of test: 30.886204832713755
MSE: 74.36553293683933
RMSE: 8.623545264961466
NRMSE: 0.2792037840734535
