Compile time: 0.008406431996263564
Train time: 6.479459267386119
Predict time: 0.005940735049080104
Training set simulation time: 3.2270000000000003
Total time: 9.720806434431463
Train loss: 59.848045349121094
F 20.0 R 20.0 0 20.0 R 20.0 50.9575 36.07289
1 20.0 0 20.0 R 20.0 R 20.0 57.582 37.427273
1 30.0 R 30.0 0 30.0 F 30.0 16.8979 35.67821
1 10.0 F 10.0 0 10.0 R 10.0 14.1747 34.94781
1 20.0 F 20.0 0 20.0 R 20.0 15.7419 36.121323
Test loss: 74.81465148925781
1 20.0 R 20.0 0 20.0 F 20.0 15.2477 34.5047
R 10.0 0 10.0 R 10.0 1 10.0 53.1504 32.161037
R 30.0 0 30.0 R 30.0 R 30.0 58.7247 37.079235
1 30.0 F 30.0 0 30.0 R 30.0 17.1993 37.294834
1 30.0 0 30.0 R 30.0 R 30.0 57.3814 38.600784
R 20.0 0 20.0 R 20.0 1 20.0 53.0741 33.33455
R 10.0 0 10.0 R 10.0 R 10.0 59.5082 34.73221
R 20.0 0 20.0 0 20.0 R 20.0 56.5303 38.00814
R 30.0 0 30.0 0 30.0 R 30.0 56.9554 39.181183
1 10.0 R 10.0 0 10.0 F 10.0 13.1011 33.33119
1 10.0 0 10.0 R 10.0 R 10.0 57.8005 36.25376
R 10.0 0 10.0 0 10.0 R 10.0 56.7721 36.834625
R 30.0 0 30.0 R 30.0 1 30.0 53.2543 34.508064
R 20.0 0 20.0 R 20.0 R 20.0 58.803 35.905716
Mean of test: 30.886204832713755
MSE: 74.81465339626189
RMSE: 8.649546427198475
NRMSE: 0.28004562146907513
