Compile time: 0.0052483759936876595
Train time: 6.3440426541055785
Predict time: 0.005984414994600229
Training set simulation time: 3.2270000000000003
Total time: 9.582275445093867
Train loss: 32.6761360168457
1 20.0 0 20.0 R 20.0 R 20.0 57.582 44.937862
1 10.0 F 10.0 0 10.0 R 10.0 14.1747 30.256426
1 20.0 F 20.0 0 20.0 R 20.0 15.7419 30.929642
0 30.0 R 30.0 0 30.0 1 30.0 46.1073 31.80567
R 30.0 R 30.0 R 30.0 R 30.0 30.2092 44.212875
Test loss: 54.370079040527344
R 10.0 0 10.0 R 10.0 1 10.0 53.1504 34.836666
R 30.0 0 30.0 R 30.0 R 30.0 58.7247 42.269764
1 10.0 R 10.0 R 10.0 R 10.0 30.0281 46.45172
1 30.0 F 30.0 0 30.0 R 30.0 17.1993 31.939154
0 20.0 R 20.0 0 20.0 1 20.0 45.5421 30.796156
R 20.0 0 20.0 R 20.0 1 20.0 53.0741 35.71786
R 30.0 0 30.0 1 30.0 R 30.0 47.9748 31.577162
0 30.0 R 30.0 R 30.0 F 30.0 36.4067 19.666553
1 30.0 R 30.0 R 30.0 R 30.0 31.8513 47.356407
R 10.0 0 10.0 R 10.0 R 10.0 59.5082 41.365078
0 10.0 R 10.0 R 10.0 F 10.0 34.0439 17.904165
0 10.0 R 10.0 0 10.0 1 10.0 45.0113 29.786642
0 20.0 R 20.0 R 20.0 F 20.0 35.0209 18.78536
R 10.0 R 10.0 R 10.0 R 10.0 29.2167 43.308193
R 20.0 R 20.0 R 20.0 R 20.0 29.5089 43.760532
R 20.0 0 20.0 0 20.0 R 20.0 56.5303 43.39514
R 10.0 0 10.0 1 10.0 R 10.0 47.7814 30.672476
R 20.0 0 20.0 1 20.0 R 20.0 47.505 31.124819
1 20.0 R 20.0 R 20.0 R 20.0 30.8327 46.904064
1 10.0 R 10.0 0 10.0 F 10.0 13.1011 26.73945
1 10.0 0 10.0 R 10.0 R 10.0 57.8005 44.322254
R 10.0 0 10.0 0 10.0 R 10.0 56.7721 42.779533
R 30.0 0 30.0 R 30.0 1 30.0 53.2543 36.599056
R 20.0 0 20.0 R 20.0 R 20.0 58.803 41.81742
Mean of test: 30.886204832713755
MSE: 54.37007708397196
RMSE: 7.373606789351596
NRMSE: 0.23873463344844784
