Compile time: 0.0037721129920100793
Train time: 2.1761540852021426
Predict time: 0.002324140994460322
Training set simulation time: 0.8400000000000001
Total time: 3.022250339188613
Train loss: 64.51185607910156
1 30.0 R 30.0 R 30.0 27.1273 43.99871
R 20.0 1 20.0 0 20.0 55.5529 42.865444
R 20.0 R 20.0 0 20.0 62.2407 48.193695
1 20.0 R 20.0 R 20.0 26.4451 39.64691
Test loss: 117.00357055664062
R 10.0 R 10.0 0 10.0 62.8203 43.840496
R 30.0 R 30.0 1 30.0 21.0988 44.989967
R 20.0 R 20.0 1 20.0 20.7099 40.638172
F 30.0 0 30.0 F 30.0 18.6205 37.041912
R 10.0 1 10.0 0 10.0 55.8246 38.51365
Mean of test: 32.79708529411764
MSE: 117.00356260061217
RMSE: 10.816818506409922
NRMSE: 0.32981035995750463
