Compile time: 0.0036998059949837625
Train time: 2.25517148624931
Predict time: 0.0023310380056500435
Training set simulation time: 0.8400000000000001
Total time: 3.1012023302499436
Train loss: 59.71894454956055
1 30.0 R 30.0 R 30.0 27.1273 42.586582
R 20.0 1 20.0 0 20.0 55.5529 43.444977
F 20.0 F 20.0 0 20.0 17.8624 29.86882
R 20.0 R 20.0 0 20.0 62.2407 50.01997
Test loss: 118.55764770507812
F 30.0 R 30.0 F 30.0 29.7723 46.30556
0 30.0 F 30.0 F 30.0 17.5963 35.085567
F 20.0 0 20.0 F 20.0 16.9318 34.21139
R 10.0 R 10.0 0 10.0 62.8203 45.853603
R 30.0 R 30.0 1 30.0 21.0988 43.636967
R 20.0 R 20.0 1 20.0 20.7099 39.470604
F 30.0 0 30.0 F 30.0 18.6205 38.37752
R 10.0 1 10.0 0 10.0 55.8246 39.278614
Mean of test: 32.79708529411764
MSE: 118.55764822094649
RMSE: 10.88841807706457
NRMSE: 0.331993467694444
