Compile time: 0.0031865899945842102
Train time: 69.63442346679221
Predict time: 0.08686483188648708
Training set simulation time: 77.281
Total time: 147.0054748886733
Train loss: 12.803733825683594
1 20.0 R 20.0 0 20.0 1 20.0 0 20.0 F 20.0 69.1028 105.15969
Test loss: 39.17830276489258
R 20.0 1 20.0 0 20.0 1 20.0 0 20.0 F 20.0 24.3841 65.2604
R 30.0 R 30.0 0 30.0 1 30.0 0 30.0 F 30.0 69.0598 98.438774
1 30.0 1 30.0 0 30.0 R 30.0 0 30.0 0 30.0 170.678 136.3581
1 20.0 1 20.0 0 20.0 R 20.0 0 20.0 0 20.0 169.801 134.44312
1 10.0 1 10.0 0 10.0 R 10.0 0 10.0 0 10.0 168.673 132.5281
R 10.0 R 10.0 0 10.0 1 10.0 0 10.0 F 10.0 67.275 96.52907
1 30.0 R 30.0 0 30.0 1 30.0 0 30.0 F 30.0 70.3912 107.71136
R 20.0 R 20.0 0 20.0 1 20.0 0 20.0 F 20.0 67.8912 97.50541
R 10.0 1 10.0 0 10.0 1 10.0 0 10.0 F 10.0 22.6012 63.111115
1 20.0 R 20.0 F 20.0 0 20.0 1 20.0 0 20.0 107.094 142.67464
R 30.0 1 30.0 0 30.0 1 30.0 0 30.0 F 30.0 26.5119 67.42809
1 10.0 R 10.0 F 10.0 0 10.0 1 10.0 0 10.0 106.81 141.86278
1 30.0 R 30.0 F 30.0 0 30.0 1 30.0 0 30.0 107.519 143.39525
0 10.0 R 10.0 0 10.0 F 10.0 1 10.0 F 10.0 102.235 73.0002
1 10.0 R 10.0 0 10.0 1 10.0 0 10.0 F 10.0 67.7877 102.60797
Mean of test: 91.88197772113291
MSE: 39.17829894885501
RMSE: 6.25925706045494
NRMSE: 0.06812279421599027
