Compile time: 0.005256928998278454
Train time: 69.85314306318469
Predict time: 0.08676859401748516
Training set simulation time: 77.281
Total time: 147.22616858620046
Train loss: 20.614696502685547
1 20.0 R 20.0 0 20.0 1 20.0 0 20.0 F 20.0 69.1028 100.75833
Test loss: 45.044960021972656
R 20.0 1 20.0 0 20.0 1 20.0 0 20.0 F 20.0 24.3841 59.475986
1 30.0 R 30.0 R 30.0 F 30.0 0 30.0 F 30.0 55.8904 83.70401
R 20.0 1 20.0 R 20.0 0 20.0 F 20.0 F 20.0 44.4341 73.96412
R 10.0 1 10.0 R 10.0 F 10.0 0 10.0 F 10.0 6.59913 31.759258
R 20.0 1 20.0 R 20.0 F 20.0 F 20.0 0 20.0 41.9796 69.35816
1 20.0 R 20.0 0 20.0 F 20.0 R 20.0 F 20.0 39.7164 64.66578
1 10.0 R 10.0 F 10.0 R 10.0 F 10.0 0 10.0 151.003 116.6472
R 30.0 1 30.0 R 30.0 F 30.0 F 30.0 0 30.0 43.7928 68.637505
1 10.0 R 10.0 R 10.0 F 10.0 0 10.0 F 10.0 54.3135 86.49273
1 30.0 F 30.0 R 30.0 0 30.0 1 30.0 0 30.0 132.905 158.52339
1 20.0 R 20.0 R 20.0 F 20.0 0 20.0 F 20.0 55.3657 83.83151
1 30.0 1 30.0 0 30.0 R 30.0 0 30.0 0 30.0 170.678 142.52867
1 20.0 1 20.0 0 20.0 R 20.0 0 20.0 0 20.0 169.801 141.04747
1 10.0 1 10.0 0 10.0 R 10.0 0 10.0 0 10.0 168.673 139.56625
0 30.0 1 30.0 0 30.0 F 30.0 1 30.0 1 30.0 54.2051 83.54406
1 30.0 R 30.0 0 30.0 1 30.0 0 30.0 F 30.0 70.3912 103.37126
1 30.0 R 30.0 F 30.0 R 30.0 F 30.0 0 30.0 151.826 119.71506
R 10.0 1 10.0 R 10.0 0 10.0 F 10.0 F 10.0 43.5468 72.50884
R 30.0 1 30.0 R 30.0 0 30.0 F 30.0 F 30.0 45.5043 74.37542
1 20.0 R 20.0 F 20.0 R 20.0 F 20.0 0 20.0 151.454 118.181145
R 10.0 1 10.0 0 10.0 1 10.0 0 10.0 F 10.0 22.6012 57.51781
R 10.0 1 10.0 0 10.0 R 10.0 F 10.0 0 10.0 137.332 111.91388
1 10.0 R 10.0 0 10.0 F 10.0 R 10.0 F 10.0 39.4694 67.96164
1 30.0 R 30.0 0 30.0 F 30.0 R 30.0 F 30.0 40.2991 65.51034
R 30.0 1 30.0 0 30.0 1 30.0 0 30.0 F 30.0 26.5119 61.434135
R 10.0 1 10.0 R 10.0 F 10.0 F 10.0 0 10.0 39.8509 71.86203
1 20.0 F 20.0 R 20.0 0 20.0 1 20.0 0 20.0 132.038 156.94518
0 20.0 1 20.0 0 20.0 F 20.0 1 20.0 1 20.0 53.8929 80.15016
1 10.0 R 10.0 0 10.0 1 10.0 0 10.0 F 10.0 67.7877 99.180275
Mean of test: 91.88197772113291
MSE: 45.04498058818446
RMSE: 6.711555750210562
NRMSE: 0.07304539929016896
