Compile time: 0.003438935993472114
Train time: 69.96649311698275
Predict time: 0.0880327140330337
Training set simulation time: 77.281
Total time: 147.33896476700926
Train loss: 22.410722732543945
1 30.0 F 30.0 R 30.0 F 30.0 0 30.0 0 30.0 158.465 143.60405
R 20.0 0 20.0 R 20.0 F 20.0 1 20.0 F 20.0 190.226 173.5883
F 30.0 1 30.0 1 30.0 R 30.0 0 30.0 0 30.0 61.4947 77.07676
1 20.0 R 20.0 0 20.0 1 20.0 0 20.0 F 20.0 69.1028 88.97484
Test loss: 43.84307098388672
R 20.0 1 20.0 0 20.0 1 20.0 0 20.0 F 20.0 24.3841 58.23273
1 30.0 R 30.0 R 30.0 F 30.0 0 30.0 F 30.0 55.8904 91.20495
1 20.0 1 20.0 0 20.0 R 20.0 0 20.0 F 20.0 130.165 97.70899
1 20.0 R 20.0 0 20.0 F 20.0 R 20.0 F 20.0 39.7164 82.12181
1 10.0 R 10.0 R 10.0 F 10.0 0 10.0 F 10.0 54.3135 91.58407
1 20.0 R 20.0 R 20.0 F 20.0 0 20.0 F 20.0 55.3657 91.89238
1 30.0 1 30.0 0 30.0 R 30.0 0 30.0 0 30.0 170.678 139.49547
1 20.0 1 20.0 0 20.0 R 20.0 0 20.0 0 20.0 169.801 138.54153
1 10.0 1 10.0 0 10.0 R 10.0 0 10.0 0 10.0 168.673 137.89438
1 30.0 1 30.0 0 30.0 R 30.0 0 30.0 F 30.0 130.83 100.117645
R 10.0 1 10.0 0 10.0 1 10.0 0 10.0 F 10.0 22.6012 55.43405
1 10.0 R 10.0 0 10.0 F 10.0 R 10.0 F 10.0 39.4694 81.34287
1 10.0 1 10.0 0 10.0 R 10.0 0 10.0 F 10.0 128.668 94.96513
1 30.0 R 30.0 0 30.0 F 30.0 R 30.0 F 30.0 40.2991 82.45678
R 30.0 1 30.0 0 30.0 1 30.0 0 30.0 F 30.0 26.5119 61.0314
R 10.0 1 10.0 R 10.0 F 10.0 F 10.0 0 10.0 39.8509 72.15266
Mean of test: 91.88197772113291
MSE: 43.84306401749576
RMSE: 6.621409518938982
NRMSE: 0.07206429033379474
