Compile time: 0.003387067001312971
Train time: 2.3005320702359313
Predict time: 0.0022919329785509035
Training set simulation time: 0.887
Total time: 3.193211070215795
Train loss: 80.88124084472656
R 30.0 R 30.0 1 30.0 21.0988 41.03119
1 20.0 R 20.0 R 20.0 26.4451 44.004196
R 30.0 R 30.0 0 30.0 62.1427 43.392082
R 20.0 R 20.0 0 20.0 62.2407 42.622154
Test loss: 89.10274505615234
R 20.0 R 20.0 1 20.0 20.7099 40.261265
R 10.0 1 10.0 R 10.0 27.2139 45.909855
0 30.0 R 30.0 R 30.0 47.6334 30.030548
R 30.0 1 30.0 R 30.0 29.0728 47.449707
R 20.0 1 20.0 R 20.0 27.9856 46.679787
0 10.0 R 10.0 R 10.0 47.3727 28.491184
R 10.0 R 10.0 1 10.0 20.4953 39.506016
0 20.0 R 20.0 R 20.0 47.2724 29.260622
1 10.0 R 10.0 R 10.0 25.8023 43.234272
R 10.0 R 10.0 0 10.0 62.8203 41.859516
1 30.0 R 30.0 R 30.0 27.1273 44.774124
Mean of test: 33.114598529411765
MSE: 89.1027473854419
RMSE: 9.439425161811597
NRMSE: 0.2850532871001796
