Compile time: 0.005550996007514186
Train time: 2.4439168745011557
Predict time: 0.0022705660085193813
Training set simulation time: 0.887
Total time: 3.3387384365171893
Train loss: 85.54145050048828
R 30.0 R 30.0 1 30.0 21.0988 42.548695
1 20.0 R 20.0 R 20.0 26.4451 44.000683
R 30.0 R 30.0 0 30.0 62.1427 42.79001
R 20.0 R 20.0 0 20.0 62.2407 41.62419
Test loss: 91.72955322265625
R 20.0 R 20.0 1 20.0 20.7099 41.382874
R 10.0 1 10.0 R 10.0 27.2139 45.4519
0 30.0 R 30.0 R 30.0 47.6334 29.665682
R 30.0 1 30.0 R 30.0 29.0728 47.78354
R 20.0 1 20.0 R 20.0 27.9856 46.617718
0 10.0 R 10.0 R 10.0 47.3727 27.317312
R 10.0 R 10.0 1 10.0 20.4953 40.217056
0 20.0 R 20.0 R 20.0 47.2724 28.510588
1 10.0 R 10.0 R 10.0 25.8023 42.834866
R 10.0 R 10.0 0 10.0 62.8203 40.45837
1 30.0 R 30.0 R 30.0 27.1273 45.166504
Mean of test: 33.114598529411765
MSE: 91.7295594354667
RMSE: 9.57755498211661
NRMSE: 0.28922455374508027
