Compile time: 0.0042530029895715415
Train time: 2.095944774177042
Predict time: 0.00234894898312632
Training set simulation time: 0.887
Total time: 2.9895467261497397
Train loss: 61.472633361816406
R 30.0 R 30.0 1 30.0 21.0988 34.3429
1 20.0 R 20.0 R 20.0 26.4451 41.538925
R 30.0 R 30.0 0 30.0 62.1427 47.022285
R 20.0 R 20.0 0 20.0 62.2407 47.357277
R 20.0 R 20.0 R 20.0 29.5082 43.508327
Test loss: 81.26104736328125
R 20.0 R 20.0 1 20.0 20.7099 34.67789
R 10.0 1 10.0 R 10.0 27.2139 45.77677
F 30.0 F 30.0 0 30.0 19.1395 33.840935
F 10.0 F 10.0 0 10.0 16.6884 34.51745
R 30.0 1 30.0 R 30.0 29.0728 45.106792
R 20.0 1 20.0 R 20.0 27.9856 45.44178
F 20.0 F 20.0 0 20.0 17.8624 34.182457
R 10.0 R 10.0 R 10.0 29.215 43.835453
R 10.0 R 10.0 1 10.0 20.4953 35.011166
1 10.0 R 10.0 R 10.0 25.8023 41.86876
R 10.0 R 10.0 0 10.0 62.8203 47.692265
1 30.0 R 30.0 R 30.0 27.1273 41.20393
Mean of test: 33.114598529411765
MSE: 81.26104331481946
RMSE: 9.014490740736242
NRMSE: 0.27222104875376163
