Compile time: 0.004990524001186714
Train time: 84.15899503711262
Predict time: 0.08079159093904309
Training set simulation time: 92.57500000000002
Total time: 176.81977715205286
Train loss: 32.72855758666992
F 30.0 R 30.0 1 30.0 R 30.0 R 30.0 R 30.0 70.2529 94.11592
F 30.0 R 30.0 1 30.0 R 30.0 1 30.0 R 30.0 67.5503 91.10667
0 30.0 R 30.0 F 30.0 1 30.0 F 30.0 R 30.0 37.5399 64.11058
0 30.0 0 30.0 0 30.0 R 30.0 1 30.0 1 30.0 145.595 169.42815
R 20.0 0 20.0 1 20.0 F 20.0 1 20.0 F 20.0 185.291 212.06793
R 10.0 0 10.0 R 10.0 F 10.0 1 10.0 F 10.0 189.895 157.76872
1 30.0 R 30.0 0 30.0 1 30.0 0 30.0 F 30.0 70.3912 95.015915
0 20.0 1 20.0 R 20.0 1 20.0 R 20.0 F 20.0 32.9681 55.715187
0 20.0 0 20.0 R 20.0 R 20.0 1 20.0 F 20.0 89.257 115.91507
F 30.0 0 30.0 R 30.0 1 30.0 R 30.0 F 30.0 66.3028 96.58612
Test loss: 82.45999145507812
0 30.0 0 30.0 R 30.0 1 30.0 R 30.0 F 30.0 66.0856 97.75345
1 10.0 0 10.0 1 10.0 0 10.0 1 10.0 F 10.0 167.684 204.8013
F 20.0 0 20.0 R 20.0 1 20.0 R 20.0 F 20.0 65.4986 95.07145
R 30.0 0 30.0 R 30.0 F 30.0 1 30.0 F 30.0 190.593 159.09737
F 10.0 1 10.0 0 10.0 0 10.0 1 10.0 0 10.0 87.4854 60.104828
R 30.0 1 30.0 1 30.0 F 30.0 0 30.0 0 30.0 35.4295 63.00892
1 20.0 0 20.0 1 20.0 F 20.0 1 20.0 0 20.0 185.194 216.09715
0 30.0 F 30.0 R 30.0 1 30.0 R 30.0 F 30.0 32.2381 63.77027
R 20.0 0 20.0 R 20.0 F 20.0 1 20.0 F 20.0 190.226 158.43304
1 30.0 0 30.0 1 30.0 0 30.0 1 30.0 F 30.0 168.068 206.25621
F 30.0 1 30.0 F 30.0 R 30.0 0 30.0 R 30.0 29.5543 61.343025
0 20.0 F 20.0 R 20.0 1 20.0 R 20.0 F 20.0 31.06 60.273994
F 20.0 1 20.0 F 20.0 R 20.0 0 20.0 R 20.0 28.0944 61.324276
0 10.0 R 10.0 F 10.0 1 10.0 F 10.0 R 10.0 35.1515 62.561005
1 30.0 1 30.0 0 30.0 0 30.0 F 30.0 R 30.0 91.2723 118.445526
R 10.0 1 10.0 1 10.0 F 10.0 0 10.0 0 10.0 32.6643 63.112385
R 30.0 1 30.0 0 30.0 1 30.0 0 30.0 F 30.0 26.5119 57.038147
0 10.0 0 10.0 F 10.0 1 10.0 F 10.0 R 10.0 33.1338 60.21176
0 20.0 R 20.0 F 20.0 1 20.0 F 20.0 R 20.0 36.1129 63.335777
0 30.0 R 30.0 F 30.0 1 30.0 1 30.0 0 30.0 65.0596 92.408394
F 10.0 1 10.0 1 10.0 R 10.0 0 10.0 0 10.0 60.3105 88.87902
1 10.0 0 10.0 1 10.0 F 10.0 1 10.0 0 10.0 185.883 213.32138
R 20.0 1 20.0 0 20.0 1 20.0 0 20.0 F 20.0 24.3841 56.741077
0 10.0 R 10.0 F 10.0 1 10.0 1 10.0 0 10.0 61.1694 90.98565
0 10.0 F 10.0 1 10.0 1 10.0 R 10.0 0 10.0 72.047 99.30459
1 30.0 0 30.0 1 30.0 F 30.0 1 30.0 0 30.0 185.128 218.87296
0 20.0 F 20.0 1 20.0 1 20.0 R 20.0 0 20.0 72.6941 101.19191
0 30.0 F 30.0 1 30.0 1 30.0 R 30.0 0 30.0 73.5062 103.079185
R 10.0 1 10.0 0 10.0 1 10.0 0 10.0 F 10.0 22.6012 56.44402
F 10.0 1 10.0 F 10.0 R 10.0 0 10.0 R 10.0 26.5262 60.960426
R 20.0 1 20.0 1 20.0 F 20.0 0 20.0 0 20.0 33.9694 63.060646
1 10.0 1 10.0 0 10.0 0 10.0 F 10.0 R 10.0 87.3217 114.93602
F 10.0 0 10.0 R 10.0 1 10.0 R 10.0 F 10.0 65.1405 93.55679
0 20.0 R 20.0 F 20.0 1 20.0 1 20.0 0 20.0 63.2681 91.697
0 20.0 0 20.0 R 20.0 1 20.0 R 20.0 F 20.0 65.5097 95.123795
1 20.0 0 20.0 1 20.0 0 20.0 1 20.0 F 20.0 167.796 205.65411
F 20.0 1 20.0 1 20.0 R 20.0 0 20.0 0 20.0 60.8316 88.63337
0 30.0 0 30.0 R 30.0 R 30.0 1 30.0 F 30.0 89.2994 117.569145
Mean of test: 91.51135460550887
MSE: 82.46000449106384
RMSE: 9.080749115082073
NRMSE: 0.09923084577020809
