Compile time: 0.006245911994483322
Train time: 83.19362452620408
Predict time: 0.08093055320205167
Training set simulation time: 92.57500000000002
Total time: 175.85580099140063
Train loss: 18.860027313232422
1 20.0 1 20.0 F 20.0 0 20.0 0 20.0 R 20.0 95.018 115.58753
F 20.0 1 20.0 1 20.0 0 20.0 0 20.0 R 20.0 68.1394 85.23272
R 10.0 0 10.0 R 10.0 F 10.0 1 10.0 F 10.0 189.895 174.1438
1 30.0 R 30.0 0 30.0 1 30.0 0 30.0 F 30.0 70.3912 89.14419
Test loss: 36.837188720703125
R 10.0 F 10.0 F 10.0 R 10.0 F 10.0 0 10.0 79.9624 103.76175
1 20.0 0 20.0 1 20.0 0 20.0 F 20.0 R 20.0 126.141 101.55722
F 10.0 1 10.0 R 10.0 F 10.0 0 10.0 0 10.0 85.1683 58.498753
F 30.0 1 30.0 0 30.0 0 30.0 1 30.0 0 30.0 88.9556 66.5459
F 30.0 0 30.0 1 30.0 R 30.0 1 30.0 R 30.0 78.5044 108.01018
F 10.0 1 10.0 0 10.0 0 10.0 1 10.0 0 10.0 87.4854 60.007164
F 20.0 R 20.0 0 20.0 F 20.0 1 20.0 0 20.0 105.253 81.897125
R 20.0 F 20.0 F 20.0 R 20.0 F 20.0 0 20.0 81.6068 104.65043
F 20.0 1 20.0 0 20.0 0 20.0 1 20.0 0 20.0 88.318 63.051346
F 10.0 R 10.0 0 10.0 F 10.0 1 10.0 0 10.0 104.502 79.916824
F 10.0 1 10.0 F 10.0 0 10.0 R 10.0 0 10.0 70.8035 47.436844
F 10.0 0 10.0 1 10.0 R 10.0 1 10.0 R 10.0 76.7134 102.604
F 20.0 1 20.0 0 20.0 F 20.0 R 20.0 0 20.0 65.9368 39.79996
1 30.0 1 30.0 0 30.0 0 30.0 F 30.0 R 30.0 91.2723 116.50564
1 30.0 0 30.0 1 30.0 0 30.0 F 30.0 R 30.0 126.745 102.82848
R 30.0 1 30.0 0 30.0 1 30.0 0 30.0 F 30.0 26.5119 53.576664
R 30.0 F 30.0 F 30.0 R 30.0 F 30.0 0 30.0 83.2187 104.96705
R 20.0 F 20.0 R 20.0 1 20.0 0 20.0 F 20.0 22.4664 45.326942
F 30.0 1 30.0 F 30.0 0 30.0 R 30.0 0 30.0 71.4959 49.69528
F 10.0 1 10.0 0 10.0 F 10.0 R 10.0 0 10.0 65.3623 36.615376
F 20.0 0 20.0 1 20.0 R 20.0 1 20.0 R 20.0 77.7128 105.30708
F 20.0 1 20.0 R 20.0 F 20.0 0 20.0 0 20.0 86.1324 60.365807
R 20.0 1 20.0 0 20.0 1 20.0 0 20.0 F 20.0 24.3841 53.13853
R 10.0 F 10.0 R 10.0 1 10.0 0 10.0 F 10.0 20.3616 44.516773
F 30.0 1 30.0 0 30.0 F 30.0 R 30.0 0 30.0 66.552 42.561687
1 20.0 1 20.0 0 20.0 0 20.0 F 20.0 R 20.0 89.5344 114.991585
R 10.0 1 10.0 0 10.0 1 10.0 0 10.0 F 10.0 22.6012 52.70039
F 20.0 1 20.0 F 20.0 0 20.0 R 20.0 0 20.0 71.0223 49.12288
R 30.0 F 30.0 R 30.0 1 30.0 0 30.0 F 30.0 24.4926 46.212353
1 10.0 1 10.0 0 10.0 0 10.0 F 10.0 R 10.0 87.3217 113.40119
F 30.0 1 30.0 R 30.0 F 30.0 0 30.0 0 30.0 87.1032 61.631046
1 10.0 0 10.0 1 10.0 0 10.0 F 10.0 R 10.0 125.259 99.58852
Mean of test: 91.51135460550887
MSE: 36.8371958600393
RMSE: 6.069365358918452
NRMSE: 0.0663236314781104
