Compile time: 0.004837070999201387
Train time: 84.2023512373271
Predict time: 0.08372650819364935
Training set simulation time: 92.57500000000002
Total time: 176.86591481651996
Train loss: 26.285781860351562
1 30.0 R 30.0 0 30.0 1 30.0 0 30.0 F 30.0 70.3912 105.11653
Test loss: 49.52555847167969
R 20.0 F 20.0 F 20.0 R 20.0 F 20.0 R 20.0 47.9487 84.593636
1 20.0 R 20.0 0 20.0 1 20.0 0 20.0 F 20.0 69.1028 105.11403
R 30.0 1 30.0 0 30.0 1 30.0 0 30.0 F 30.0 26.5119 72.362434
0 20.0 F 20.0 R 20.0 1 20.0 0 20.0 1 20.0 34.3543 70.58622
0 10.0 F 10.0 R 10.0 1 10.0 0 10.0 1 10.0 33.0257 69.40661
R 20.0 1 20.0 0 20.0 1 20.0 0 20.0 F 20.0 24.3841 72.821434
R 10.0 F 10.0 F 10.0 R 10.0 F 10.0 R 10.0 44.9364 85.187325
R 10.0 1 10.0 0 10.0 1 10.0 0 10.0 F 10.0 22.6012 73.280426
0 30.0 F 30.0 R 30.0 1 30.0 0 30.0 1 30.0 35.7697 71.861305
1 10.0 R 10.0 0 10.0 1 10.0 0 10.0 F 10.0 67.7877 105.179
Mean of test: 91.51135460550887
MSE: 49.52554991106394
RMSE: 7.037439158604779
NRMSE: 0.07690236024744775
