Compile time: 0.0031365839968202636
Train time: 2.3286095817020396
Predict time: 0.0022531889990204945
Training set simulation time: 0.716
Total time: 3.0499993546978805
Train loss: 60.350616455078125
R 30.0 R 30.0 0 30.0 62.1427 47.443428
R 30.0 R 30.0 R 30.0 30.2068 42.430084
R 10.0 R 10.0 0 10.0 62.8203 49.704144
Test loss: 116.37045288085938
F 30.0 F 30.0 1 30.0 33.1002 15.665594
1 30.0 R 30.0 R 30.0 27.1273 46.29047
0 30.0 1 30.0 R 30.0 44.0566 23.878647
0 10.0 1 10.0 R 10.0 42.7301 26.137724
R 10.0 R 10.0 1 10.0 20.4953 41.05496
1 10.0 R 10.0 R 10.0 25.8023 48.551178
0 10.0 R 10.0 R 10.0 47.3727 30.081432
0 20.0 1 20.0 R 20.0 43.3954 25.008186
1 20.0 R 20.0 R 20.0 26.4451 47.42082
0 30.0 R 30.0 R 30.0 47.6334 27.822206
R 30.0 R 30.0 1 30.0 21.0988 38.79425
0 20.0 R 20.0 R 20.0 47.2724 28.951895
R 20.0 R 20.0 1 20.0 20.7099 39.924603
Mean of test: 34.06858611111111
MSE: 116.37045468203704
RMSE: 10.787513832298758
NRMSE: 0.31664107800413016
