Compile time: 0.005090677994303405
Train time: 2.311528447055025
Predict time: 0.0025828750076470897
Training set simulation time: 0.716
Total time: 3.0352020000569757
Train loss: 63.11109924316406
R 30.0 R 30.0 0 30.0 62.1427 45.635822
R 30.0 R 30.0 R 30.0 30.2068 43.0865
R 10.0 R 10.0 0 10.0 62.8203 47.09438
R 20.0 1 20.0 R 20.0 27.9856 42.720066
Test loss: 121.81982421875
1 30.0 R 30.0 R 30.0 27.1273 48.442772
0 30.0 1 30.0 R 30.0 44.0566 25.485641
R 10.0 R 10.0 1 10.0 20.4953 43.107754
1 10.0 R 10.0 R 10.0 25.8023 49.882744
0 10.0 R 10.0 R 10.0 47.3727 27.99202
0 20.0 1 20.0 R 20.0 43.3954 26.214918
1 20.0 R 20.0 R 20.0 26.4451 49.17011
0 30.0 R 30.0 R 30.0 47.6334 26.575785
R 30.0 R 30.0 1 30.0 21.0988 41.672123
0 20.0 R 20.0 R 20.0 47.2724 27.300337
R 20.0 R 20.0 1 20.0 20.7099 42.4014
Mean of test: 34.06858611111111
MSE: 121.81982662526201
RMSE: 11.037201938229726
NRMSE: 0.3239700615174652
