Compile time: 0.009594146002200432
Train time: 2.094086251745466
Predict time: 0.012757047996274196
Training set simulation time: 0.716
Total time: 2.832437445743941
Train loss: 76.41280364990234
R 30.0 R 30.0 0 30.0 62.1427 44.209568
R 10.0 R 10.0 0 10.0 62.8203 40.10343
R 20.0 1 20.0 R 20.0 27.9856 44.98393
Test loss: 105.1767578125
1 30.0 R 30.0 R 30.0 27.1273 50.112873
R 10.0 R 10.0 1 10.0 20.4953 42.140465
1 10.0 R 10.0 R 10.0 25.8023 46.004898
0 10.0 R 10.0 R 10.0 47.3727 26.87277
1 20.0 R 20.0 R 20.0 26.4451 48.059807
R 20.0 R 20.0 0 20.0 62.2407 42.156494
R 30.0 R 30.0 1 30.0 21.0988 46.247288
0 20.0 R 20.0 R 20.0 47.2724 28.925777
R 20.0 R 20.0 1 20.0 20.7099 44.194214
R 30.0 1 30.0 R 30.0 29.0728 47.037
Mean of test: 34.06858611111111
MSE: 105.17674904696004
RMSE: 10.255571609957196
NRMSE: 0.3010272154092256
