Compile time: 0.0034227389987790957
Train time: 60.90550703417102
Predict time: 0.0821471011149697
Training set simulation time: 61.04
Total time: 122.03107687428476
Train loss: 488.2962341308594
0 20.0 F 20.0 0 20.0 R 20.0 R 20.0 R 20.0 136.324 58.40176
0 10.0 F 10.0 0 10.0 R 10.0 R 10.0 R 10.0 137.857 57.367775
0 10.0 R 10.0 0 10.0 R 10.0 R 10.0 1 10.0 131.146 63.241016
0 30.0 0 30.0 0 30.0 R 30.0 R 30.0 1 30.0 143.687 62.43004
0 30.0 0 30.0 0 30.0 R 30.0 1 30.0 R 30.0 133.405 66.75792
0 30.0 R 30.0 0 30.0 R 30.0 R 30.0 R 30.0 134.443 61.2095
0 30.0 0 30.0 0 30.0 R 30.0 R 30.0 R 30.0 150.725 58.330555
Test loss: 521.05078125
0 30.0 0 30.0 0 30.0 1 30.0 R 30.0 R 30.0 135.9 62.590477
0 10.0 R 10.0 0 10.0 R 10.0 R 10.0 R 10.0 135.638 59.141533
0 10.0 0 10.0 0 10.0 R 10.0 R 10.0 R 10.0 152.31 56.26258
0 10.0 0 10.0 0 10.0 1 10.0 R 10.0 R 10.0 136.733 60.522507
0 10.0 0 10.0 0 10.0 R 10.0 R 10.0 1 10.0 145.812 60.362072
0 10.0 F 10.0 0 10.0 R 10.0 R 10.0 1 10.0 129.479 61.46727
0 10.0 0 10.0 0 10.0 R 10.0 1 10.0 R 10.0 134.129 64.68995
0 20.0 0 20.0 0 20.0 R 20.0 R 20.0 1 20.0 144.492 61.396053
0 30.0 F 30.0 0 30.0 R 30.0 R 30.0 R 30.0 135.736 59.435745
0 20.0 0 20.0 0 20.0 1 20.0 R 20.0 R 20.0 135.882 61.55649
0 20.0 R 20.0 0 20.0 R 20.0 R 20.0 R 20.0 134.902 60.17551
0 20.0 0 20.0 0 20.0 R 20.0 R 20.0 R 20.0 151.217 57.29657
Mean of test: 61.00005759259259
MSE: 521.0507024339288
RMSE: 22.826535050986795
NRMSE: 0.3742051393367649
