Compile time: 0.005075421009678394
Train time: 61.06893636290624
Predict time: 0.08188836298359092
Training set simulation time: 61.04
Total time: 122.1959001468995
Train loss: 4.758934020996094
Test loss: 9.552603721618652
F 30.0 R 30.0 0 30.0 R 30.0 1 30.0 0 30.0 61.1411 76.0001
R 10.0 0 10.0 0 10.0 1 10.0 F 10.0 1 10.0 91.2672 78.697754
R 30.0 F 30.0 0 30.0 1 30.0 F 30.0 1 30.0 95.5955 82.6743
R 20.0 R 20.0 0 20.0 R 20.0 F 20.0 F 20.0 74.2569 86.58149
F 10.0 R 10.0 F 10.0 1 10.0 F 10.0 1 10.0 92.8886 79.830444
F 30.0 R 30.0 F 30.0 1 30.0 F 30.0 1 30.0 95.3218 80.87296
F 20.0 R 20.0 0 20.0 R 20.0 1 20.0 0 20.0 59.9644 74.88249
F 30.0 R 30.0 F 30.0 1 30.0 F 30.0 R 30.0 90.5571 78.19676
R 10.0 0 10.0 F 10.0 1 10.0 0 10.0 R 10.0 56.1062 68.15353
R 30.0 R 30.0 F 30.0 0 30.0 F 30.0 0 30.0 93.7893 81.724144
F 20.0 R 20.0 F 20.0 1 20.0 F 20.0 1 20.0 93.6018 80.345695
R 10.0 R 10.0 F 10.0 0 10.0 F 10.0 0 10.0 94.3893 81.03924
R 10.0 F 10.0 0 10.0 1 10.0 F 10.0 1 10.0 93.599 81.017
R 10.0 R 10.0 0 10.0 R 10.0 F 10.0 F 10.0 74.2057 87.19577
R 20.0 F 20.0 0 20.0 1 20.0 F 20.0 1 20.0 94.4521 82.00349
R 30.0 0 30.0 F 30.0 1 30.0 0 30.0 R 30.0 56.8129 72.055336
R 20.0 0 20.0 0 20.0 1 20.0 F 20.0 1 20.0 91.5585 79.322945
R 20.0 R 20.0 F 20.0 0 20.0 F 20.0 0 20.0 93.9676 80.298256
R 20.0 0 20.0 F 20.0 1 20.0 0 20.0 R 20.0 56.2943 69.891975
F 10.0 R 10.0 0 10.0 R 10.0 1 10.0 0 10.0 58.7287 73.849525
Mean of test: 61.00005759259259
MSE: 9.552606500893756
RMSE: 3.0907291212420662
NRMSE: 0.05066764267477318
