Compile time: 0.008749150991206989
Train time: 61.87134578191035
Predict time: 0.08324820599227678
Training set simulation time: 61.04
Total time: 123.00334313889383
Train loss: 3.329615592956543
Test loss: 7.240264892578125
R 10.0 0 10.0 F 10.0 1 10.0 0 10.0 R 10.0 56.1062 72.20334
1 30.0 R 30.0 F 30.0 0 30.0 0 30.0 R 30.0 76.2992 63.311466
1 20.0 R 20.0 F 20.0 0 20.0 0 20.0 0 20.0 81.3853 65.915985
1 10.0 R 10.0 F 10.0 0 10.0 0 10.0 R 10.0 75.9586 60.296154
1 10.0 R 10.0 F 10.0 0 10.0 0 10.0 0 10.0 81.2271 64.66928
R 30.0 0 30.0 F 30.0 1 30.0 0 30.0 R 30.0 56.8129 71.57956
1 30.0 R 30.0 F 30.0 0 30.0 0 30.0 0 30.0 81.6605 67.29439
R 20.0 0 20.0 F 20.0 1 20.0 0 20.0 R 20.0 56.2943 71.82523
1 20.0 R 20.0 F 20.0 0 20.0 0 20.0 R 20.0 75.9977 61.80381
Mean of test: 61.00005759259259
MSE: 7.240264528904033
RMSE: 2.690773964662218
NRMSE: 0.04411100695401583
