Compile time: 0.004151083005126566
Train time: 84.33283527806634
Predict time: 0.08249723195331171
Training set simulation time: 93.052
Total time: 177.4714835930248
Train loss: 20.918230056762695
F 10.0 R 10.0 F 10.0 F 10.0 R 10.0 R 10.0 71.0173 57.4829
R 10.0 1 10.0 F 10.0 0 10.0 F 10.0 R 10.0 68.2362 81.91776
R 20.0 0 20.0 0 20.0 1 20.0 F 20.0 F 20.0 153.741 139.22742
F 30.0 R 30.0 0 30.0 1 30.0 1 30.0 F 30.0 116.166 100.04611
R 10.0 R 10.0 F 10.0 0 10.0 1 10.0 0 10.0 139.234 123.309875
R 30.0 1 30.0 0 30.0 1 30.0 1 30.0 0 30.0 58.7752 44.68854
1 20.0 R 20.0 R 20.0 0 20.0 0 20.0 F 20.0 124.476 109.77916
R 30.0 1 30.0 1 30.0 1 30.0 0 30.0 0 30.0 64.6668 47.305325
F 10.0 0 10.0 F 10.0 R 10.0 1 10.0 R 10.0 163.51 144.43027
F 10.0 F 10.0 0 10.0 R 10.0 1 10.0 F 10.0 120.916 103.25898
F 30.0 F 30.0 F 30.0 R 30.0 0 30.0 R 30.0 28.9167 14.075412
0 30.0 F 30.0 F 30.0 F 30.0 1 30.0 R 30.0 106.771 89.69305
R 20.0 0 20.0 R 20.0 F 20.0 1 20.0 F 20.0 190.226 174.90918
F 30.0 0 30.0 F 30.0 F 30.0 R 30.0 1 30.0 86.6857 71.08153
F 20.0 0 20.0 0 20.0 1 20.0 1 20.0 F 20.0 138.54 124.25628
F 30.0 1 30.0 0 30.0 0 30.0 1 30.0 1 30.0 74.6148 58.486794
F 10.0 R 10.0 R 10.0 1 10.0 R 10.0 F 10.0 60.6769 46.943092
1 10.0 1 10.0 0 10.0 R 10.0 0 10.0 1 10.0 119.022 104.96416
R 10.0 R 10.0 0 10.0 F 10.0 F 10.0 F 10.0 167.56 151.67412
F 30.0 F 30.0 0 30.0 R 30.0 F 30.0 R 30.0 32.4801 15.90455
F 30.0 F 30.0 F 30.0 R 30.0 0 30.0 0 30.0 33.3833 19.21987
0 30.0 F 30.0 0 30.0 1 30.0 1 30.0 R 30.0 140.076 125.68316
0 30.0 1 30.0 F 30.0 F 30.0 1 30.0 R 30.0 86.0956 71.5649
F 30.0 0 30.0 0 30.0 R 30.0 F 30.0 F 30.0 40.0532 25.97114
R 10.0 1 10.0 0 10.0 1 10.0 0 10.0 F 10.0 22.6012 38.9019
Test loss: 50.76396560668945
1 20.0 R 20.0 0 20.0 1 20.0 0 20.0 F 20.0 69.1028 97.42765
R 10.0 F 10.0 R 10.0 1 10.0 0 10.0 F 10.0 20.3616 45.78854
R 20.0 R 20.0 0 20.0 F 20.0 F 20.0 1 20.0 134.175 103.11212
R 30.0 0 30.0 0 30.0 F 30.0 1 30.0 F 30.0 202.797 168.06581
R 10.0 R 10.0 0 10.0 F 10.0 F 10.0 1 10.0 133.976 104.032616
F 20.0 0 20.0 0 20.0 F 20.0 1 20.0 1 20.0 117.882 90.866325
1 10.0 R 10.0 0 10.0 1 10.0 0 10.0 F 10.0 67.7877 98.60568
0 30.0 R 30.0 0 30.0 F 30.0 1 30.0 F 30.0 102.907 73.11385
1 10.0 F 10.0 0 10.0 1 10.0 0 10.0 R 10.0 57.033 91.12025
1 20.0 F 20.0 0 20.0 1 20.0 0 20.0 R 20.0 58.9859 90.78039
F 30.0 0 30.0 0 30.0 F 30.0 1 30.0 1 30.0 119.489 90.53636
R 30.0 R 30.0 0 30.0 F 30.0 F 30.0 1 30.0 134.079 102.191635
R 10.0 0 10.0 0 10.0 F 10.0 1 10.0 F 10.0 202.528 170.53758
R 10.0 1 10.0 R 10.0 0 10.0 F 10.0 F 10.0 43.5468 70.29781
R 20.0 0 20.0 0 20.0 F 20.0 1 20.0 F 20.0 202.349 169.17911
0 30.0 1 30.0 F 30.0 F 30.0 1 30.0 0 30.0 109.857 84.69075
F 10.0 0 10.0 0 10.0 F 10.0 1 10.0 1 10.0 116.417 91.51372
0 20.0 R 20.0 0 20.0 F 20.0 1 20.0 F 20.0 102.831 75.14146
1 30.0 R 30.0 0 30.0 1 30.0 0 30.0 F 30.0 70.3912 96.249626
1 30.0 F 30.0 0 30.0 1 30.0 0 30.0 R 30.0 60.775 90.05946
Mean of test: 92.21783647058824
MSE: 50.763975455700596
RMSE: 7.124884241564953
NRMSE: 0.0772614552048979
