Compile time: 0.004646842979127541
Train time: 85.16492988655227
Predict time: 0.08194404508685693
Training set simulation time: 93.052
Total time: 178.30352077461828
Train loss: 23.916481018066406
R 10.0 F 10.0 F 10.0 F 10.0 1 10.0 0 10.0 209.123 191.49664
1 10.0 F 10.0 0 10.0 R 10.0 F 10.0 R 10.0 61.2794 79.41585
R 10.0 1 10.0 F 10.0 0 10.0 F 10.0 R 10.0 68.2362 86.190735
0 30.0 0 30.0 0 30.0 1 30.0 1 30.0 F 30.0 122.289 106.3665
1 20.0 F 20.0 0 20.0 F 20.0 1 20.0 0 20.0 183.182 199.46878
R 20.0 0 20.0 R 20.0 F 20.0 1 20.0 F 20.0 190.226 171.13628
R 20.0 F 20.0 1 20.0 F 20.0 0 20.0 R 20.0 56.6335 73.5166
0 10.0 0 10.0 0 10.0 1 10.0 1 10.0 F 10.0 120.626 103.353935
R 20.0 1 20.0 0 20.0 1 20.0 0 20.0 F 20.0 24.3841 45.27148
R 30.0 F 30.0 R 30.0 F 30.0 0 30.0 1 30.0 25.1138 43.312634
0 10.0 R 10.0 0 10.0 F 10.0 1 10.0 1 10.0 89.256 70.363365
R 30.0 1 30.0 R 30.0 F 30.0 0 30.0 F 30.0 12.7219 32.65234
R 10.0 1 10.0 0 10.0 1 10.0 0 10.0 F 10.0 22.6012 44.99046
Test loss: 48.57607650756836
0 10.0 R 10.0 0 10.0 1 10.0 1 10.0 F 10.0 97.3713 61.79074
R 20.0 F 20.0 R 20.0 1 20.0 0 20.0 F 20.0 22.4664 69.40432
1 20.0 R 20.0 0 20.0 1 20.0 0 20.0 F 20.0 69.1028 111.95747
0 20.0 R 20.0 0 20.0 1 20.0 1 20.0 F 20.0 99.1878 62.96996
R 10.0 F 10.0 R 10.0 1 10.0 0 10.0 F 10.0 20.3616 68.39329
R 30.0 F 30.0 R 30.0 1 30.0 0 30.0 F 30.0 24.4926 70.41535
1 10.0 R 10.0 0 10.0 1 10.0 0 10.0 F 10.0 67.7877 112.98262
1 10.0 F 10.0 0 10.0 1 10.0 0 10.0 R 10.0 57.033 96.18141
1 20.0 F 20.0 0 20.0 1 20.0 0 20.0 R 20.0 58.9859 97.2364
0 30.0 R 30.0 0 30.0 1 30.0 1 30.0 F 30.0 100.143 64.50741
1 30.0 R 30.0 0 30.0 1 30.0 0 30.0 F 30.0 70.3912 110.93234
1 30.0 F 30.0 0 30.0 1 30.0 0 30.0 R 30.0 60.775 98.29136
Mean of test: 92.21783647058824
MSE: 48.57607135381887
RMSE: 6.969653603574489
NRMSE: 0.07557815136768445
