Compile time: 0.004439726995769888
Train time: 83.40441015583929
Predict time: 0.08073994834558107
Training set simulation time: 93.052
Total time: 176.54158983118066
Train loss: 33.2712287902832
1 30.0 R 30.0 1 30.0 R 30.0 F 30.0 R 30.0 80.81 104.09488
R 20.0 0 20.0 R 20.0 F 20.0 1 20.0 F 20.0 190.226 165.33168
R 20.0 1 20.0 0 20.0 1 20.0 0 20.0 F 20.0 24.3841 55.67043
R 30.0 1 30.0 R 30.0 F 30.0 0 30.0 F 30.0 12.7219 41.185574
R 10.0 1 10.0 0 10.0 1 10.0 0 10.0 F 10.0 22.6012 54.951527
Test loss: 79.97689819335938
R 30.0 1 30.0 1 30.0 F 30.0 0 30.0 0 30.0 35.4295 68.93336
R 10.0 F 10.0 F 10.0 0 10.0 F 10.0 R 10.0 78.1405 109.769585
R 20.0 1 20.0 1 20.0 F 20.0 0 20.0 0 20.0 33.9694 68.84822
R 30.0 1 30.0 1 30.0 0 30.0 0 30.0 F 30.0 46.4334 84.79933
1 20.0 R 20.0 0 20.0 1 20.0 0 20.0 F 20.0 69.1028 105.633835
R 10.0 F 10.0 R 10.0 1 10.0 0 10.0 F 10.0 20.3616 52.10149
F 30.0 1 30.0 F 30.0 R 30.0 R 30.0 0 30.0 40.4456 71.61653
1 20.0 R 20.0 R 20.0 F 20.0 0 20.0 F 20.0 55.3657 97.59997
1 10.0 R 10.0 R 10.0 F 10.0 0 10.0 F 10.0 54.3135 98.243576
1 30.0 R 30.0 R 30.0 F 30.0 0 30.0 F 30.0 55.8904 96.95636
1 10.0 R 10.0 0 10.0 1 10.0 0 10.0 F 10.0 67.7877 106.61555
R 30.0 1 30.0 R 30.0 0 30.0 F 30.0 F 30.0 45.5043 79.0444
R 10.0 1 10.0 R 10.0 F 10.0 0 10.0 F 10.0 6.59913 42.365025
R 20.0 1 20.0 1 20.0 0 20.0 0 20.0 F 20.0 44.9685 83.23125
R 20.0 1 20.0 R 20.0 F 20.0 F 20.0 0 20.0 41.9796 75.66333
R 10.0 1 10.0 1 10.0 0 10.0 0 10.0 F 10.0 43.6388 81.66315
R 10.0 1 10.0 R 10.0 F 10.0 F 10.0 0 10.0 39.8509 76.28511
R 10.0 1 10.0 R 10.0 0 10.0 F 10.0 F 10.0 43.5468 78.99786
R 20.0 1 20.0 R 20.0 F 20.0 0 20.0 F 20.0 9.42691 41.74322
R 30.0 1 30.0 R 30.0 F 30.0 F 30.0 0 30.0 43.7928 75.34645
R 10.0 F 10.0 0 10.0 1 10.0 R 10.0 F 10.0 35.7702 67.25214
1 30.0 R 30.0 0 30.0 1 30.0 0 30.0 F 30.0 70.3912 104.641266
R 10.0 1 10.0 1 10.0 F 10.0 0 10.0 0 10.0 32.6643 68.763016
R 20.0 1 20.0 R 20.0 0 20.0 F 20.0 F 20.0 44.4341 79.02112
R 30.0 0 30.0 R 30.0 F 30.0 F 30.0 F 30.0 194.869 162.91736
Mean of test: 92.21783647058824
MSE: 79.97690016703817
RMSE: 8.942980496849927
NRMSE: 0.09697668953339826
