Compile time: 0.007713503000559285
Train time: 6.412864953003009
Predict time: 0.006082334992242977
Training set simulation time: 3.744000000000001
Total time: 10.170660790995813
Train loss: 106.07819366455078
0 30.0 F 30.0 F 30.0 1 30.0 53.9632 37.851856
R 10.0 0 10.0 0 10.0 R 10.0 65.9803 45.72603
F 20.0 R 20.0 0 20.0 R 20.0 65.8181 46.894157
1 30.0 0 30.0 0 30.0 R 30.0 63.1593 47.30503
R 30.0 R 30.0 R 30.0 0 30.0 51.3455 35.51499
1 20.0 R 20.0 R 20.0 0 20.0 54.4268 34.9694
F 20.0 F 20.0 0 20.0 1 20.0 62.5857 45.044456
1 10.0 0 10.0 F 10.0 R 10.0 19.7854 38.150436
1 20.0 F 20.0 0 20.0 R 20.0 26.3096 47.00985
0 30.0 F 30.0 0 30.0 F 30.0 22.5221 40.38068
R 30.0 0 30.0 0 30.0 R 30.0 66.3279 47.142426
F 10.0 F 10.0 F 10.0 1 10.0 56.641 36.59806
1 20.0 0 20.0 F 20.0 R 20.0 21.4132 38.858635
0 10.0 F 10.0 0 10.0 F 10.0 20.2618 38.964283
F 20.0 0 20.0 F 20.0 1 20.0 54.951 36.89324
Test loss: 106.19497680664062
1 30.0 F 30.0 0 30.0 R 30.0 27.7042 47.71805
1 30.0 0 30.0 F 30.0 R 30.0 22.8945 39.566837
F 30.0 0 30.0 0 30.0 F 30.0 21.3289 40.130264
1 10.0 R 10.0 R 10.0 0 10.0 53.2005 34.261204
1 30.0 1 30.0 F 30.0 F 30.0 51.016 34.52415
F 20.0 F 20.0 F 20.0 1 20.0 58.027 37.306263
F 30.0 R 30.0 0 30.0 R 30.0 65.8608 47.60236
1 30.0 R 30.0 0 30.0 F 30.0 23.9997 41.849327
1 20.0 R 20.0 0 20.0 F 20.0 22.3911 41.141125
R 20.0 0 20.0 0 20.0 R 20.0 65.8715 46.434227
1 10.0 R 10.0 0 10.0 F 10.0 20.347 40.43293
0 20.0 R 20.0 0 20.0 R 20.0 64.6956 46.731556
1 20.0 0 20.0 0 20.0 R 20.0 62.7339 46.596832
0 10.0 R 10.0 0 10.0 R 10.0 64.9077 46.023354
F 20.0 0 20.0 0 20.0 F 20.0 20.3841 39.422066
1 10.0 0 10.0 0 10.0 R 10.0 62.3631 45.88863
F 10.0 0 10.0 F 10.0 1 10.0 53.3769 36.185043
1 30.0 R 30.0 R 30.0 0 30.0 55.8349 35.6776
0 20.0 F 20.0 0 20.0 F 20.0 21.3392 39.67248
F 10.0 0 10.0 0 10.0 F 10.0 19.2732 38.713867
F 30.0 F 30.0 0 30.0 1 30.0 64.5199 45.752655
F 10.0 F 10.0 0 10.0 1 10.0 61.0136 44.336258
0 30.0 R 30.0 0 30.0 R 30.0 64.7304 47.439754
1 10.0 F 10.0 0 10.0 R 10.0 24.8512 46.301655
F 30.0 0 30.0 F 30.0 1 30.0 56.7241 37.60144
F 30.0 F 30.0 F 30.0 1 30.0 60.1794 38.01446
F 10.0 R 10.0 0 10.0 R 10.0 65.9335 46.18596
Mean of test: 38.27873358490565
MSE: 106.19497603448646
RMSE: 10.30509466402354
NRMSE: 0.26921200622183383
