Compile time: 0.005189207993680611
Train time: 6.481855719117448
Predict time: 0.006293773010838777
Training set simulation time: 3.744000000000001
Total time: 10.237338700121969
Train loss: 105.50855255126953
0 30.0 F 30.0 F 30.0 1 30.0 53.9632 37.63645
R 10.0 0 10.0 0 10.0 R 10.0 65.9803 45.646664
F 20.0 R 20.0 0 20.0 R 20.0 65.8181 46.54924
1 30.0 0 30.0 0 30.0 R 30.0 63.1593 46.979122
R 30.0 R 30.0 R 30.0 0 30.0 51.3455 35.57757
1 20.0 R 20.0 R 20.0 0 20.0 54.4268 34.842216
F 20.0 F 20.0 0 20.0 1 20.0 62.5857 44.468193
1 10.0 0 10.0 F 10.0 R 10.0 19.7854 38.033485
1 20.0 F 20.0 0 20.0 R 20.0 26.3096 46.501877
0 30.0 F 30.0 0 30.0 F 30.0 22.5221 40.14023
R 30.0 0 30.0 0 30.0 R 30.0 66.3279 47.025204
F 10.0 F 10.0 F 10.0 1 10.0 56.641 36.21183
1 20.0 0 20.0 F 20.0 R 20.0 21.4132 38.72276
0 10.0 F 10.0 0 10.0 F 10.0 20.2618 38.76169
F 20.0 0 20.0 F 20.0 1 20.0 54.951 36.689075
Test loss: 106.63578033447266
1 30.0 F 30.0 0 30.0 R 30.0 27.7042 47.191147
1 30.0 0 30.0 F 30.0 R 30.0 22.8945 39.41203
F 30.0 0 30.0 0 30.0 F 30.0 21.3289 39.88212
1 10.0 R 10.0 R 10.0 0 10.0 53.2005 34.152946
1 30.0 1 30.0 F 30.0 F 30.0 51.016 34.234116
F 20.0 F 20.0 F 20.0 1 20.0 58.027 36.9011
F 30.0 R 30.0 0 30.0 R 30.0 65.8608 47.23851
1 30.0 R 30.0 0 30.0 F 30.0 23.9997 41.58918
1 20.0 R 20.0 0 20.0 F 20.0 22.3911 40.89991
R 20.0 0 20.0 0 20.0 R 20.0 65.8715 46.33593
1 10.0 R 10.0 0 10.0 F 10.0 20.347 40.21064
0 20.0 R 20.0 0 20.0 R 20.0 64.6956 46.59532
1 20.0 0 20.0 0 20.0 R 20.0 62.7339 46.289852
0 10.0 R 10.0 0 10.0 R 10.0 64.9077 45.90605
F 20.0 0 20.0 0 20.0 F 20.0 20.3841 39.19285
1 10.0 0 10.0 0 10.0 R 10.0 62.3631 45.60058
F 10.0 0 10.0 F 10.0 1 10.0 53.3769 35.9998
1 30.0 R 30.0 R 30.0 0 30.0 55.8349 35.53149
0 20.0 F 20.0 0 20.0 F 20.0 21.3392 39.45096
F 10.0 0 10.0 0 10.0 F 10.0 19.2732 38.50358
F 30.0 F 30.0 0 30.0 1 30.0 64.5199 45.157463
F 10.0 F 10.0 0 10.0 1 10.0 61.0136 43.778923
0 30.0 R 30.0 0 30.0 R 30.0 64.7304 47.28459
1 10.0 F 10.0 0 10.0 R 10.0 24.8512 45.812607
F 30.0 0 30.0 F 30.0 1 30.0 56.7241 37.37834
F 30.0 F 30.0 F 30.0 1 30.0 60.1794 37.590374
F 10.0 R 10.0 0 10.0 R 10.0 65.9335 45.85997
Mean of test: 38.27873358490565
MSE: 106.63578161722342
RMSE: 10.326460265610061
NRMSE: 0.26977016474970494
