Compile time: 0.003169357994920574
Train time: 6.328050734417047
Predict time: 0.005926444995566271
Training set simulation time: 3.744000000000001
Total time: 10.081146537407536
Train loss: 105.56317138671875
0 30.0 F 30.0 F 30.0 1 30.0 53.9632 37.988632
R 10.0 0 10.0 0 10.0 R 10.0 65.9803 45.43933
F 20.0 R 20.0 0 20.0 R 20.0 65.8181 46.949287
1 30.0 0 30.0 0 30.0 R 30.0 63.1593 47.44036
R 30.0 R 30.0 R 30.0 0 30.0 51.3455 35.675102
1 20.0 R 20.0 R 20.0 0 20.0 54.4268 34.986954
F 20.0 F 20.0 0 20.0 1 20.0 62.5857 44.964905
1 10.0 0 10.0 F 10.0 R 10.0 19.7854 37.983154
1 20.0 F 20.0 0 20.0 R 20.0 26.3096 46.866646
0 30.0 F 30.0 0 30.0 F 30.0 22.5221 40.5008
R 30.0 0 30.0 0 30.0 R 30.0 66.3279 47.232117
F 10.0 F 10.0 F 10.0 1 10.0 56.641 36.404087
1 20.0 0 20.0 F 20.0 R 20.0 21.4132 38.879543
0 10.0 F 10.0 0 10.0 F 10.0 20.2618 38.708015
F 20.0 0 20.0 F 20.0 1 20.0 54.951 36.977802
Test loss: 106.107666015625
1 30.0 F 30.0 0 30.0 R 30.0 27.7042 47.76304
1 30.0 0 30.0 F 30.0 R 30.0 22.8945 39.775936
F 30.0 0 30.0 0 30.0 F 30.0 21.3289 40.386368
1 10.0 R 10.0 0 10.0 R 10.0 62.4906 46.71071
1 10.0 R 10.0 R 10.0 0 10.0 53.2005 34.09056
1 30.0 1 30.0 F 30.0 F 30.0 51.016 34.768353
F 20.0 F 20.0 F 20.0 1 20.0 58.027 37.30048
F 30.0 R 30.0 0 30.0 R 30.0 65.8608 47.845768
1 30.0 R 30.0 0 30.0 F 30.0 23.9997 42.1101
1 20.0 R 20.0 0 20.0 F 20.0 22.3911 41.21371
R 20.0 0 20.0 0 20.0 R 20.0 65.8715 46.335724
1 10.0 R 10.0 0 10.0 F 10.0 20.347 40.317314
0 20.0 R 20.0 0 20.0 R 20.0 64.6956 46.741043
1 20.0 0 20.0 0 20.0 R 20.0 62.7339 46.543964
0 10.0 R 10.0 0 10.0 R 10.0 64.9077 45.84465
F 20.0 0 20.0 0 20.0 F 20.0 20.3841 39.489975
1 10.0 0 10.0 0 10.0 R 10.0 62.3631 45.646793
F 10.0 0 10.0 F 10.0 1 10.0 53.3769 36.081413
R 10.0 R 10.0 1 10.0 0 10.0 41.9045 26.217897
1 30.0 R 30.0 R 30.0 0 30.0 55.8349 35.883347
0 20.0 F 20.0 0 20.0 F 20.0 21.3392 39.60441
F 10.0 0 10.0 0 10.0 F 10.0 19.2732 38.593586
F 30.0 F 30.0 0 30.0 1 30.0 64.5199 45.861298
F 10.0 F 10.0 0 10.0 1 10.0 61.0136 44.068512
0 30.0 R 30.0 0 30.0 R 30.0 64.7304 47.637547
1 10.0 F 10.0 0 10.0 R 10.0 24.8512 45.970253
R 10.0 R 10.0 R 10.0 0 10.0 49.55 33.882317
F 30.0 0 30.0 F 30.0 1 30.0 56.7241 37.8742
F 30.0 F 30.0 F 30.0 1 30.0 60.1794 38.196877
F 10.0 R 10.0 0 10.0 R 10.0 65.9335 46.04754
Mean of test: 38.27873358490565
MSE: 106.10766463135317
RMSE: 10.30085747068433
NRMSE: 0.2691013130786082
