Compile time: 0.0034051969996653497
Train time: 4.9708383674005745
Predict time: 0.005932692976784892
Training set simulation time: 2.711
Total time: 7.691176257377025
Train loss: 18.63499641418457
1 30.0 F 30.0 0 30.0 R 30.0 27.7042 44.467056
Test loss: 61.9176025390625
F 10.0 R 10.0 0 10.0 F 10.0 25.4153 47.506935
1 20.0 R 20.0 0 20.0 F 20.0 22.3911 48.39653
F 20.0 0 20.0 0 20.0 F 20.0 20.3841 42.53118
1 10.0 0 10.0 F 10.0 R 10.0 19.7854 45.3931
F 10.0 0 10.0 0 10.0 1 10.0 49.8507 71.378204
1 20.0 F 20.0 0 20.0 R 20.0 26.3096 47.54139
F 10.0 0 10.0 0 10.0 F 10.0 19.2732 45.859962
1 10.0 R 10.0 0 10.0 F 10.0 20.347 48.737614
1 30.0 R 30.0 0 30.0 F 30.0 23.9997 48.055443
1 10.0 F 10.0 0 10.0 R 10.0 24.8512 50.85891
1 20.0 0 20.0 F 20.0 R 20.0 21.4132 42.318687
Mean of test: 37.103564084507035
MSE: 61.91760407242568
RMSE: 7.86877398788564
NRMSE: 0.21207596041080393
