Compile time: 0.005423369992058724
Train time: 4.961891660030233
Predict time: 0.006073722004657611
Training set simulation time: 2.711
Total time: 7.684388752026949
Train loss: 29.408647537231445
1 30.0 F 30.0 0 30.0 R 30.0 27.7042 48.482132
Test loss: 77.4732894897461
1 20.0 R 20.0 0 20.0 F 20.0 22.3911 45.553627
F 20.0 0 20.0 0 20.0 F 20.0 20.3841 46.391254
1 10.0 0 10.0 F 10.0 R 10.0 19.7854 50.08392
F 10.0 0 10.0 0 10.0 1 10.0 49.8507 74.51661
1 20.0 F 20.0 0 20.0 R 20.0 26.3096 51.921764
F 10.0 0 10.0 0 10.0 F 10.0 19.2732 49.8309
1 10.0 R 10.0 0 10.0 F 10.0 20.347 45.846752
F 30.0 0 30.0 0 30.0 F 30.0 21.3289 42.95162
1 10.0 F 10.0 0 10.0 R 10.0 24.8512 55.361412
1 20.0 0 20.0 F 20.0 R 20.0 21.4132 46.644283
Mean of test: 37.103564084507035
MSE: 77.47328827765031
RMSE: 8.801891176199028
NRMSE: 0.2372249511166057
