Compile time: 0.006141358011518605
Train time: 5.041046906917472
Predict time: 0.006095902979723178
Training set simulation time: 2.711
Total time: 7.7642841679087145
Train loss: 77.57775115966797
0 30.0 0 30.0 F 30.0 F 30.0 19.454 39.106396
0 10.0 F 10.0 F 10.0 0 10.0 19.5453 36.169685
F 30.0 F 30.0 0 30.0 F 30.0 26.2616 47.66516
1 30.0 F 30.0 0 30.0 R 30.0 27.7042 50.326965
Test loss: 144.1219940185547
F 10.0 R 10.0 0 10.0 F 10.0 25.4153 52.169327
0 10.0 0 10.0 F 10.0 F 10.0 16.5848 41.026554
1 20.0 R 20.0 0 20.0 F 20.0 22.3911 51.092434
F 20.0 0 20.0 0 20.0 F 20.0 20.3841 52.462875
1 10.0 0 10.0 F 10.0 R 10.0 19.7854 47.27748
0 10.0 F 10.0 0 10.0 F 10.0 20.2618 45.99684
1 20.0 F 20.0 0 20.0 R 20.0 26.3096 51.287464
F 10.0 F 10.0 0 10.0 F 10.0 24.1587 49.58596
F 10.0 0 10.0 0 10.0 F 10.0 19.2732 53.423126
1 10.0 R 10.0 0 10.0 F 10.0 20.347 52.052933
1 10.0 0 10.0 0 10.0 F 10.0 28.137 53.30699
F 30.0 0 30.0 0 30.0 F 30.0 21.3289 51.502377
1 30.0 R 30.0 0 30.0 F 30.0 23.9997 50.131935
1 10.0 F 10.0 0 10.0 R 10.0 24.8512 52.24797
1 20.0 0 20.0 F 20.0 R 20.0 21.4132 46.316982
F 20.0 R 20.0 0 20.0 F 20.0 26.6646 51.208824
Mean of test: 37.103564084507035
MSE: 144.12196857294745
RMSE: 12.0050809482047
NRMSE: 0.32355600450840627
