Compile time: 0.008098545993561856
Train time: 6.858807617798448
Predict time: 0.005450557015137747
Training set simulation time: 3.2990000000000004
Total time: 10.171356720807147
Train loss: 31.508010864257812
F 30.0 0 30.0 0 30.0 F 30.0 21.9617 34.934017
F 10.0 0 10.0 0 10.0 F 10.0 18.7803 34.4617
0 10.0 F 10.0 F 10.0 F 10.0 22.0111 34.504887
F 20.0 F 20.0 0 20.0 0 20.0 25.1467 38.071857
F 20.0 F 20.0 0 20.0 F 20.0 22.4879 37.557205
Test loss: 41.21540069580078
0 10.0 F 10.0 0 10.0 F 10.0 21.3198 33.685738
F 10.0 0 10.0 F 10.0 F 10.0 22.0745 36.75879
F 10.0 F 10.0 0 10.0 0 10.0 24.2865 38.15095
F 10.0 R 10.0 0 10.0 R 10.0 46.2952 29.767847
F 30.0 0 30.0 F 30.0 F 30.0 25.1201 38.09051
1 30.0 F 30.0 F 30.0 F 30.0 69.7773 56.137585
F 20.0 F 20.0 F 20.0 F 20.0 25.3603 40.731373
F 20.0 0 20.0 0 20.0 F 20.0 20.2241 34.69786
F 30.0 F 30.0 F 30.0 F 30.0 27.5795 41.397236
F 10.0 F 10.0 0 10.0 F 10.0 21.3566 37.31991
F 10.0 F 10.0 F 10.0 F 10.0 23.6328 40.065517
F 20.0 0 20.0 F 20.0 F 20.0 23.2808 37.424652
F 30.0 R 30.0 0 30.0 R 30.0 46.4345 30.469063
F 30.0 F 30.0 0 30.0 F 30.0 24.2337 38.223064
F 20.0 R 20.0 0 20.0 R 20.0 46.1754 30.118456
Mean of test: 38.19185595238095
MSE: 41.21540018258357
RMSE: 6.419922132127739
NRMSE: 0.16809662615329143
