Compile time: 0.0034659499942790717
Train time: 5.294618439802434
Predict time: 0.006086519002565183
Training set simulation time: 2.6750000000000003
Total time: 7.979170908799279
Train loss: 41.296634674072266
1 20.0 R 20.0 0 20.0 F 20.0 15.2477 33.600212
Test loss: 58.56231689453125
1 20.0 F 20.0 0 20.0 R 20.0 15.7419 34.72958
F 10.0 R 10.0 0 10.0 R 10.0 50.9156 35.61005
1 10.0 R 10.0 0 10.0 F 10.0 13.1011 32.401825
1 10.0 F 10.0 1 10.0 F 10.0 35.334 19.653507
1 20.0 F 20.0 1 20.0 F 20.0 37.0452 22.334925
1 30.0 F 30.0 1 30.0 F 30.0 39.422 25.016342
1 30.0 R 30.0 0 30.0 F 30.0 16.8979 36.257977
R 20.0 R 20.0 R 20.0 R 20.0 29.5089 48.791874
1 30.0 F 30.0 0 30.0 R 30.0 17.1993 37.411
1 30.0 1 30.0 R 30.0 R 30.0 20.6451 35.276592
1 10.0 F 10.0 0 10.0 R 10.0 14.1747 32.04816
R 30.0 R 30.0 R 30.0 R 30.0 30.2092 49.99026
0 30.0 F 30.0 F 30.0 0 30.0 12.5511 27.801231
R 10.0 R 10.0 R 10.0 R 10.0 29.2167 47.593487
Mean of test: 30.297222222222224
MSE: 58.56231483372656
RMSE: 7.6526018342604605
NRMSE: 0.2525842725161608
