Compile time: 0.009748166994540952
Train time: 4.748601118903025
Predict time: 0.0059290589997544885
Training set simulation time: 2.6750000000000003
Total time: 7.439278344897321
Train loss: 40.44289016723633
1 30.0 R 30.0 R 30.0 R 30.0 31.8513 45.697918
1 20.0 R 20.0 R 20.0 R 20.0 30.8327 43.84426
1 20.0 R 20.0 0 20.0 F 20.0 15.2477 33.61208
Test loss: 56.680721282958984
1 20.0 F 20.0 0 20.0 R 20.0 15.7419 35.752663
1 10.0 R 10.0 0 10.0 F 10.0 13.1011 31.758425
1 30.0 R 30.0 0 30.0 F 30.0 16.8979 35.768677
R 20.0 R 20.0 R 20.0 R 20.0 29.5089 49.951187
1 30.0 F 30.0 0 30.0 R 30.0 17.1993 37.992874
R 30.0 R 30.0 1 30.0 R 30.0 24.7146 41.234943
1 10.0 F 10.0 0 10.0 R 10.0 14.1747 33.512447
R 30.0 R 30.0 R 30.0 R 30.0 30.2092 51.80484
R 10.0 R 10.0 R 10.0 R 10.0 29.2167 48.097527
Mean of test: 30.297222222222224
MSE: 56.68072061072624
RMSE: 7.528659947874273
NRMSE: 0.24849340618270266
