Compile time: 0.0052373869984876364
Train time: 5.1330694851931185
Predict time: 0.005895137990592048
Training set simulation time: 2.6750000000000003
Total time: 7.819202010182199
Train loss: 47.5423469543457
R 10.0 0 10.0 R 10.0 R 10.0 59.5082 44.3365
1 20.0 R 20.0 0 20.0 F 20.0 15.2477 35.828053
Test loss: 61.91219711303711
R 10.0 0 10.0 R 10.0 1 10.0 53.1504 36.0977
1 20.0 F 20.0 0 20.0 R 20.0 15.7419 37.88477
1 10.0 R 10.0 0 10.0 F 10.0 13.1011 33.36595
1 30.0 R 30.0 0 30.0 F 30.0 16.8979 38.290154
R 20.0 R 20.0 R 20.0 R 20.0 29.5089 45.98731
1 30.0 F 30.0 0 30.0 R 30.0 17.1993 40.33517
1 10.0 0 10.0 R 10.0 R 10.0 57.8005 41.282276
1 10.0 F 10.0 0 10.0 R 10.0 14.1747 35.43437
R 30.0 R 30.0 R 30.0 R 30.0 30.2092 48.44941
Mean of test: 30.297222222222224
MSE: 61.912199730337
RMSE: 7.868430576063883
NRMSE: 0.25970798637416315
