Compile time: 0.004816190994461067
Train time: 4.921479374170303
Predict time: 0.006015057995682582
Training set simulation time: 2.8930000000000007
Total time: 7.825310623160448
Train loss: 118.4541244506836
R 30.0 R 30.0 F 30.0 R 30.0 25.6475 44.097305
F 20.0 0 20.0 0 20.0 F 20.0 20.2241 38.259335
0 20.0 R 20.0 0 20.0 R 20.0 56.9909 35.02799
R 10.0 R 10.0 F 10.0 R 10.0 24.2348 42.24599
0 30.0 R 30.0 R 30.0 R 30.0 45.2537 27.647089
1 20.0 F 20.0 F 20.0 F 20.0 67.5867 48.256107
F 30.0 0 30.0 0 30.0 F 30.0 21.9617 39.18499
1 10.0 F 10.0 F 10.0 F 10.0 65.7389 47.33045
F 10.0 F 10.0 0 10.0 0 10.0 24.2865 44.136745
R 30.0 0 30.0 R 30.0 0 30.0 63.8385 43.99413
F 10.0 F 10.0 0 10.0 F 10.0 21.3566 39.18679
F 20.0 F 20.0 F 20.0 0 20.0 25.9695 44.828056
R 20.0 R 20.0 0 20.0 0 20.0 72.221 47.971912
Test loss: 126.9114761352539
R 10.0 1 10.0 F 10.0 R 10.0 21.366 44.099102
F 10.0 0 10.0 F 10.0 0 10.0 22.1561 42.04929
F 30.0 F 30.0 F 30.0 0 30.0 27.3374 45.75371
R 20.0 R 20.0 F 20.0 R 20.0 24.6458 43.171646
0 20.0 0 20.0 R 20.0 R 20.0 48.7411 30.124546
R 10.0 0 10.0 R 10.0 0 10.0 63.8852 42.142815
F 20.0 0 20.0 F 20.0 0 20.0 23.039 42.97494
R 20.0 0 20.0 R 20.0 0 20.0 63.7341 43.068474
0 10.0 R 10.0 R 10.0 R 10.0 44.802 25.795774
R 30.0 R 30.0 0 30.0 0 30.0 71.9509 48.897568
R 30.0 R 30.0 0 30.0 1 30.0 21.076 39.381695
0 30.0 R 30.0 0 30.0 R 30.0 57.1097 35.953644
F 30.0 0 30.0 F 30.0 0 30.0 24.093 43.9006
R 30.0 1 30.0 F 30.0 R 30.0 23.2011 45.950417
R 10.0 R 10.0 0 10.0 0 10.0 72.9287 47.046257
F 30.0 F 30.0 0 30.0 0 30.0 26.002 45.988056
0 10.0 R 10.0 0 10.0 R 10.0 57.2155 34.10233
1 30.0 F 30.0 F 30.0 F 30.0 69.7773 49.181767
F 10.0 F 10.0 F 10.0 0 10.0 24.5582 43.902397
R 20.0 1 20.0 F 20.0 R 20.0 22.0504 45.02476
F 10.0 0 10.0 0 10.0 F 10.0 18.7803 37.333675
0 10.0 0 10.0 R 10.0 R 10.0 48.3823 29.198893
F 20.0 F 20.0 0 20.0 0 20.0 25.1467 45.062397
Mean of test: 38.6671737037037
MSE: 126.91147392848784
RMSE: 11.265499275597502
NRMSE: 0.2913452987777704
