Compile time: 0.011602754006162286
Train time: 5.229655392788118
Predict time: 0.0059297520347172394
Training set simulation time: 2.8930000000000007
Total time: 8.140187898828998
Train loss: 64.39027404785156
F 20.0 0 20.0 0 20.0 F 20.0 20.2241 35.62181
0 20.0 R 20.0 0 20.0 R 20.0 56.9909 38.188972
1 20.0 F 20.0 F 20.0 F 20.0 67.5867 52.271786
F 30.0 0 30.0 0 30.0 F 30.0 21.9617 36.09207
1 10.0 F 10.0 F 10.0 F 10.0 65.7389 51.801533
F 10.0 F 10.0 0 10.0 0 10.0 24.2865 41.171223
F 10.0 F 10.0 0 10.0 F 10.0 21.3566 35.327393
F 20.0 F 20.0 F 20.0 0 20.0 25.9695 41.433495
R 20.0 R 20.0 0 20.0 0 20.0 72.221 53.738052
Test loss: 70.92324829101562
R 10.0 1 10.0 F 10.0 R 10.0 21.366 38.41735
F 10.0 0 10.0 F 10.0 0 10.0 22.1561 41.208134
F 30.0 F 30.0 F 30.0 0 30.0 27.3374 42.04402
0 10.0 F 10.0 0 10.0 F 10.0 21.3198 36.7548
F 20.0 0 20.0 F 20.0 0 20.0 23.039 41.67839
F 30.0 F 30.0 F 30.0 1 30.0 52.4041 36.941055
R 30.0 R 30.0 0 30.0 0 30.0 71.9509 54.208477
0 30.0 R 30.0 0 30.0 R 30.0 57.1097 38.81609
F 30.0 0 30.0 F 30.0 0 30.0 24.093 42.14865
0 10.0 F 10.0 F 10.0 F 10.0 22.0111 36.55873
R 30.0 1 30.0 F 30.0 R 30.0 23.2011 39.67122
0 10.0 0 10.0 F 10.0 F 10.0 19.3629 36.803627
R 10.0 R 10.0 0 10.0 0 10.0 72.9287 53.26779
0 30.0 F 30.0 0 30.0 F 30.0 23.772 37.696533
F 30.0 F 30.0 0 30.0 0 30.0 26.002 42.425095
0 10.0 R 10.0 0 10.0 R 10.0 57.2155 37.562035
0 20.0 F 20.0 0 20.0 F 20.0 22.5348 37.22628
1 30.0 F 30.0 F 30.0 F 30.0 69.7773 52.74205
F 10.0 F 10.0 F 10.0 0 10.0 24.5582 40.96324
R 20.0 1 20.0 F 20.0 R 20.0 22.0504 39.04428
0 20.0 0 20.0 F 20.0 F 20.0 20.5695 37.273888
F 10.0 0 10.0 0 10.0 F 10.0 18.7803 35.151558
0 30.0 0 30.0 F 30.0 F 30.0 21.963 37.74415
0 10.0 0 10.0 R 10.0 R 10.0 48.3823 34.380127
F 20.0 F 20.0 0 20.0 0 20.0 25.1467 41.798157
Mean of test: 38.6671737037037
MSE: 70.9232482613332
RMSE: 8.421594163893984
NRMSE: 0.21779699308841205
