Compile time: 0.003830951012787409
Train time: 4.949053840129636
Predict time: 0.006005661009112373
Training set simulation time: 2.8930000000000007
Total time: 7.851890452151537
Train loss: 18.194351196289062
0 30.0 1 30.0 F 30.0 R 30.0 35.4491 48.65167
R 20.0 R 20.0 0 20.0 0 20.0 72.221 57.409027
Test loss: 40.03957748413086
R 20.0 0 20.0 F 20.0 F 20.0 43.1499 59.53686
F 10.0 0 10.0 F 10.0 0 10.0 22.1561 37.639023
0 20.0 1 20.0 F 20.0 R 20.0 34.6991 48.440826
R 30.0 0 30.0 F 30.0 F 30.0 43.7202 59.813057
F 20.0 0 20.0 F 20.0 0 20.0 23.039 38.624577
0 10.0 1 10.0 F 10.0 R 10.0 34.1543 48.22998
F 30.0 F 30.0 F 30.0 1 30.0 52.4041 38.198242
1 10.0 0 10.0 F 10.0 0 10.0 55.0997 70.51253
1 20.0 0 20.0 F 20.0 0 20.0 55.5792 70.63513
R 30.0 R 30.0 0 30.0 0 30.0 71.9509 58.50356
R 10.0 0 10.0 F 10.0 F 10.0 42.9411 59.567627
F 30.0 0 30.0 F 30.0 0 30.0 24.093 39.610134
R 10.0 1 10.0 0 10.0 0 10.0 64.1898 50.436184
R 20.0 1 20.0 0 20.0 0 20.0 63.8027 51.570274
0 10.0 0 10.0 F 10.0 F 10.0 19.3629 31.60071
R 10.0 1 10.0 R 10.0 0 10.0 54.8265 42.401367
R 10.0 R 10.0 0 10.0 0 10.0 72.9287 56.26107
F 20.0 F 20.0 F 20.0 1 20.0 50.1436 38.069473
0 20.0 0 20.0 F 20.0 F 20.0 20.5695 32.586266
1 30.0 0 30.0 F 30.0 0 30.0 56.0222 70.75773
Mean of test: 38.6671737037037
MSE: 40.039573615820444
RMSE: 6.327683115945397
NRMSE: 0.16364483125745766
