Compile time: 0.005018883995944634
Train time: 73.62723813897173
Predict time: 0.07621725705394056
Training set simulation time: 72.90200000000002
Total time: 146.61047428002163
Train loss: 5.025566577911377
Test loss: 8.583464622497559
0 20.0 F 20.0 0 20.0 1 20.0 1 20.0 R 20.0 93.2008 105.47479
F 30.0 F 30.0 0 30.0 R 30.0 1 30.0 F 30.0 102.666 87.74054
R 20.0 1 20.0 0 20.0 R 20.0 F 20.0 0 20.0 73.5294 60.355152
F 20.0 R 20.0 1 20.0 0 20.0 0 20.0 R 20.0 44.3157 56.692165
R 10.0 1 10.0 0 10.0 R 10.0 F 10.0 0 10.0 74.0243 59.896183
F 10.0 R 10.0 1 10.0 0 10.0 0 10.0 R 10.0 42.2665 55.694164
R 30.0 1 30.0 0 30.0 R 30.0 F 30.0 0 30.0 73.2399 60.814133
R 20.0 1 20.0 0 20.0 1 20.0 1 20.0 0 20.0 50.1634 37.674854
0 30.0 F 30.0 0 30.0 1 30.0 1 30.0 R 30.0 93.209 106.30703
F 20.0 F 20.0 0 20.0 R 20.0 1 20.0 F 20.0 102.223 87.375305
F 10.0 F 10.0 0 10.0 R 10.0 1 10.0 F 10.0 100.984 87.02638
R 30.0 1 30.0 0 30.0 1 30.0 1 30.0 0 30.0 51.0035 37.82468
F 20.0 R 20.0 R 20.0 F 20.0 F 20.0 R 20.0 86.3325 74.0422
F 10.0 R 10.0 R 10.0 F 10.0 F 10.0 R 10.0 85.8462 73.20203
Mean of test: 60.97504846230158
MSE: 8.583464017726252
RMSE: 2.929754941582359
NRMSE: 0.04804842333817428
