Compile time: 0.0035561000113375485
Train time: 73.5204228113871
Predict time: 0.07603546895552427
Training set simulation time: 72.90200000000002
Total time: 146.50201438035398
Train loss: 4.112875938415527
Test loss: 10.95779800415039
R 20.0 1 20.0 0 20.0 R 20.0 F 20.0 0 20.0 73.5294 60.70564
0 10.0 F 10.0 1 10.0 0 10.0 F 10.0 F 10.0 107.874 95.667694
R 10.0 1 10.0 0 10.0 R 10.0 F 10.0 0 10.0 74.0243 60.589176
0 10.0 0 10.0 F 10.0 F 10.0 1 10.0 R 10.0 67.3923 80.90189
1 20.0 R 20.0 0 20.0 0 20.0 F 20.0 0 20.0 77.2902 89.38815
1 10.0 R 10.0 0 10.0 0 10.0 F 10.0 0 10.0 75.6448 89.089714
0 20.0 0 20.0 F 20.0 F 20.0 1 20.0 R 20.0 69.2442 81.398056
F 20.0 R 20.0 R 20.0 F 20.0 F 20.0 R 20.0 86.3325 73.745476
1 30.0 0 30.0 0 30.0 0 30.0 F 30.0 R 30.0 60.8105 48.63537
F 10.0 R 10.0 R 10.0 F 10.0 F 10.0 R 10.0 85.8462 72.581406
Mean of test: 60.97504846230158
MSE: 10.957799610153948
RMSE: 3.3102567287378104
NRMSE: 0.05428871009072521
