Compile time: 0.0034826119954232126
Train time: 282.87121564664994
Predict time: 0.3538332263706252
Training set simulation time: 351.06100000000004
Total time: 634.289531485016
Train loss: 22.569808959960938
1 10.0 R 10.0 1 10.0 0 10.0 0 10.0 R 10.0 F 10.0 48.1639 73.8848
1 20.0 0 20.0 F 20.0 R 20.0 0 20.0 R 20.0 1 20.0 40.656 74.865005
1 10.0 0 10.0 1 10.0 1 10.0 R 10.0 0 10.0 F 10.0 93.1449 122.76021
Test loss: 39.63315200805664
1 20.0 R 20.0 F 20.0 0 20.0 R 20.0 0 20.0 1 20.0 47.1566 117.2533
1 10.0 R 10.0 F 10.0 0 10.0 R 10.0 0 10.0 1 10.0 44.2324 118.16188
1 30.0 0 30.0 1 30.0 R 30.0 R 30.0 0 30.0 F 30.0 38.3592 115.44459
1 10.0 0 10.0 1 10.0 R 10.0 R 10.0 0 10.0 F 10.0 31.3476 116.60768
1 20.0 0 20.0 1 20.0 R 20.0 R 20.0 0 20.0 F 20.0 34.9838 115.89667
1 30.0 R 30.0 F 30.0 0 30.0 R 30.0 0 30.0 1 30.0 49.6354 116.3447
Mean of test: 96.37129577074236
MSE: 39.63311890082932
RMSE: 6.295484008464267
NRMSE: 0.06532530208414537
