Compile time: 0.003172419994371012
Train time: 279.4215901977441
Predict time: 0.35589556785998866
Training set simulation time: 351.06100000000004
Total time: 630.8416581855985
Train loss: 22.21338653564453
F 30.0 1 30.0 1 30.0 0 30.0 0 30.0 R 30.0 F 30.0 99.512 118.12764
R 20.0 R 20.0 F 20.0 F 20.0 R 20.0 F 20.0 R 20.0 58.0803 77.17752
0 30.0 F 30.0 1 30.0 1 30.0 0 30.0 R 30.0 F 30.0 81.7078 105.71391
R 30.0 F 30.0 1 30.0 F 30.0 0 30.0 0 30.0 1 30.0 18.824 36.933243
R 30.0 R 30.0 0 30.0 F 30.0 1 30.0 0 30.0 1 30.0 65.5322 86.50921
F 20.0 1 20.0 1 20.0 0 20.0 R 20.0 F 20.0 0 20.0 119.612 139.5306
1 10.0 0 10.0 1 10.0 1 10.0 R 10.0 0 10.0 F 10.0 93.1449 118.61337
1 10.0 R 10.0 0 10.0 1 10.0 0 10.0 F 10.0 0 10.0 100.108 118.38847
R 30.0 0 30.0 1 30.0 1 30.0 R 30.0 F 30.0 0 30.0 86.6266 105.989784
1 10.0 F 10.0 1 10.0 1 10.0 1 10.0 F 10.0 F 10.0 191.806 210.03476
Test loss: 34.23722839355469
1 10.0 0 10.0 F 10.0 R 10.0 0 10.0 0 10.0 1 10.0 96.2067 133.29756
R 30.0 1 30.0 1 30.0 F 30.0 R 30.0 0 30.0 F 30.0 69.9503 106.70622
F 30.0 R 30.0 F 30.0 0 30.0 R 30.0 0 30.0 1 30.0 57.6063 89.99437
1 30.0 0 30.0 1 30.0 R 30.0 R 30.0 0 30.0 F 30.0 38.3592 78.99263
F 10.0 0 10.0 0 10.0 1 10.0 R 10.0 F 10.0 1 10.0 63.8296 98.049225
R 20.0 1 20.0 1 20.0 F 20.0 R 20.0 0 20.0 F 20.0 71.2492 106.65808
1 30.0 R 30.0 1 30.0 0 30.0 0 30.0 F 30.0 F 30.0 189.805 157.2224
R 10.0 1 10.0 1 10.0 F 10.0 R 10.0 0 10.0 F 10.0 73.4743 106.60997
1 10.0 0 10.0 1 10.0 R 10.0 R 10.0 0 10.0 F 10.0 31.3476 76.15467
1 20.0 0 20.0 1 20.0 R 20.0 R 20.0 0 20.0 F 20.0 34.9838 77.05506
1 20.0 R 20.0 1 20.0 0 20.0 0 20.0 F 20.0 F 20.0 189.602 154.98688
1 20.0 0 20.0 1 20.0 F 20.0 F 20.0 0 20.0 R 20.0 29.1258 64.59574
1 30.0 0 30.0 F 30.0 R 30.0 0 30.0 0 30.0 1 30.0 98.2795 139.39857
1 10.0 R 10.0 1 10.0 0 10.0 0 10.0 F 10.0 F 10.0 189.023 152.75139
1 20.0 F 20.0 R 20.0 0 20.0 F 20.0 0 20.0 1 20.0 26.2868 64.7019
1 30.0 0 30.0 1 30.0 F 30.0 F 30.0 0 30.0 R 30.0 30.5179 64.30031
1 30.0 F 30.0 R 30.0 0 30.0 F 30.0 0 30.0 1 30.0 27.6278 65.41108
F 20.0 0 20.0 0 20.0 1 20.0 R 20.0 F 20.0 1 20.0 65.6189 99.437325
0 10.0 0 10.0 F 10.0 R 10.0 1 10.0 F 10.0 1 10.0 9.98742 41.67534
1 10.0 0 10.0 1 10.0 F 10.0 F 10.0 0 10.0 R 10.0 27.715 65.23208
F 30.0 0 30.0 0 30.0 1 30.0 R 30.0 F 30.0 1 30.0 67.2394 100.82543
1 10.0 F 10.0 R 10.0 0 10.0 F 10.0 0 10.0 1 10.0 25.1113 63.99269
1 20.0 0 20.0 F 20.0 R 20.0 0 20.0 0 20.0 1 20.0 97.3634 136.28947
Mean of test: 96.37129577074236
MSE: 34.23719869776936
RMSE: 5.851256164087277
NRMSE: 0.06071575687855052
