Compile time: 0.0034210779995191842
Train time: 2.3262489377957536
Predict time: 0.00227970999549143
Training set simulation time: 0.835
Total time: 3.166949725790764
Train loss: 69.41707611083984
R 10.0 R 10.0 0 10.0 62.8203 39.73769
Test loss: 82.90470886230469
F 30.0 F 30.0 0 30.0 19.1395 35.562443
R 30.0 1 30.0 R 30.0 29.0728 43.92234
0 10.0 R 10.0 R 10.0 47.3727 29.850447
0 20.0 R 20.0 R 20.0 47.2724 32.264915
R 20.0 R 20.0 0 20.0 62.2407 42.12611
R 30.0 R 30.0 1 30.0 21.0988 36.517773
F 20.0 F 20.0 0 20.0 17.8624 33.171516
R 30.0 R 30.0 0 30.0 62.1427 44.51102
Mean of test: 33.5976911764706
MSE: 82.90470956561204
RMSE: 9.105202335237369
NRMSE: 0.27100678696677816
