Compile time: 0.00478547700913623
Train time: 276.86309236465604
Predict time: 0.3506665965542197
Training set simulation time: 348.922
Total time: 626.1405444382194
Train loss: 20.656383514404297
R 20.0 1 20.0 1 20.0 F 20.0 R 20.0 0 20.0 0 20.0 75.453 97.622215
1 30.0 F 30.0 R 30.0 0 30.0 F 30.0 0 30.0 1 30.0 27.6278 45.681488
1 20.0 1 20.0 1 20.0 F 20.0 F 20.0 1 20.0 F 20.0 173.57 191.29039
1 20.0 F 20.0 R 20.0 0 20.0 R 20.0 F 20.0 F 20.0 142.898 161.75066
1 20.0 F 20.0 1 20.0 0 20.0 R 20.0 F 20.0 F 20.0 171.246 190.96425
R 10.0 R 10.0 F 10.0 F 10.0 R 10.0 F 10.0 R 10.0 54.9193 72.15228
1 20.0 0 20.0 1 20.0 F 20.0 F 20.0 0 20.0 R 20.0 29.1258 51.19442
R 10.0 1 10.0 0 10.0 0 10.0 R 10.0 F 10.0 1 10.0 59.6977 80.789795
R 30.0 R 30.0 0 30.0 F 30.0 1 30.0 0 30.0 F 30.0 66.1032 89.06657
1 20.0 0 20.0 R 20.0 F 20.0 0 20.0 F 20.0 1 20.0 11.7515 30.974955
R 30.0 1 30.0 F 30.0 R 30.0 0 30.0 F 30.0 0 30.0 159.11 140.99084
R 20.0 1 20.0 1 20.0 F 20.0 R 20.0 0 20.0 F 20.0 71.2492 95.38042
Test loss: 32.15029525756836
R 30.0 R 30.0 F 30.0 1 30.0 F 30.0 0 30.0 0 30.0 160.398 128.59883
R 10.0 R 10.0 0 10.0 F 10.0 1 10.0 0 10.0 1 10.0 58.68 102.942345
R 10.0 R 10.0 F 10.0 1 10.0 F 10.0 0 10.0 0 10.0 162.485 128.48047
R 20.0 R 20.0 0 20.0 F 20.0 1 20.0 0 20.0 1 20.0 62.9983 103.74908
R 30.0 1 30.0 1 30.0 0 30.0 0 30.0 1 30.0 F 30.0 117.817 85.78879
R 30.0 R 30.0 0 30.0 F 30.0 1 30.0 0 30.0 1 30.0 65.5322 104.9874
R 20.0 R 20.0 F 20.0 1 20.0 F 20.0 0 20.0 0 20.0 161.07 128.57646
Mean of test: 96.24196659224891
MSE: 32.150292249090214
RMSE: 5.670122771959194
NRMSE: 0.058915283765781354
