Compile time: 0.005153870006324723
Train time: 278.4300461979874
Predict time: 0.35198832597234286
Training set simulation time: 348.922
Total time: 627.7091883939661
Train loss: 20.026397705078125
1 30.0 F 30.0 R 30.0 0 30.0 F 30.0 0 30.0 1 30.0 27.6278 46.948315
R 10.0 0 10.0 F 10.0 F 10.0 1 10.0 R 10.0 0 10.0 137.346 120.39435
R 10.0 R 10.0 F 10.0 F 10.0 R 10.0 F 10.0 R 10.0 54.9193 73.082535
R 10.0 0 10.0 0 10.0 1 10.0 1 10.0 F 10.0 F 10.0 145.741 127.38112
R 10.0 1 10.0 0 10.0 0 10.0 R 10.0 F 10.0 1 10.0 59.6977 80.30579
1 20.0 0 20.0 R 20.0 F 20.0 0 20.0 F 20.0 1 20.0 11.7515 30.233047
R 30.0 1 30.0 F 30.0 R 30.0 0 30.0 F 30.0 0 30.0 159.11 135.23882
1 10.0 F 10.0 1 10.0 0 10.0 F 10.0 R 10.0 F 10.0 193.098 173.30797
Test loss: 27.457305908203125
R 30.0 R 30.0 F 30.0 1 30.0 F 30.0 0 30.0 0 30.0 160.398 130.37895
1 10.0 0 10.0 1 10.0 0 10.0 0 10.0 0 10.0 F 10.0 105.373 143.58432
1 10.0 1 10.0 F 10.0 0 10.0 0 10.0 R 10.0 F 10.0 103.291 132.38123
R 10.0 R 10.0 F 10.0 1 10.0 F 10.0 0 10.0 0 10.0 162.485 131.92213
1 30.0 R 30.0 F 30.0 0 30.0 0 30.0 1 30.0 F 30.0 101.881 129.91359
R 20.0 0 20.0 R 20.0 1 20.0 1 20.0 F 20.0 F 20.0 147.976 119.25935
1 20.0 0 20.0 1 20.0 0 20.0 0 20.0 0 20.0 F 20.0 106.4 143.365
1 10.0 R 10.0 F 10.0 0 10.0 0 10.0 1 10.0 F 10.0 99.6684 128.65211
1 30.0 1 30.0 F 30.0 0 30.0 0 30.0 R 30.0 F 30.0 105.893 135.17259
1 20.0 R 20.0 1 20.0 0 20.0 0 20.0 1 20.0 F 20.0 93.7499 120.98781
1 20.0 R 20.0 F 20.0 0 20.0 0 20.0 1 20.0 F 20.0 100.908 129.28287
1 30.0 0 30.0 1 30.0 0 30.0 0 30.0 0 30.0 F 30.0 107.293 143.21274
R 30.0 0 30.0 R 30.0 1 30.0 1 30.0 F 30.0 F 30.0 148.953 117.694
1 10.0 R 10.0 1 10.0 0 10.0 0 10.0 1 10.0 F 10.0 91.7473 121.149
R 20.0 R 20.0 F 20.0 1 20.0 F 20.0 0 20.0 0 20.0 161.07 131.15053
F 10.0 F 10.0 1 10.0 R 10.0 0 10.0 0 10.0 1 10.0 136.407 109.277054
1 20.0 1 20.0 F 20.0 0 20.0 0 20.0 R 20.0 F 20.0 104.64 134.32509
Mean of test: 96.24196659224891
MSE: 27.457292147705147
RMSE: 5.239970624698687
NRMSE: 0.05444579750639365
