Compile time: 0.0034552330034784973
Train time: 281.94215115442057
Predict time: 0.35001667885808274
Training set simulation time: 348.922
Total time: 631.2176230662822
Train loss: 23.764719009399414
1 30.0 F 30.0 R 30.0 0 30.0 F 30.0 0 30.0 1 30.0 27.6278 50.299488
R 30.0 0 30.0 0 30.0 F 30.0 R 30.0 1 30.0 F 30.0 98.5057 80.50872
F 10.0 1 10.0 1 10.0 1 10.0 0 10.0 0 10.0 1 10.0 105.397 87.51377
1 10.0 R 10.0 1 10.0 0 10.0 R 10.0 0 10.0 0 10.0 208.211 189.02567
1 20.0 0 20.0 F 20.0 1 20.0 R 20.0 F 20.0 F 20.0 137.592 117.51224
1 10.0 0 10.0 1 10.0 F 10.0 R 10.0 0 10.0 F 10.0 192.079 173.45639
R 20.0 R 20.0 1 20.0 1 20.0 F 20.0 0 20.0 0 20.0 138.539 122.50596
R 10.0 0 10.0 1 10.0 R 10.0 F 10.0 1 10.0 0 10.0 11.9109 28.21457
F 30.0 R 30.0 R 30.0 0 30.0 1 30.0 0 30.0 F 30.0 187.813 169.7991
1 30.0 1 30.0 F 30.0 0 30.0 1 30.0 0 30.0 R 30.0 130.549 108.08593
R 10.0 1 10.0 0 10.0 0 10.0 R 10.0 F 10.0 1 10.0 59.6977 79.0902
F 30.0 R 30.0 R 30.0 1 30.0 F 30.0 0 30.0 1 30.0 80.7981 64.108574
1 30.0 F 30.0 R 30.0 0 30.0 F 30.0 0 30.0 R 30.0 48.5214 31.142962
1 10.0 1 10.0 1 10.0 0 10.0 0 10.0 R 10.0 F 10.0 94.1938 111.41798
R 30.0 0 30.0 0 30.0 1 30.0 F 30.0 R 30.0 1 30.0 62.1292 80.618034
R 30.0 1 30.0 F 30.0 R 30.0 0 30.0 F 30.0 0 30.0 159.11 142.5411
R 30.0 0 30.0 R 30.0 0 30.0 1 30.0 F 30.0 R 30.0 55.9364 38.287365
1 10.0 0 10.0 R 10.0 F 10.0 F 10.0 0 10.0 R 10.0 47.1312 25.724281
R 20.0 0 20.0 R 20.0 F 20.0 0 20.0 F 20.0 1 20.0 36.3647 17.248457
1 10.0 R 10.0 F 10.0 F 10.0 R 10.0 0 10.0 F 10.0 95.0606 77.88892
0 10.0 R 10.0 1 10.0 F 10.0 1 10.0 0 10.0 0 10.0 156.489 136.78561
Test loss: 34.82958984375
1 20.0 F 20.0 R 20.0 0 20.0 0 20.0 F 20.0 R 20.0 51.6429 15.195171
R 10.0 R 10.0 0 10.0 F 10.0 1 10.0 0 10.0 1 10.0 58.68 92.06395
F 20.0 R 20.0 1 20.0 0 20.0 0 20.0 R 20.0 F 20.0 55.6417 100.352715
1 30.0 F 30.0 R 30.0 0 30.0 0 30.0 F 30.0 R 30.0 54.395 15.035679
F 30.0 R 30.0 1 30.0 0 30.0 0 30.0 R 30.0 F 30.0 57.7272 100.44178
F 10.0 R 10.0 1 10.0 0 10.0 0 10.0 R 10.0 F 10.0 53.362 100.156425
Mean of test: 96.24196659224891
MSE: 34.82956359694463
RMSE: 5.90165769906597
NRMSE: 0.061321042244177025
