Compile time: 0.004933762000291608
Train time: 17.432176393806003
Predict time: 0.022459892032202333
Training set simulation time: 12.542000000000003
Total time: 30.0015700478385
Train loss: 5.054019451141357
1 30.0 R 30.0 0 30.0 1 30.0 F 30.0 27.4729 41.72104
Test loss: 18.71936798095703
F 10.0 0 10.0 R 10.0 0 10.0 1 10.0 62.2858 49.055832
F 30.0 F 30.0 1 30.0 0 30.0 0 30.0 46.6616 33.70755
1 20.0 R 20.0 0 20.0 1 20.0 F 20.0 26.1671 41.979042
F 30.0 1 30.0 0 30.0 1 30.0 0 30.0 59.0373 45.82283
F 10.0 1 10.0 0 10.0 1 10.0 0 10.0 57.946 43.10029
F 10.0 0 10.0 1 10.0 0 10.0 0 10.0 37.153 24.83692
1 10.0 R 10.0 0 10.0 1 10.0 F 10.0 25.2104 42.237045
1 30.0 1 30.0 0 30.0 R 30.0 F 30.0 33.7937 46.49002
F 10.0 F 10.0 1 10.0 0 10.0 0 10.0 44.5618 27.753923
F 20.0 0 20.0 1 20.0 F 20.0 0 20.0 43.1192 28.150274
F 10.0 0 10.0 1 10.0 F 10.0 0 10.0 42.0872 26.922672
R 30.0 F 30.0 R 30.0 0 30.0 1 30.0 45.278 57.567513
F 20.0 F 20.0 1 20.0 0 20.0 0 20.0 45.7199 29.44475
R 10.0 1 10.0 F 10.0 F 10.0 0 10.0 16.0078 32.30045
R 30.0 0 30.0 1 30.0 0 30.0 R 30.0 46.3815 61.89396
0 10.0 1 10.0 F 10.0 R 10.0 R 10.0 32.8545 45.228832
F 30.0 0 30.0 1 30.0 F 30.0 0 30.0 43.8213 30.749836
R 30.0 0 30.0 R 30.0 0 30.0 1 30.0 56.4259 69.66238
1 10.0 1 10.0 0 10.0 R 10.0 F 10.0 32.6418 47.08148
R 20.0 1 20.0 F 20.0 F 20.0 0 20.0 17.7698 31.132845
F 20.0 1 20.0 0 20.0 1 20.0 0 20.0 58.6245 44.442295
Mean of test: 41.13338810763889
MSE: 18.71937153189761
RMSE: 4.326588902576441
NRMSE: 0.10518435513394894
