Compile time: 0.014919615001417696
Train time: 20.013539449850214
Predict time: 0.022058339993236586
Training set simulation time: 12.542000000000003
Total time: 32.59251740484487
Train loss: 12.632216453552246
1 30.0 R 30.0 0 30.0 1 30.0 F 30.0 27.4729 43.878567
Test loss: 25.190662384033203
F 10.0 1 10.0 F 10.0 F 10.0 F 10.0 26.8706 41.40795
F 30.0 R 30.0 1 30.0 F 30.0 0 30.0 44.179 27.764547
F 10.0 0 10.0 R 10.0 0 10.0 1 10.0 62.2858 45.67462
F 30.0 F 30.0 1 30.0 0 30.0 0 30.0 46.6616 32.387325
F 10.0 R 10.0 1 10.0 F 10.0 0 10.0 43.0006 27.681925
1 20.0 R 20.0 0 20.0 1 20.0 F 20.0 26.1671 43.856277
F 20.0 R 20.0 1 20.0 F 20.0 0 20.0 43.8228 27.704214
0 30.0 R 30.0 R 30.0 R 30.0 R 30.0 36.9779 50.204933
F 30.0 1 30.0 0 30.0 1 30.0 0 30.0 59.0373 43.277428
F 10.0 1 10.0 0 10.0 1 10.0 0 10.0 57.946 43.05889
1 10.0 R 10.0 0 10.0 1 10.0 F 10.0 25.2104 43.833977
1 20.0 1 20.0 0 20.0 R 20.0 F 20.0 33.1865 51.248413
R 10.0 F 10.0 F 10.0 1 10.0 0 10.0 12.3633 27.716413
R 20.0 0 20.0 R 20.0 0 20.0 1 20.0 56.2721 69.58236
1 30.0 1 30.0 0 30.0 R 30.0 F 30.0 33.7937 51.27071
F 10.0 F 10.0 1 10.0 0 10.0 0 10.0 44.5618 27.876759
R 30.0 1 30.0 F 30.0 F 30.0 0 30.0 19.3939 34.017323
0 10.0 R 10.0 R 10.0 R 10.0 R 10.0 35.3647 49.70568
R 20.0 F 20.0 F 20.0 1 20.0 0 20.0 14.2438 27.79437
F 20.0 0 20.0 1 20.0 F 20.0 0 20.0 43.1192 28.588556
F 10.0 0 10.0 1 10.0 F 10.0 0 10.0 42.0872 26.333267
F 20.0 F 20.0 1 20.0 0 20.0 0 20.0 45.7199 30.132046
R 10.0 1 10.0 F 10.0 F 10.0 0 10.0 16.0078 33.216816
R 30.0 0 30.0 R 30.0 0 30.0 1 30.0 56.4259 72.12784
F 20.0 0 20.0 R 20.0 0 20.0 1 20.0 62.1498 48.023766
1 10.0 1 10.0 0 10.0 R 10.0 F 10.0 32.6418 51.22612
R 20.0 1 20.0 F 20.0 F 20.0 0 20.0 17.7698 33.61707
F 20.0 1 20.0 0 20.0 1 20.0 0 20.0 58.6245 43.16816
Mean of test: 41.13338810763889
MSE: 25.190662914988927
RMSE: 5.019030077115391
NRMSE: 0.12201839692809807
