Compile time: 0.003486287998384796
Train time: 17.74961648604949
Predict time: 0.023688523986493237
Training set simulation time: 12.542000000000003
Total time: 30.31879129803437
Train loss: 2.348639965057373
Test loss: 14.71342658996582
F 30.0 R 30.0 1 30.0 F 30.0 0 30.0 44.179 27.880177
F 30.0 F 30.0 1 30.0 0 30.0 0 30.0 46.6616 34.13406
F 10.0 R 10.0 1 10.0 F 10.0 0 10.0 43.0006 27.683485
F 20.0 R 20.0 1 20.0 F 20.0 0 20.0 43.8228 26.845896
F 30.0 1 30.0 0 30.0 1 30.0 0 30.0 59.0373 45.860523
1 10.0 R 10.0 0 10.0 1 10.0 F 10.0 25.2104 38.825764
1 20.0 1 20.0 0 20.0 R 20.0 F 20.0 33.1865 45.352554
F 20.0 0 20.0 1 20.0 1 20.0 0 20.0 35.8975 20.224812
R 10.0 F 10.0 F 10.0 1 10.0 0 10.0 12.3633 25.997843
F 10.0 F 10.0 1 10.0 0 10.0 0 10.0 44.5618 32.01218
F 20.0 0 20.0 1 20.0 F 20.0 0 20.0 43.1192 29.934519
F 10.0 0 10.0 1 10.0 F 10.0 0 10.0 42.0872 28.260212
F 20.0 F 20.0 1 20.0 0 20.0 0 20.0 45.7199 32.76653
R 10.0 1 10.0 F 10.0 F 10.0 0 10.0 16.0078 30.322008
F 30.0 0 30.0 1 30.0 F 30.0 0 30.0 43.8213 31.74177
F 30.0 0 30.0 1 30.0 1 30.0 0 30.0 36.3805 20.934057
F 10.0 0 10.0 1 10.0 1 10.0 0 10.0 35.0731 20.599304
1 10.0 1 10.0 0 10.0 R 10.0 F 10.0 32.6418 45.547752
R 20.0 1 20.0 F 20.0 F 20.0 0 20.0 17.7698 30.23189
F 20.0 1 20.0 0 20.0 1 20.0 0 20.0 58.6245 46.560543
Mean of test: 41.13338810763889
MSE: 14.713427327559195
RMSE: 3.8358085624232077
NRMSE: 0.09325292028912295
