Compile time: 0.0031446520006284118
Train time: 6.288383611274185
Predict time: 0.005785153014585376
Training set simulation time: 4.062000000000001
Total time: 10.3593134162894
Train loss: 31.379745483398438
F 20.0 0 20.0 0 20.0 F 20.0 20.3841 35.6568
1 10.0 F 10.0 0 10.0 R 10.0 24.8512 42.3213
1 30.0 R 30.0 0 30.0 F 30.0 23.9997 40.309402
Test loss: 56.28902816772461
F 10.0 F 10.0 F 10.0 1 10.0 56.641 37.618748
0 10.0 R 10.0 R 10.0 R 10.0 30.613 51.797085
F 30.0 F 30.0 F 30.0 1 30.0 60.1794 34.442966
0 20.0 R 20.0 R 20.0 R 20.0 31.0262 51.350563
F 20.0 F 20.0 F 20.0 1 20.0 58.027 36.030857
0 30.0 R 30.0 R 30.0 R 30.0 31.8432 50.90404
Mean of test: 37.919133584905666
MSE: 56.289030418088664
RMSE: 7.5026015766591705
NRMSE: 0.19785793786295014
