Compile time: 0.012124408996896818
Train time: 6.410156558486051
Predict time: 0.005981062015052885
Training set simulation time: 4.062000000000001
Total time: 10.490262029498002
Train loss: 16.72514533996582
1 10.0 F 10.0 0 10.0 R 10.0 24.8512 38.147003
1 30.0 R 30.0 0 30.0 F 30.0 23.9997 36.47232
Test loss: 30.82553482055664
1 10.0 R 10.0 0 10.0 F 10.0 20.347 37.210155
0 10.0 R 10.0 R 10.0 R 10.0 30.613 47.89837
1 30.0 0 30.0 1 30.0 R 30.0 31.0148 17.961369
F 30.0 F 30.0 F 30.0 1 30.0 60.1794 47.925053
0 20.0 R 20.0 R 20.0 R 20.0 31.0262 47.52115
1 20.0 R 20.0 0 20.0 F 20.0 22.3911 36.686638
0 30.0 R 30.0 R 30.0 R 30.0 31.8432 47.143936
Mean of test: 37.919133584905666
MSE: 30.825533959232697
RMSE: 5.552074743664092
NRMSE: 0.14641881864817152
