Compile time: 0.003450450996751897
Train time: 7.004978911209037
Predict time: 0.005895533002330922
Training set simulation time: 3.164
Total time: 10.17832489520812
Train loss: 31.835437774658203
R 10.0 0 10.0 R 10.0 1 10.0 53.1504 36.36291
Test loss: 48.73331069946289
1 30.0 R 30.0 0 30.0 F 30.0 16.8979 35.13938
1 10.0 R 10.0 0 10.0 F 10.0 13.1011 32.89284
R 20.0 0 20.0 R 20.0 1 20.0 53.0741 35.3644
R 30.0 0 30.0 R 30.0 1 30.0 53.2543 34.36588
1 20.0 R 20.0 0 20.0 F 20.0 15.2477 34.02804
F 10.0 R 10.0 0 10.0 F 10.0 17.9438 32.32799
1 10.0 F 10.0 0 10.0 R 10.0 14.1747 28.339766
1 30.0 0 30.0 R 30.0 R 30.0 57.3814 42.601383
F 20.0 R 20.0 0 20.0 F 20.0 19.4085 33.43933
Mean of test: 30.27973263940521
MSE: 48.73331157828967
RMSE: 6.980924836888711
NRMSE: 0.23054777002237886
