Compile time: 0.005564537001191638
Train time: 7.003109288969426
Predict time: 0.005771919037215412
Training set simulation time: 3.164
Total time: 10.178445745007833
Train loss: 51.46389389038086
R 10.0 0 10.0 R 10.0 1 10.0 53.1504 35.820976
0 30.0 F 30.0 F 30.0 0 30.0 12.5511 26.027712
R 10.0 0 10.0 1 10.0 R 10.0 47.7814 34.971107
1 30.0 F 30.0 0 30.0 R 30.0 17.1993 34.64418
F 10.0 0 10.0 R 10.0 F 10.0 12.9724 28.257156
F 20.0 0 20.0 0 20.0 F 20.0 15.6905 33.230755
Test loss: 77.005126953125
1 10.0 0 10.0 R 10.0 R 10.0 57.8005 36.564903
1 30.0 R 30.0 0 30.0 F 30.0 16.8979 39.546978
F 10.0 0 10.0 0 10.0 F 10.0 14.5101 32.736603
1 10.0 R 10.0 0 10.0 F 10.0 13.1011 38.560352
1 20.0 F 20.0 0 20.0 R 20.0 15.7419 34.150024
R 30.0 0 30.0 R 30.0 R 30.0 58.7247 38.094368
R 20.0 0 20.0 R 20.0 R 20.0 58.803 37.600212
1 20.0 0 20.0 R 20.0 R 20.0 57.582 37.059063
1 20.0 R 20.0 0 20.0 F 20.0 15.2477 39.053738
1 10.0 F 10.0 0 10.0 R 10.0 14.1747 33.65587
R 10.0 0 10.0 R 10.0 R 10.0 59.5082 37.106056
1 30.0 0 30.0 R 30.0 R 30.0 57.3814 37.55322
Mean of test: 30.27973263940521
MSE: 77.00512309485694
RMSE: 8.775256297958308
NRMSE: 0.28980626752755506
