Compile time: 0.011582344013731927
Train time: 68.98005867935717
Predict time: 0.08942511602072045
Training set simulation time: 78.068
Total time: 147.1490661393916
Train loss: 18.06631088256836
0 10.0 R 10.0 0 10.0 1 10.0 1 10.0 F 10.0 97.3713 80.920166
R 30.0 0 30.0 R 30.0 F 30.0 1 30.0 F 30.0 190.593 173.35503
R 20.0 R 20.0 1 20.0 0 20.0 F 20.0 0 20.0 147.475 128.1462
R 30.0 1 30.0 F 30.0 0 30.0 F 30.0 R 30.0 72.9556 93.67143
Test loss: 48.727115631103516
R 20.0 1 20.0 0 20.0 1 20.0 0 20.0 F 20.0 24.3841 68.84629
0 10.0 0 10.0 0 10.0 1 10.0 1 10.0 F 10.0 120.626 85.97596
R 30.0 1 30.0 0 30.0 1 30.0 0 30.0 F 30.0 26.5119 72.71667
1 30.0 R 30.0 0 30.0 1 30.0 0 30.0 F 30.0 70.3912 118.95658
1 10.0 R 10.0 0 10.0 1 10.0 0 10.0 F 10.0 67.7877 112.541405
R 10.0 1 10.0 0 10.0 1 10.0 0 10.0 F 10.0 22.6012 67.16012
1 20.0 R 20.0 0 20.0 1 20.0 0 20.0 F 20.0 69.1028 115.748985
Mean of test: 92.60666035511983
MSE: 48.72710993841629
RMSE: 6.980480638066142
NRMSE: 0.07537773861294655
