Compile time: 0.004552463011350483
Train time: 69.20702507498208
Predict time: 0.0865231919742655
Training set simulation time: 78.068
Total time: 147.36610072996768
Train loss: 16.41170883178711
0 10.0 R 10.0 0 10.0 1 10.0 1 10.0 F 10.0 97.3713 85.09659
1 30.0 0 30.0 1 30.0 F 30.0 R 30.0 F 30.0 195.19 181.97641
R 30.0 0 30.0 R 30.0 F 30.0 1 30.0 F 30.0 190.593 175.96153
0 30.0 0 30.0 0 30.0 F 30.0 1 30.0 1 30.0 105.822 91.282616
0 30.0 R 30.0 0 30.0 F 30.0 1 30.0 F 30.0 102.907 88.21579
F 30.0 R 30.0 0 30.0 F 30.0 1 30.0 1 30.0 103.867 91.59544
1 20.0 R 20.0 0 20.0 1 20.0 0 20.0 0 20.0 124.504 136.92012
0 10.0 1 10.0 F 10.0 F 10.0 1 10.0 0 10.0 107.454 94.47326
F 20.0 1 20.0 F 20.0 1 20.0 R 20.0 F 20.0 84.3017 72.27727
1 20.0 F 20.0 1 20.0 F 20.0 1 20.0 F 20.0 209.054 223.32152
R 20.0 R 20.0 0 20.0 F 20.0 F 20.0 F 20.0 168.032 152.84016
1 20.0 0 20.0 0 20.0 R 20.0 1 20.0 0 20.0 164.752 152.57343
0 20.0 0 20.0 0 20.0 F 20.0 1 20.0 1 20.0 104.866 92.44556
Test loss: 37.95820999145508
0 30.0 R 30.0 0 30.0 F 30.0 1 30.0 1 30.0 91.1268 57.89724
F 20.0 0 20.0 0 20.0 1 20.0 R 20.0 1 20.0 105.384 141.1318
1 30.0 R 30.0 0 30.0 1 30.0 0 30.0 F 30.0 70.3912 115.0972
F 30.0 0 30.0 0 30.0 1 30.0 R 30.0 1 30.0 107.052 141.25444
1 10.0 R 10.0 0 10.0 1 10.0 0 10.0 F 10.0 67.7877 113.26782
F 10.0 0 10.0 0 10.0 1 10.0 R 10.0 1 10.0 104.044 141.00917
1 20.0 R 20.0 0 20.0 1 20.0 0 20.0 F 20.0 69.1028 114.173935
Mean of test: 92.60666035511983
MSE: 37.958210893725806
RMSE: 6.161023526470728
NRMSE: 0.06652894622098432
