Compile time: 0.004402859980473295
Train time: 68.73780817960505
Predict time: 0.08756572208949365
Training set simulation time: 78.068
Total time: 146.897776761675
Train loss: 14.831449508666992
1 30.0 R 30.0 F 30.0 R 30.0 F 30.0 0 30.0 151.826 130.99777
R 30.0 0 30.0 R 30.0 F 30.0 1 30.0 F 30.0 190.593 172.27957
Test loss: 37.95199966430664
R 20.0 1 20.0 0 20.0 1 20.0 0 20.0 F 20.0 24.3841 64.93909
R 10.0 0 10.0 0 10.0 1 10.0 F 10.0 1 10.0 99.255 66.216934
F 10.0 F 10.0 0 10.0 R 10.0 R 10.0 1 10.0 146.328 114.117065
R 30.0 1 30.0 0 30.0 1 30.0 0 30.0 F 30.0 26.5119 65.59409
1 30.0 R 30.0 0 30.0 1 30.0 0 30.0 F 30.0 70.3912 102.32689
R 20.0 0 20.0 0 20.0 1 20.0 F 20.0 1 20.0 100.475 68.95736
1 10.0 R 10.0 0 10.0 1 10.0 0 10.0 F 10.0 67.7877 99.07143
R 30.0 0 30.0 0 30.0 1 30.0 F 30.0 1 30.0 101.262 71.56871
R 10.0 1 10.0 0 10.0 1 10.0 0 10.0 F 10.0 22.6012 64.284065
1 20.0 R 20.0 0 20.0 1 20.0 0 20.0 F 20.0 69.1028 100.409836
Mean of test: 92.60666035511983
MSE: 37.951997940779655
RMSE: 6.160519291486689
NRMSE: 0.06652350131041196
