Compile time: 0.003778087004320696
Train time: 22.71321576279297
Predict time: 0.020861861034063622
Training set simulation time: 15.015000000000004
Total time: 37.752855710831355
Train loss: 3.5514614582061768
Test loss: 11.062166213989258
R 30.0 F 30.0 F 30.0 1 30.0 0 30.0 15.9476 28.53663
R 20.0 F 20.0 F 20.0 1 20.0 0 20.0 14.2438 27.594677
R 30.0 1 30.0 F 30.0 F 30.0 0 30.0 19.3939 33.020004
R 10.0 F 10.0 F 10.0 1 10.0 0 10.0 12.3633 26.746595
R 10.0 1 10.0 F 10.0 F 10.0 0 10.0 16.0078 31.136103
R 20.0 1 20.0 F 20.0 F 20.0 0 20.0 17.7698 32.078056
1 30.0 1 30.0 0 30.0 R 30.0 F 30.0 33.7937 49.133877
1 20.0 1 20.0 0 20.0 R 20.0 F 20.0 33.1865 48.586678
1 10.0 1 10.0 0 10.0 R 10.0 F 10.0 32.6418 48.152504
Mean of test: 41.22596829925651
MSE: 11.062164730219525
RMSE: 3.3259832726908782
NRMSE: 0.08067689880678584
