Compile time: 0.00414438899315428
Train time: 24.172465205105254
Predict time: 0.02126683300593868
Training set simulation time: 15.015000000000004
Total time: 39.21287642710435
Train loss: 10.986120223999023
Test loss: 19.031457901000977
R 30.0 1 30.0 0 30.0 1 30.0 0 30.0 72.1777 56.380665
1 30.0 F 30.0 R 30.0 0 30.0 F 30.0 30.8787 46.971825
R 20.0 R 20.0 R 20.0 0 20.0 0 20.0 83.0259 70.29165
1 20.0 F 20.0 R 20.0 0 20.0 F 20.0 29.6214 45.793896
R 20.0 1 20.0 0 20.0 1 20.0 0 20.0 72.1569 57.13738
R 10.0 1 10.0 0 10.0 1 10.0 0 10.0 72.1878 58.144913
F 10.0 F 10.0 R 10.0 1 10.0 0 10.0 17.7332 30.169182
R 10.0 R 10.0 R 10.0 0 10.0 0 10.0 84.1721 70.685005
1 30.0 1 30.0 0 30.0 R 30.0 F 30.0 33.7937 47.033333
1 20.0 1 20.0 0 20.0 R 20.0 F 20.0 33.1865 46.436893
1 10.0 F 10.0 R 10.0 0 10.0 F 10.0 28.0758 44.61596
1 10.0 1 10.0 0 10.0 R 10.0 F 10.0 32.6418 45.840454
Mean of test: 41.22596829925651
MSE: 19.031461809628695
RMSE: 4.362506367861106
NRMSE: 0.10581937909120698
