Compile time: 0.005013222005800344
Train time: 4.72665137911099
Predict time: 0.005895699025131762
Training set simulation time: 2.4250000000000003
Total time: 7.162560300141923
Train loss: 66.27185821533203
1 30.0 F 30.0 0 30.0 R 30.0 17.1993 33.642918
R 20.0 0 20.0 R 20.0 R 20.0 58.803 36.00778
R 30.0 0 30.0 R 30.0 R 30.0 58.7247 37.815487
Test loss: 72.11001586914062
1 30.0 0 30.0 R 30.0 R 30.0 57.3814 37.764896
R 10.0 0 10.0 R 10.0 R 10.0 59.5082 34.200073
1 20.0 R 20.0 0 20.0 F 20.0 15.2477 38.172916
1 20.0 0 20.0 R 20.0 R 20.0 57.582 35.95719
R 10.0 0 10.0 0 10.0 R 10.0 56.7721 36.68855
R 20.0 0 20.0 0 20.0 R 20.0 56.5303 38.49859
1 10.0 0 10.0 R 10.0 R 10.0 57.8005 34.149483
1 10.0 R 10.0 0 10.0 F 10.0 13.1011 36.365215
1 30.0 R 30.0 0 30.0 F 30.0 16.8979 39.980625
R 10.0 0 10.0 R 10.0 1 10.0 53.1504 34.24975
Mean of test: 30.586273541666667
MSE: 72.11001960986599
RMSE: 8.491761867237328
NRMSE: 0.27763309759422905
