Compile time: 0.01385266799479723
Train time: 4.653488103154814
Predict time: 0.006019712978741154
Training set simulation time: 2.4250000000000003
Total time: 7.098360484128353
Train loss: 45.604305267333984
1 30.0 F 30.0 0 30.0 R 30.0 17.1993 29.374496
R 10.0 R 10.0 R 10.0 1 10.0 27.215 40.252586
F 10.0 F 10.0 0 10.0 1 10.0 35.6916 23.2455
1 10.0 0 10.0 0 10.0 R 10.0 52.3323 37.695812
1 20.0 R 20.0 F 20.0 F 20.0 23.6933 37.226234
F 30.0 F 30.0 0 30.0 1 30.0 39.8825 25.290005
Test loss: 62.79535675048828
1 30.0 0 30.0 R 30.0 R 30.0 57.3814 40.840614
R 10.0 R 10.0 R 10.0 R 10.0 29.2167 45.162594
1 20.0 R 20.0 0 20.0 F 20.0 15.2477 35.241657
1 20.0 0 20.0 R 20.0 R 20.0 57.582 38.099045
R 30.0 R 30.0 R 30.0 R 30.0 30.2092 50.645733
R 20.0 R 20.0 R 20.0 R 20.0 29.5089 47.904167
R 30.0 R 30.0 R 30.0 1 30.0 29.0745 45.735725
1 10.0 0 10.0 R 10.0 R 10.0 57.8005 35.35748
1 10.0 R 10.0 0 10.0 F 10.0 13.1011 34.21941
1 30.0 R 30.0 0 30.0 F 30.0 16.8979 36.26391
F 10.0 R 10.0 0 10.0 R 10.0 50.9156 28.823471
F 30.0 R 30.0 0 30.0 R 30.0 51.2912 34.306606
F 20.0 R 20.0 0 20.0 R 20.0 50.9575 31.565039
Mean of test: 30.586273541666667
MSE: 62.79535144220669
RMSE: 7.924351799497968
NRMSE: 0.2590819633095508
