Compile time: 0.0037161720101721585
Train time: 4.703766196820652
Predict time: 0.005932679996476509
Training set simulation time: 2.4250000000000003
Total time: 7.1384150488273015
Train loss: 64.75270080566406
1 30.0 F 30.0 0 30.0 R 30.0 17.1993 33.55382
R 20.0 0 20.0 R 20.0 R 20.0 58.803 35.91477
R 30.0 0 30.0 R 30.0 R 30.0 58.7247 37.717335
Test loss: 72.34142303466797
1 30.0 0 30.0 R 30.0 R 30.0 57.3814 37.721916
R 10.0 0 10.0 R 10.0 R 10.0 59.5082 34.1122
1 20.0 R 20.0 0 20.0 F 20.0 15.2477 38.13327
1 20.0 0 20.0 R 20.0 R 20.0 57.582 35.91935
R 10.0 0 10.0 0 10.0 R 10.0 56.7721 36.541454
R 20.0 0 20.0 0 20.0 R 20.0 56.5303 38.34402
1 10.0 0 10.0 R 10.0 R 10.0 57.8005 34.11678
1 10.0 R 10.0 0 10.0 F 10.0 13.1011 36.330704
1 30.0 R 30.0 0 30.0 F 30.0 16.8979 39.93584
R 10.0 0 10.0 R 10.0 1 10.0 53.1504 34.20919
Mean of test: 30.586273541666667
MSE: 72.34141886301695
RMSE: 8.505375880172313
NRMSE: 0.27807819964029684
