Compile time: 0.0053237629908835515
Train time: 6.331570468930295
Predict time: 0.005886059967451729
Training set simulation time: 3.3460000000000005
Total time: 9.68878029188863
Train loss: 82.4652099609375
F 10.0 F 10.0 0 10.0 1 10.0 61.0136 36.952366
1 30.0 R 30.0 1 30.0 R 30.0 22.545 41.763004
F 30.0 0 30.0 0 30.0 F 30.0 21.3289 43.016216
Test loss: 125.19450378417969
F 20.0 0 20.0 0 20.0 F 20.0 20.3841 40.524677
1 30.0 0 30.0 F 30.0 R 30.0 22.8945 46.147785
F 10.0 0 10.0 F 10.0 1 10.0 53.3769 33.162785
F 10.0 F 10.0 F 10.0 1 10.0 56.641 30.196283
F 20.0 0 20.0 F 20.0 1 20.0 54.951 35.654324
F 20.0 F 20.0 F 20.0 1 20.0 58.027 32.68782
1 30.0 R 30.0 0 30.0 F 30.0 23.9997 48.17261
0 20.0 F 20.0 F 20.0 1 20.0 51.942 31.023895
F 20.0 F 20.0 0 20.0 1 20.0 62.5857 39.443905
1 20.0 R 20.0 0 20.0 F 20.0 22.3911 45.681072
F 10.0 R 10.0 0 10.0 R 10.0 65.9335 46.782227
1 10.0 F 10.0 0 10.0 R 10.0 24.8512 44.954285
0 10.0 R 10.0 0 10.0 R 10.0 64.9077 45.118298
F 10.0 0 10.0 0 10.0 F 10.0 19.2732 38.033134
1 10.0 0 10.0 F 10.0 R 10.0 19.7854 41.1647
0 30.0 F 30.0 F 30.0 1 30.0 53.9632 33.515434
0 10.0 F 10.0 0 10.0 1 10.0 54.4445 35.288437
1 30.0 F 30.0 0 30.0 R 30.0 27.7042 49.937366
R 10.0 0 10.0 0 10.0 R 10.0 65.9803 46.256855
0 10.0 F 10.0 F 10.0 1 10.0 50.4151 28.532354
1 20.0 F 20.0 0 20.0 R 20.0 26.3096 47.445824
F 30.0 F 30.0 F 30.0 1 30.0 60.1794 35.179363
F 30.0 F 30.0 0 30.0 1 30.0 64.5199 41.935448
1 20.0 0 20.0 F 20.0 R 20.0 21.4132 43.656242
1 10.0 R 10.0 0 10.0 F 10.0 20.347 43.189533
Mean of test: 38.000820377358494
MSE: 125.19450674133424
RMSE: 11.189035112168263
NRMSE: 0.2944419357544942
