Compile time: 0.0038477469934150577
Train time: 6.574733169851243
Predict time: 0.00593661300081294
Training set simulation time: 3.3460000000000005
Total time: 9.93051752984547
Train loss: 20.978309631347656
0 30.0 R 30.0 R 30.0 R 30.0 31.8432 44.90392
R 10.0 F 10.0 0 10.0 R 10.0 36.0111 48.994736
Test loss: 54.17800521850586
1 30.0 R 30.0 0 30.0 F 30.0 23.9997 48.387165
1 20.0 R 20.0 0 20.0 F 20.0 22.3911 42.86677
1 10.0 F 10.0 0 10.0 R 10.0 24.8512 48.666218
1 10.0 0 10.0 F 10.0 R 10.0 19.7854 42.74473
1 30.0 F 30.0 0 30.0 R 30.0 27.7042 48.35812
1 20.0 F 20.0 0 20.0 R 20.0 26.3096 46.443245
F 30.0 F 30.0 F 30.0 1 30.0 60.1794 41.728962
1 20.0 0 20.0 F 20.0 R 20.0 21.4132 40.521748
Mean of test: 38.000820377358494
MSE: 54.178010216189605
RMSE: 7.360571324033862
NRMSE: 0.1936950637102406
