Compile time: 0.005205333000048995
Train time: 6.337397560069803
Predict time: 0.005898349001654424
Training set simulation time: 3.3460000000000005
Total time: 9.694501242071507
Train loss: 58.7336311340332
0 30.0 R 30.0 R 30.0 R 30.0 31.8432 50.26269
F 10.0 F 10.0 0 10.0 1 10.0 61.0136 35.14864
Test loss: 101.76952362060547
F 30.0 0 30.0 F 30.0 1 30.0 56.7241 32.550926
F 10.0 0 10.0 F 10.0 1 10.0 53.3769 30.886114
R 30.0 R 30.0 R 30.0 R 30.0 32.7381 56.51623
1 30.0 R 30.0 R 30.0 R 30.0 34.8404 54.779995
F 10.0 F 10.0 F 10.0 1 10.0 56.641 35.339546
F 20.0 0 20.0 F 20.0 1 20.0 54.951 31.718521
F 20.0 F 20.0 F 20.0 1 20.0 58.027 36.17196
1 30.0 R 30.0 0 30.0 F 30.0 23.9997 45.10281
F 20.0 F 20.0 0 20.0 1 20.0 62.5857 35.981045
0 20.0 F 20.0 0 20.0 1 20.0 55.5224 33.55397
0 30.0 F 30.0 0 30.0 1 30.0 56.4405 34.386375
0 10.0 F 10.0 0 10.0 1 10.0 54.4445 32.72157
F 30.0 F 30.0 F 30.0 1 30.0 60.1794 37.004364
F 30.0 F 30.0 0 30.0 1 30.0 64.5199 36.81345
R 20.0 R 20.0 R 20.0 R 20.0 32.0519 53.167355
Mean of test: 38.000820377358494
MSE: 101.76951837731795
RMSE: 10.088087944566995
NRMSE: 0.26547026733606105
