Compile time: 0.008795557005214505
Train time: 6.495720691527822
Predict time: 0.005743719011661597
Training set simulation time: 3.384000000000001
Total time: 9.894259967544698
Train loss: 31.043731689453125
1 10.0 R 10.0 0 10.0 F 10.0 13.1011 32.384457
R 30.0 R 30.0 R 30.0 R 30.0 30.2092 44.455227
Test loss: 44.63497543334961
R 10.0 R 10.0 R 10.0 R 10.0 29.2167 44.555023
R 20.0 R 20.0 1 20.0 R 20.0 24.1267 36.510193
F 30.0 R 30.0 0 30.0 R 30.0 51.2912 38.817318
F 10.0 0 10.0 0 10.0 F 10.0 14.5101 28.844885
R 10.0 R 10.0 1 10.0 R 10.0 23.9306 36.53574
1 30.0 R 30.0 0 30.0 F 30.0 16.8979 32.49942
1 20.0 R 20.0 0 20.0 F 20.0 15.2477 32.44194
F 30.0 R 30.0 0 30.0 F 30.0 20.5706 35.272236
F 20.0 0 20.0 0 20.0 F 20.0 15.6905 28.79429
F 10.0 R 10.0 0 10.0 F 10.0 17.9438 35.15727
F 10.0 0 10.0 R 10.0 F 10.0 12.9724 25.563198
F 20.0 R 20.0 0 20.0 F 20.0 19.4085 35.214752
R 20.0 R 20.0 R 20.0 R 20.0 29.5089 44.50512
Mean of test: 30.28209732342008
MSE: 44.63497770730108
RMSE: 6.6809413788253735
NRMSE: 0.22062346961874252
