Compile time: 0.00568981199467089
Train time: 7.428475941313081
Predict time: 0.006096174038248137
Training set simulation time: 3.384000000000001
Total time: 10.824261927346
Train loss: 24.101884841918945
1 10.0 R 10.0 0 10.0 F 10.0 13.1011 32.13436
Test loss: 38.641639709472656
1 10.0 F 10.0 0 10.0 R 10.0 14.1747 27.438171
1 30.0 R 30.0 0 30.0 F 30.0 16.8979 35.268234
1 20.0 R 20.0 0 20.0 F 20.0 15.2477 33.698475
F 10.0 0 10.0 R 10.0 1 10.0 20.1947 34.804302
1 30.0 F 30.0 1 30.0 0 30.0 35.6716 22.157887
F 30.0 R 30.0 0 30.0 F 30.0 20.5706 34.456593
F 10.0 R 10.0 0 10.0 F 10.0 17.9438 31.53155
F 20.0 R 20.0 0 20.0 F 20.0 19.4085 32.88682
Mean of test: 30.28209732342008
MSE: 38.64163541898819
RMSE: 6.216239652634717
NRMSE: 0.20527771198420583
