Compile time: 0.0036430460022529587
Train time: 6.3400283356168075
Predict time: 0.00587781603098847
Training set simulation time: 3.384000000000001
Total time: 9.73354919765005
Train loss: 28.035602569580078
1 10.0 R 10.0 0 10.0 F 10.0 13.1011 31.708838
R 30.0 R 30.0 R 30.0 R 30.0 30.2092 43.901394
1 30.0 R 30.0 0 30.0 R 30.0 51.3128 37.512306
Test loss: 49.08740234375
0 30.0 R 30.0 0 30.0 R 30.0 50.6828 36.28565
R 10.0 R 10.0 R 10.0 R 10.0 29.2167 43.857006
F 30.0 R 30.0 0 30.0 R 30.0 51.2912 32.939434
0 20.0 R 20.0 0 20.0 R 20.0 50.3073 35.801304
F 20.0 R 20.0 0 20.0 R 20.0 50.9575 33.972748
0 10.0 R 10.0 0 10.0 R 10.0 50.2879 35.779118
1 30.0 R 30.0 0 30.0 F 30.0 16.8979 32.797092
1 20.0 R 20.0 0 20.0 F 20.0 15.2477 32.252964
1 20.0 F 20.0 1 20.0 F 20.0 37.0452 20.146574
1 30.0 F 30.0 F 30.0 F 30.0 37.0248 23.637094
1 10.0 F 10.0 1 10.0 F 10.0 35.334 19.602446
1 30.0 F 30.0 R 30.0 F 30.0 38.3453 23.39434
1 20.0 F 20.0 R 20.0 F 20.0 36.3199 22.850212
R 20.0 R 20.0 R 20.0 R 20.0 29.5089 43.8792
F 10.0 R 10.0 0 10.0 R 10.0 50.9156 35.006058
1 30.0 F 30.0 1 30.0 F 30.0 39.422 20.690702
Mean of test: 30.28209732342008
MSE: 49.08740569582871
RMSE: 7.006240482300669
NRMSE: 0.23136576068270095
