Compile time: 0.004610413001501001
Train time: 4.933192747019348
Predict time: 0.005805556997074746
Training set simulation time: 3.5880000000000005
Total time: 8.531608717017924
Train loss: 101.4845199584961
0 30.0 F 30.0 0 30.0 F 30.0 22.5221 41.83281
R 20.0 0 20.0 0 20.0 R 20.0 65.8715 45.520897
1 20.0 F 20.0 0 20.0 R 20.0 26.3096 44.73478
R 20.0 1 20.0 R 20.0 0 20.0 49.0973 28.095926
0 10.0 F 10.0 F 10.0 0 10.0 19.5453 36.90184
F 20.0 R 20.0 1 20.0 R 20.0 20.6614 36.25041
1 30.0 0 30.0 F 30.0 R 30.0 22.8945 44.919918
R 20.0 R 20.0 R 20.0 F 20.0 46.5728 28.623243
0 10.0 R 10.0 0 10.0 R 10.0 64.9077 43.8696
R 30.0 R 30.0 R 30.0 F 30.0 47.4296 30.152838
1 30.0 0 30.0 0 30.0 R 30.0 63.1593 46.429985
1 20.0 R 20.0 0 20.0 R 20.0 62.92 42.425865
F 20.0 0 20.0 0 20.0 F 20.0 20.3841 39.84832
1 10.0 F 10.0 0 10.0 R 10.0 24.8512 43.205185
Test loss: 121.39012908935547
R 30.0 R 30.0 R 30.0 0 30.0 51.3455 29.791132
R 20.0 R 20.0 R 20.0 0 20.0 50.2911 28.261538
F 30.0 R 30.0 0 30.0 R 30.0 65.8608 46.30829
1 10.0 R 10.0 R 10.0 0 10.0 53.2005 26.111437
1 20.0 0 20.0 F 20.0 R 20.0 21.4132 43.39032
1 30.0 R 30.0 0 30.0 R 30.0 63.4252 43.95546
F 20.0 R 20.0 0 20.0 R 20.0 65.8181 44.778698
R 10.0 0 10.0 0 10.0 R 10.0 65.9803 43.9913
0 20.0 R 20.0 0 20.0 R 20.0 64.6956 45.399197
1 10.0 0 10.0 F 10.0 R 10.0 19.7854 41.860725
R 30.0 1 30.0 R 30.0 0 30.0 49.7334 29.625525
1 30.0 R 30.0 R 30.0 0 30.0 55.8349 29.17063
R 30.0 0 30.0 0 30.0 R 30.0 66.3279 47.050488
0 10.0 0 10.0 F 10.0 F 10.0 16.5848 37.429153
R 10.0 1 10.0 R 10.0 0 10.0 48.4556 26.566332
R 10.0 R 10.0 R 10.0 0 10.0 49.55 26.73194
F 10.0 R 10.0 0 10.0 R 10.0 65.9335 43.249096
1 10.0 R 10.0 0 10.0 R 10.0 62.4906 40.896267
0 30.0 0 30.0 F 30.0 F 30.0 19.454 40.48835
1 10.0 1 10.0 R 10.0 0 10.0 45.7105 25.94583
F 30.0 0 30.0 0 30.0 F 30.0 21.3289 41.377914
1 20.0 R 20.0 R 20.0 0 20.0 54.4268 27.641033
0 20.0 0 20.0 F 20.0 F 20.0 17.9662 38.95875
Mean of test: 37.82088309859155
MSE: 121.39012631999842
RMSE: 11.017718743914205
NRMSE: 0.29131310115613096
