Compile time: 0.009009988003526814
Train time: 5.010177589327213
Predict time: 0.005900562973693013
Training set simulation time: 3.5880000000000005
Total time: 8.613088140304434
Train loss: 102.0043716430664
0 30.0 F 30.0 0 30.0 F 30.0 22.5221 42.011913
R 20.0 0 20.0 0 20.0 R 20.0 65.8715 45.72422
1 20.0 F 20.0 0 20.0 R 20.0 26.3096 44.933437
R 20.0 1 20.0 R 20.0 0 20.0 49.0973 28.234562
0 10.0 F 10.0 F 10.0 0 10.0 19.5453 36.96039
1 30.0 0 30.0 F 30.0 R 30.0 22.8945 45.15259
R 20.0 R 20.0 R 20.0 F 20.0 46.5728 28.743916
0 10.0 R 10.0 0 10.0 R 10.0 64.9077 43.95242
R 30.0 R 30.0 R 30.0 F 30.0 47.4296 30.33102
1 30.0 0 30.0 0 30.0 R 30.0 63.1593 46.70336
1 20.0 R 20.0 0 20.0 R 20.0 62.92 42.606728
F 20.0 0 20.0 0 20.0 F 20.0 20.3841 39.999645
1 10.0 F 10.0 0 10.0 R 10.0 24.8512 43.346333
Test loss: 121.10997009277344
F 10.0 0 10.0 0 10.0 F 10.0 19.2732 38.41254
R 30.0 R 30.0 R 30.0 0 30.0 51.3455 30.00448
R 20.0 R 20.0 R 20.0 0 20.0 50.2911 28.417374
0 20.0 F 20.0 0 20.0 F 20.0 21.3392 40.424805
F 30.0 R 30.0 0 30.0 R 30.0 65.8608 46.51579
1 10.0 R 10.0 R 10.0 0 10.0 53.2005 26.222294
1 20.0 0 20.0 F 20.0 R 20.0 21.4132 43.565487
1 30.0 R 30.0 0 30.0 R 30.0 63.4252 44.192722
F 20.0 R 20.0 0 20.0 R 20.0 65.8181 44.931553
R 10.0 0 10.0 0 10.0 R 10.0 65.9803 44.13712
0 20.0 R 20.0 0 20.0 R 20.0 64.6956 45.539093
1 10.0 0 10.0 F 10.0 R 10.0 19.7854 41.978374
R 30.0 1 30.0 R 30.0 0 30.0 49.7334 29.821667
1 30.0 R 30.0 R 30.0 0 30.0 55.8349 29.396507
0 10.0 0 10.0 F 10.0 F 10.0 16.5848 37.469746
R 10.0 1 10.0 R 10.0 0 10.0 48.4556 26.647453
R 10.0 R 10.0 R 10.0 0 10.0 49.55 26.830267
F 10.0 R 10.0 0 10.0 R 10.0 65.9335 43.344448
1 10.0 R 10.0 0 10.0 R 10.0 62.4906 41.01962
0 30.0 0 30.0 F 30.0 F 30.0 19.454 40.643955
1 10.0 1 10.0 R 10.0 0 10.0 45.7105 26.03948
F 30.0 0 30.0 0 30.0 F 30.0 21.3289 41.586754
1 20.0 R 20.0 R 20.0 0 20.0 54.4268 27.809402
0 20.0 0 20.0 F 20.0 F 20.0 17.9662 39.056854
Mean of test: 37.82088309859155
MSE: 121.10995791279359
RMSE: 11.004996951966575
NRMSE: 0.29097673164528515
