Compile time: 0.005645914003252983
Train time: 4.919789501742343
Predict time: 0.005869287997484207
Training set simulation time: 3.5880000000000005
Total time: 8.519304703743082
Train loss: 101.53368377685547
0 30.0 F 30.0 0 30.0 F 30.0 22.5221 41.7781
R 20.0 0 20.0 0 20.0 R 20.0 65.8715 45.561874
1 20.0 F 20.0 0 20.0 R 20.0 26.3096 44.710823
R 20.0 1 20.0 R 20.0 0 20.0 49.0973 28.04681
0 10.0 F 10.0 F 10.0 0 10.0 19.5453 36.868683
1 30.0 0 30.0 F 30.0 R 30.0 22.8945 44.843014
R 20.0 R 20.0 R 20.0 F 20.0 46.5728 28.549854
0 10.0 R 10.0 0 10.0 R 10.0 64.9077 43.82879
R 30.0 R 30.0 R 30.0 F 30.0 47.4296 30.062706
1 30.0 0 30.0 0 30.0 R 30.0 63.1593 46.40015
1 20.0 R 20.0 0 20.0 R 20.0 62.92 42.34846
F 20.0 0 20.0 0 20.0 F 20.0 20.3841 39.767147
1 10.0 F 10.0 0 10.0 R 10.0 24.8512 43.19797
Test loss: 121.57132720947266
R 30.0 R 30.0 R 30.0 0 30.0 51.3455 29.736141
R 20.0 R 20.0 R 20.0 0 20.0 50.2911 28.223286
F 30.0 R 30.0 0 30.0 R 30.0 65.8608 46.179916
1 10.0 R 10.0 R 10.0 0 10.0 53.2005 26.035862
1 20.0 0 20.0 F 20.0 R 20.0 21.4132 43.330154
1 30.0 R 30.0 0 30.0 R 30.0 63.4252 43.861313
F 20.0 R 20.0 0 20.0 R 20.0 65.8181 44.667065
R 10.0 0 10.0 0 10.0 R 10.0 65.9803 44.049023
0 20.0 R 20.0 0 20.0 R 20.0 64.6956 45.34164
1 10.0 0 10.0 F 10.0 R 10.0 19.7854 41.817307
R 30.0 1 30.0 R 30.0 0 30.0 49.7334 29.559664
1 30.0 R 30.0 R 30.0 0 30.0 55.8349 29.061565
R 30.0 0 30.0 0 30.0 R 30.0 66.3279 47.074726
0 10.0 0 10.0 F 10.0 F 10.0 16.5848 37.371727
R 10.0 1 10.0 R 10.0 0 10.0 48.4556 26.533958
R 10.0 R 10.0 R 10.0 0 10.0 49.55 26.710434
F 10.0 R 10.0 0 10.0 R 10.0 65.9335 43.154213
1 10.0 R 10.0 0 10.0 R 10.0 62.4906 40.83561
0 30.0 0 30.0 F 30.0 F 30.0 19.454 40.39743
1 10.0 1 10.0 R 10.0 0 10.0 45.7105 25.859385
F 30.0 0 30.0 0 30.0 F 30.0 21.3289 41.280003
1 20.0 R 20.0 R 20.0 0 20.0 54.4268 27.548714
0 20.0 0 20.0 F 20.0 F 20.0 17.9662 38.884583
Mean of test: 37.82088309859155
MSE: 121.57132993287028
RMSE: 11.025938959239268
NRMSE: 0.29153044709444853
