Compile time: 0.006354693992761895
Train time: 4.667871616285993
Predict time: 0.006408928980818018
Training set simulation time: 2.6470000000000002
Total time: 7.327635239259573
Train loss: 50.20627975463867
1 30.0 0 30.0 R 30.0 R 30.0 57.3814 36.91045
1 20.0 F 20.0 0 20.0 R 20.0 15.7419 33.230423
Test loss: 77.90867614746094
R 30.0 0 30.0 R 30.0 1 30.0 53.2543 33.77621
R 10.0 0 10.0 1 10.0 R 10.0 47.7814 28.572895
R 10.0 0 10.0 0 10.0 R 10.0 56.7721 36.065323
1 10.0 R 10.0 0 10.0 F 10.0 13.1011 36.905334
R 20.0 0 20.0 0 20.0 R 20.0 56.5303 37.457756
1 30.0 R 30.0 0 30.0 F 30.0 16.8979 39.690193
R 30.0 0 30.0 R 30.0 R 30.0 58.7247 35.63095
R 10.0 0 10.0 R 10.0 1 10.0 53.1504 30.991356
R 10.0 0 10.0 R 10.0 R 10.0 59.5082 32.846096
1 20.0 R 20.0 0 20.0 F 20.0 15.2477 38.297764
R 20.0 0 20.0 R 20.0 1 20.0 53.0741 32.38378
1 10.0 0 10.0 R 10.0 R 10.0 57.8005 34.12559
R 20.0 0 20.0 R 20.0 R 20.0 58.803 34.23852
1 20.0 0 20.0 R 20.0 R 20.0 57.582 35.51802
Mean of test: 31.236279513888892
MSE: 77.90867792122211
RMSE: 8.826589257534424
NRMSE: 0.2825749223306115
