Compile time: 0.0037531529960688204
Train time: 4.6228253898298135
Predict time: 0.006280401998083107
Training set simulation time: 2.6470000000000002
Total time: 7.279858944823966
Train loss: 49.9135856628418
1 30.0 0 30.0 R 30.0 R 30.0 57.3814 36.845104
1 20.0 F 20.0 0 20.0 R 20.0 15.7419 32.921413
Test loss: 77.15444946289062
R 30.0 0 30.0 R 30.0 1 30.0 53.2543 33.573578
R 10.0 0 10.0 1 10.0 R 10.0 47.7814 28.671019
R 10.0 0 10.0 0 10.0 R 10.0 56.7721 36.322742
1 10.0 R 10.0 0 10.0 F 10.0 13.1011 37.226894
R 20.0 0 20.0 0 20.0 R 20.0 56.5303 37.67753
1 30.0 R 30.0 0 30.0 F 30.0 16.8979 39.93646
R 30.0 0 30.0 R 30.0 R 30.0 58.7247 35.701378
R 10.0 0 10.0 R 10.0 1 10.0 53.1504 30.864014
R 10.0 0 10.0 R 10.0 R 10.0 59.5082 32.99181
1 20.0 R 20.0 0 20.0 F 20.0 15.2477 38.581676
R 20.0 0 20.0 R 20.0 1 20.0 53.0741 32.218796
1 10.0 0 10.0 R 10.0 R 10.0 57.8005 34.135536
R 20.0 0 20.0 R 20.0 R 20.0 58.803 34.346592
1 20.0 0 20.0 R 20.0 R 20.0 57.582 35.490314
Mean of test: 31.236279513888892
MSE: 77.15444390588745
RMSE: 8.783760237272386
NRMSE: 0.28120379167969656
