Compile time: 0.005736767998314463
Train time: 4.712639346704236
Predict time: 0.0059995560004608706
Training set simulation time: 2.6470000000000002
Total time: 7.371375670703012
Train loss: 37.601749420166016
1 30.0 0 30.0 R 30.0 R 30.0 57.3814 38.529007
1 20.0 0 20.0 0 20.0 R 20.0 52.6086 39.21686
F 20.0 R 20.0 0 20.0 F 20.0 19.4085 37.01978
1 20.0 F 20.0 0 20.0 R 20.0 15.7419 34.014214
Test loss: 68.70498657226562
R 10.0 0 10.0 0 10.0 R 10.0 56.7721 35.255146
1 10.0 R 10.0 0 10.0 F 10.0 13.1011 37.548824
R 20.0 0 20.0 0 20.0 R 20.0 56.5303 37.07834
1 30.0 R 30.0 0 30.0 F 30.0 16.8979 37.104504
R 30.0 0 30.0 R 30.0 R 30.0 58.7247 36.390484
R 10.0 0 10.0 R 10.0 1 10.0 53.1504 31.503912
F 10.0 R 10.0 0 10.0 F 10.0 17.9438 37.2429
R 10.0 0 10.0 R 10.0 R 10.0 59.5082 32.74567
1 20.0 R 20.0 0 20.0 F 20.0 15.2477 37.327618
R 20.0 0 20.0 R 20.0 1 20.0 53.0741 33.32632
1 10.0 0 10.0 R 10.0 R 10.0 57.8005 34.88419
R 20.0 0 20.0 R 20.0 R 20.0 58.803 34.568077
1 20.0 0 20.0 R 20.0 R 20.0 57.582 36.7066
Mean of test: 31.236279513888892
MSE: 68.70497889614543
RMSE: 8.288846656570831
NRMSE: 0.26535960061713754
