Compile time: 0.0072102450067177415
Train time: 6.366814942244673
Predict time: 0.005231503979302943
Training set simulation time: 3.3920000000000003
Total time: 9.771256691230693
Train loss: 51.95849609375
F 20.0 0 20.0 0 20.0 F 20.0 20.2241 36.25383
F 20.0 R 20.0 0 20.0 R 20.0 46.1754 30.340235
F 30.0 0 30.0 0 30.0 F 30.0 21.9617 38.44662
1 30.0 F 30.0 F 30.0 F 30.0 69.7773 50.00235
0 30.0 F 30.0 0 30.0 F 30.0 23.772 38.71716
Test loss: 72.23497772216797
F 20.0 F 20.0 F 20.0 R 20.0 50.2507 33.20195
F 10.0 0 10.0 R 10.0 R 10.0 40.8901 25.887054
F 10.0 F 10.0 F 10.0 R 10.0 48.5214 30.95218
F 30.0 F 30.0 F 30.0 R 30.0 51.9948 35.45172
F 10.0 0 10.0 0 10.0 F 10.0 18.7803 34.18446
1 20.0 F 20.0 F 20.0 F 20.0 67.5867 47.93298
1 10.0 F 10.0 F 10.0 F 10.0 65.7389 45.86361
R 20.0 R 20.0 0 20.0 0 20.0 72.221 57.02624
1 20.0 0 20.0 F 20.0 F 20.0 62.3845 47.09442
0 20.0 F 20.0 0 20.0 F 20.0 22.5348 36.591663
1 30.0 F 30.0 F 30.0 0 30.0 65.7347 49.379524
F 10.0 F 10.0 0 10.0 F 10.0 21.3566 35.786392
1 30.0 0 30.0 F 30.0 F 30.0 64.2526 49.163788
R 10.0 R 10.0 0 10.0 0 10.0 72.9287 54.933365
R 30.0 R 30.0 0 30.0 1 30.0 21.076 39.340096
R 10.0 R 10.0 0 10.0 1 10.0 19.8755 34.840557
F 30.0 F 30.0 0 30.0 F 30.0 24.2337 40.28593
R 20.0 R 20.0 0 20.0 1 20.0 20.4345 37.090324
1 20.0 F 20.0 F 20.0 0 20.0 64.2285 47.310154
1 10.0 0 10.0 F 10.0 F 10.0 60.9982 45.025047
F 10.0 F 10.0 F 10.0 1 10.0 48.3057 34.01036
R 10.0 1 10.0 0 10.0 0 10.0 64.1898 49.610104
1 10.0 F 10.0 F 10.0 0 10.0 62.7982 45.240784
F 10.0 R 10.0 0 10.0 R 10.0 46.2952 28.090464
F 20.0 F 20.0 0 20.0 F 20.0 22.4879 38.03616
Mean of test: 38.779826984126984
MSE: 72.2349819765802
RMSE: 8.4991165409459
NRMSE: 0.2191633434678469
