Compile time: 0.003145012989989482
Train time: 7.076979733799817
Predict time: 0.009843574021942914
Training set simulation time: 3.3920000000000003
Total time: 10.481968320811749
Train loss: 49.23904800415039
1 30.0 0 30.0 R 30.0 0 30.0 51.2795 38.843002
F 20.0 F 20.0 F 20.0 F 20.0 25.3603 40.23408
F 30.0 0 30.0 F 30.0 F 30.0 25.1201 38.757545
F 10.0 F 10.0 F 10.0 F 10.0 23.6328 38.079292
F 30.0 F 30.0 F 30.0 1 30.0 52.4041 39.446335
F 20.0 0 20.0 0 20.0 F 20.0 20.2241 36.82435
R 30.0 0 30.0 R 30.0 1 30.0 22.7449 35.097492
F 20.0 R 20.0 0 20.0 R 20.0 46.1754 33.47017
0 30.0 F 30.0 F 30.0 1 30.0 49.034 35.410896
F 30.0 F 30.0 F 30.0 F 30.0 27.5795 42.388863
1 20.0 0 20.0 F 20.0 0 20.0 55.5792 43.313812
F 30.0 0 30.0 0 30.0 F 30.0 21.9617 38.979134
1 30.0 F 30.0 F 30.0 F 30.0 69.7773 54.66778
0 30.0 F 30.0 0 30.0 F 30.0 23.772 38.575012
Test loss: 78.22044372558594
F 20.0 F 20.0 F 20.0 R 20.0 50.2507 31.723686
F 20.0 F 20.0 0 20.0 R 20.0 47.7298 31.945276
F 10.0 F 10.0 F 10.0 R 10.0 48.5214 29.568903
F 30.0 F 30.0 F 30.0 R 30.0 51.9948 33.878468
1 10.0 R 10.0 0 10.0 0 10.0 55.6271 33.475277
F 10.0 0 10.0 0 10.0 F 10.0 18.7803 34.669567
F 10.0 F 10.0 0 10.0 R 10.0 46.811 29.790493
1 20.0 R 20.0 0 20.0 0 20.0 56.0544 35.63006
1 30.0 F 30.0 F 30.0 0 30.0 65.7347 49.099915
F 10.0 F 10.0 0 10.0 F 10.0 21.3566 38.300888
1 30.0 R 30.0 0 30.0 0 30.0 56.6561 38.00803
1 10.0 0 10.0 R 10.0 0 10.0 49.9063 33.861088
F 30.0 F 30.0 0 30.0 F 30.0 24.2337 42.61045
1 20.0 F 20.0 F 20.0 0 20.0 64.2285 46.945133
1 10.0 F 10.0 F 10.0 0 10.0 62.7982 44.790344
F 10.0 0 10.0 F 10.0 R 10.0 42.0842 25.937586
F 20.0 F 20.0 0 20.0 F 20.0 22.4879 40.455666
Mean of test: 38.779826984126984
MSE: 78.22044837460699
RMSE: 8.844232492116372
NRMSE: 0.22806271146429857
