Compile time: 0.017797715991036966
Train time: 334.2647375452507
Predict time: 0.32495366723742336
Training set simulation time: 419.70400000000006
Total time: 754.3114889284792
Train loss: 27.12967300415039
0 30.0 1 30.0 F 30.0 0 30.0 0 30.0 1 30.0 R 30.0 140.852 117.630905
R 30.0 F 30.0 1 30.0 0 30.0 F 30.0 R 30.0 F 30.0 167.095 145.20872
1 10.0 F 10.0 1 10.0 R 10.0 R 10.0 0 10.0 F 10.0 87.4147 113.44762
F 30.0 0 30.0 0 30.0 1 30.0 R 30.0 F 30.0 1 30.0 67.2394 93.937935
1 10.0 R 10.0 R 10.0 0 10.0 F 10.0 1 10.0 0 10.0 70.5992 93.90853
R 30.0 1 30.0 0 30.0 0 30.0 R 30.0 F 30.0 1 30.0 64.5024 91.72941
R 20.0 F 20.0 1 20.0 R 20.0 F 20.0 0 20.0 F 20.0 196.164 170.37772
0 30.0 0 30.0 F 30.0 R 30.0 1 30.0 F 30.0 1 30.0 14.876 37.98661
1 10.0 1 10.0 F 10.0 0 10.0 R 10.0 0 10.0 1 10.0 90.0889 121.001335
F 20.0 0 20.0 R 20.0 0 20.0 1 20.0 1 20.0 1 20.0 37.7259 13.622214
F 30.0 0 30.0 R 30.0 0 30.0 1 30.0 1 30.0 1 30.0 38.6858 13.972862
1 10.0 1 10.0 F 10.0 0 10.0 0 10.0 R 10.0 F 10.0 103.291 132.4041
R 10.0 R 10.0 0 10.0 F 10.0 1 10.0 0 10.0 1 10.0 58.68 83.05963
R 10.0 F 10.0 1 10.0 R 10.0 F 10.0 0 10.0 F 10.0 197.434 172.10301
Test loss: 39.26473617553711
1 20.0 R 20.0 F 20.0 0 20.0 R 20.0 F 20.0 F 20.0 108.577 75.52224
F 10.0 R 10.0 R 10.0 0 10.0 F 10.0 F 10.0 R 10.0 28.1073 67.99282
F 20.0 0 20.0 F 20.0 R 20.0 0 20.0 1 20.0 1 20.0 70.8212 104.939156
1 10.0 0 10.0 F 10.0 R 10.0 0 10.0 1 10.0 1 10.0 64.1559 100.07819
F 10.0 0 10.0 F 10.0 R 10.0 0 10.0 1 10.0 1 10.0 69.7964 106.08311
1 30.0 1 30.0 1 30.0 0 30.0 0 30.0 R 30.0 F 30.0 98.9277 138.33052
F 30.0 0 30.0 F 30.0 R 30.0 0 30.0 1 30.0 1 30.0 71.3671 103.79514
F 30.0 R 30.0 R 30.0 0 30.0 F 30.0 F 30.0 R 30.0 35.2885 67.98748
R 30.0 F 30.0 1 30.0 0 30.0 0 30.0 F 30.0 R 30.0 54.2689 20.750282
1 10.0 1 10.0 1 10.0 0 10.0 0 10.0 R 10.0 F 10.0 94.1938 139.31848
1 20.0 1 20.0 1 20.0 0 20.0 0 20.0 R 20.0 F 20.0 96.7318 138.82452
0 10.0 R 10.0 1 10.0 0 10.0 1 10.0 F 10.0 F 10.0 20.9705 53.348743
F 20.0 R 20.0 R 20.0 0 20.0 F 20.0 F 20.0 R 20.0 32.042 68.02826
R 10.0 1 10.0 0 10.0 0 10.0 R 10.0 F 10.0 1 10.0 59.6977 91.64465
1 30.0 R 30.0 F 30.0 0 30.0 R 30.0 F 30.0 F 30.0 110.265 77.24208
1 20.0 0 20.0 F 20.0 R 20.0 0 20.0 1 20.0 1 20.0 65.4675 99.100204
1 10.0 F 10.0 F 10.0 R 10.0 0 10.0 R 10.0 1 10.0 68.7166 103.9611
1 10.0 R 10.0 F 10.0 0 10.0 R 10.0 F 10.0 F 10.0 105.857 73.80237
Mean of test: 96.04101344230656
MSE: 39.26470389785035
RMSE: 6.266155431989407
NRMSE: 0.06524457840871901
