Compile time: 0.003470341005595401
Train time: 331.4786223510164
Predict time: 0.3358586786489468
Training set simulation time: 419.70400000000006
Total time: 751.521951370671
Train loss: 15.755865097045898
0 10.0 0 10.0 1 10.0 R 10.0 F 10.0 1 10.0 F 10.0 17.0202 36.02838
F 30.0 0 30.0 1 30.0 R 30.0 R 30.0 0 30.0 F 30.0 43.7858 70.00411
Test loss: 29.837190628051758
1 10.0 0 10.0 1 10.0 R 10.0 0 10.0 0 10.0 F 10.0 107.646 138.68085
F 30.0 0 30.0 F 30.0 R 30.0 1 30.0 0 30.0 F 30.0 100.326 127.4532
F 20.0 R 20.0 1 20.0 0 20.0 0 20.0 R 20.0 F 20.0 55.6417 89.43592
1 10.0 R 10.0 F 10.0 0 10.0 1 10.0 F 10.0 1 10.0 112.265 85.12955
0 20.0 R 20.0 F 20.0 0 20.0 F 20.0 1 20.0 1 20.0 26.2758 57.28892
1 10.0 0 10.0 0 10.0 1 10.0 R 10.0 F 10.0 1 10.0 56.2098 83.55216
1 30.0 0 30.0 F 30.0 R 30.0 1 30.0 0 30.0 F 30.0 105.004 131.37411
F 10.0 0 10.0 F 10.0 R 10.0 1 10.0 0 10.0 F 10.0 98.3406 124.11549
1 10.0 0 10.0 F 10.0 1 10.0 R 10.0 0 10.0 F 10.0 100.32 129.24994
F 30.0 R 30.0 1 30.0 0 30.0 0 30.0 R 30.0 F 30.0 57.7272 89.41458
1 20.0 0 20.0 1 20.0 R 20.0 0 20.0 0 20.0 F 20.0 110.449 138.19565
F 10.0 R 10.0 0 10.0 F 10.0 0 10.0 1 10.0 1 10.0 82.018 108.260765
F 20.0 1 20.0 0 20.0 0 20.0 F 20.0 R 20.0 1 20.0 105.543 137.24924
1 20.0 R 20.0 F 20.0 0 20.0 1 20.0 F 20.0 1 20.0 113.009 84.979225
1 20.0 0 20.0 0 20.0 1 20.0 R 20.0 F 20.0 1 20.0 57.7815 83.99789
1 20.0 0 20.0 F 20.0 1 20.0 R 20.0 0 20.0 F 20.0 102.385 128.57698
F 30.0 1 30.0 0 30.0 0 30.0 F 30.0 R 30.0 1 30.0 105.682 136.30647
F 10.0 1 10.0 0 10.0 0 10.0 F 10.0 R 10.0 1 10.0 105.377 137.9114
F 20.0 0 20.0 F 20.0 R 20.0 1 20.0 0 20.0 F 20.0 99.4704 125.852264
F 10.0 0 10.0 1 10.0 R 10.0 R 10.0 0 10.0 F 10.0 38.8629 70.4229
F 10.0 R 10.0 1 10.0 0 10.0 0 10.0 R 10.0 F 10.0 53.362 89.45726
1 20.0 0 20.0 F 20.0 R 20.0 R 20.0 0 20.0 F 20.0 46.0642 76.71035
1 30.0 R 30.0 F 30.0 0 30.0 1 30.0 F 30.0 1 30.0 113.678 85.62023
1 10.0 0 10.0 F 10.0 R 10.0 1 10.0 0 10.0 F 10.0 101.574 132.71301
0 10.0 R 10.0 F 10.0 0 10.0 F 10.0 1 10.0 1 10.0 24.8953 58.674007
0 30.0 R 30.0 F 30.0 0 30.0 F 30.0 1 30.0 1 30.0 28.1317 55.88245
1 30.0 0 30.0 F 30.0 R 30.0 R 30.0 0 30.0 F 30.0 48.6969 77.05221
1 20.0 0 20.0 F 20.0 R 20.0 1 20.0 0 20.0 F 20.0 103.425 132.04356
1 10.0 0 10.0 F 10.0 R 10.0 R 10.0 0 10.0 F 10.0 43.2164 76.31965
F 20.0 0 20.0 1 20.0 R 20.0 R 20.0 0 20.0 F 20.0 41.4511 70.21349
Mean of test: 96.04101344230656
MSE: 29.83720767643899
RMSE: 5.4623445219465045
NRMSE: 0.05687512372230251
