Compile time: 0.0045684380165766925
Train time: 331.5452463350084
Predict time: 0.3295586837339215
Training set simulation time: 419.70400000000006
Total time: 751.583373456759
Train loss: 21.40947723388672
0 30.0 1 30.0 F 30.0 0 30.0 0 30.0 1 30.0 R 30.0 140.852 120.76763
F 10.0 0 10.0 1 10.0 F 10.0 F 10.0 R 10.0 1 10.0 90.9988 70.03143
R 10.0 R 10.0 F 10.0 F 10.0 R 10.0 F 10.0 R 10.0 54.9193 74.26182
0 20.0 1 20.0 R 20.0 F 20.0 R 20.0 0 20.0 F 20.0 119.735 101.1359
1 30.0 0 30.0 1 30.0 R 30.0 R 30.0 0 30.0 F 30.0 38.3592 58.589024
F 20.0 1 20.0 0 20.0 1 20.0 0 20.0 0 20.0 1 20.0 106.133 85.83219
F 10.0 F 10.0 1 10.0 1 10.0 F 10.0 F 10.0 R 10.0 129.076 111.08407
R 30.0 0 30.0 0 30.0 F 30.0 R 30.0 1 30.0 F 30.0 98.5057 78.770226
1 30.0 F 30.0 R 30.0 1 30.0 R 30.0 0 30.0 F 30.0 132.712 111.497826
1 10.0 0 10.0 1 10.0 F 10.0 R 10.0 0 10.0 F 10.0 192.079 167.62718
F 30.0 1 30.0 1 30.0 F 30.0 0 30.0 0 30.0 R 30.0 132.556 114.53121
1 20.0 1 20.0 F 20.0 0 20.0 1 20.0 0 20.0 R 20.0 129.669 111.67305
R 20.0 0 20.0 0 20.0 F 20.0 R 20.0 1 20.0 1 20.0 81.8936 63.820034
F 20.0 R 20.0 1 20.0 F 20.0 0 20.0 0 20.0 1 20.0 145.44 126.5372
Test loss: 39.01259231567383
1 20.0 1 20.0 R 20.0 F 20.0 0 20.0 R 20.0 F 20.0 135.386 105.48589
R 30.0 1 30.0 F 30.0 R 30.0 0 30.0 F 30.0 0 30.0 159.11 131.67467
F 20.0 0 20.0 1 20.0 0 20.0 R 20.0 R 20.0 1 20.0 27.7017 -3.1109788
F 10.0 0 10.0 1 10.0 0 10.0 R 10.0 R 10.0 1 10.0 26.5854 -3.682802
1 10.0 1 10.0 R 10.0 F 10.0 0 10.0 R 10.0 F 10.0 134.021 105.13849
1 30.0 0 30.0 1 30.0 F 30.0 R 30.0 0 30.0 F 30.0 193.541 163.29842
1 10.0 0 10.0 1 10.0 R 10.0 F 10.0 0 10.0 F 10.0 205.253 177.76459
F 30.0 0 30.0 1 30.0 0 30.0 R 30.0 R 30.0 1 30.0 28.4088 -2.5390985
1 10.0 0 10.0 1 10.0 R 10.0 R 10.0 0 10.0 F 10.0 31.3476 60.044537
1 30.0 0 30.0 1 30.0 R 30.0 F 30.0 0 30.0 F 30.0 205.077 174.69199
1 20.0 0 20.0 1 20.0 F 20.0 R 20.0 0 20.0 F 20.0 192.901 165.59993
F 10.0 R 10.0 R 10.0 0 10.0 F 10.0 1 10.0 0 10.0 68.6826 95.860085
R 10.0 R 10.0 0 10.0 1 10.0 0 10.0 F 10.0 F 10.0 120.37 83.22738
R 20.0 R 20.0 0 20.0 1 20.0 0 20.0 F 20.0 F 20.0 119.652 82.30314
1 30.0 1 30.0 R 30.0 F 30.0 0 30.0 R 30.0 F 30.0 137.139 105.83339
1 20.0 0 20.0 1 20.0 R 20.0 F 20.0 0 20.0 F 20.0 205.277 176.25139
1 10.0 0 10.0 F 10.0 R 10.0 R 10.0 0 10.0 F 10.0 43.2164 70.51203
R 30.0 R 30.0 0 30.0 1 30.0 0 30.0 F 30.0 F 30.0 119.633 81.378876
Mean of test: 96.04101344230656
MSE: 39.01259754279661
RMSE: 6.246006527597983
NRMSE: 0.06503478361721018
