Compile time: 0.0044385240180417895
Train time: 68.69063318305416
Predict time: 0.087412670312915
Training set simulation time: 77.13
Total time: 145.9124843773851
Train loss: 21.418487548828125
R 20.0 0 20.0 1 20.0 F 20.0 R 20.0 F 20.0 159.366 130.29424
R 10.0 0 10.0 1 10.0 F 10.0 R 10.0 F 10.0 157.529 129.12444
Test loss: 68.65808868408203
R 30.0 1 30.0 1 30.0 F 30.0 0 30.0 0 30.0 35.4295 82.1186
1 30.0 F 30.0 1 30.0 F 30.0 1 30.0 F 30.0 208.922 270.90024
R 10.0 1 10.0 R 10.0 F 10.0 0 10.0 F 10.0 6.59913 54.19519
R 10.0 0 10.0 R 10.0 F 10.0 1 10.0 F 10.0 189.895 142.55472
1 30.0 R 30.0 R 30.0 F 30.0 0 30.0 F 30.0 55.8904 107.583084
1 30.0 0 30.0 1 30.0 F 30.0 1 30.0 F 30.0 206.134 254.79733
R 20.0 1 20.0 1 20.0 F 20.0 0 20.0 0 20.0 33.9694 81.25903
R 10.0 1 10.0 1 10.0 F 10.0 0 10.0 0 10.0 32.6643 80.39946
1 20.0 F 20.0 1 20.0 0 20.0 1 20.0 F 20.0 190.664 244.676
R 30.0 0 30.0 R 30.0 F 30.0 1 30.0 F 30.0 190.593 144.80194
1 10.0 0 10.0 1 10.0 F 10.0 1 10.0 F 10.0 209.384 257.45853
1 10.0 F 10.0 1 10.0 0 10.0 1 10.0 F 10.0 190.627 246.30855
1 10.0 F 10.0 1 10.0 F 10.0 1 10.0 F 10.0 211.743 273.7325
1 20.0 F 20.0 1 20.0 F 20.0 1 20.0 F 20.0 209.054 272.2162
1 30.0 F 30.0 1 30.0 0 30.0 1 30.0 F 30.0 191.251 242.71361
1 10.0 F 10.0 1 10.0 F 10.0 1 10.0 0 10.0 189.901 248.93698
1 20.0 R 20.0 0 20.0 1 20.0 0 20.0 F 20.0 69.1028 114.63508
1 20.0 R 20.0 R 20.0 F 20.0 0 20.0 F 20.0 55.3657 104.961754
1 20.0 0 20.0 1 20.0 F 20.0 1 20.0 F 20.0 206.696 256.1279
1 10.0 R 10.0 0 10.0 1 10.0 0 10.0 F 10.0 67.7877 113.02874
R 20.0 0 20.0 R 20.0 F 20.0 1 20.0 F 20.0 190.226 143.67831
1 30.0 F 30.0 1 30.0 F 30.0 1 30.0 0 30.0 189.323 245.72395
R 10.0 1 10.0 R 10.0 F 10.0 F 10.0 0 10.0 39.8509 85.50025
1 20.0 F 20.0 1 20.0 F 20.0 1 20.0 0 20.0 188.962 247.33044
1 30.0 R 30.0 0 30.0 1 30.0 0 30.0 F 30.0 70.3912 116.24144
1 10.0 R 10.0 R 10.0 F 10.0 0 10.0 F 10.0 54.3135 103.229
Mean of test: 91.23801493246187
MSE: 68.65808322897131
RMSE: 8.286017332166962
NRMSE: 0.09081759766804015
