Compile time: 0.008302367990836501
Train time: 70.41974878724432
Predict time: 0.08878049810300581
Training set simulation time: 77.13
Total time: 147.64683165333815
Train loss: 24.894041061401367
0 30.0 R 30.0 0 30.0 1 30.0 1 30.0 F 30.0 100.143 79.44486
F 20.0 1 20.0 R 20.0 1 20.0 0 20.0 F 20.0 98.3484 81.58061
0 10.0 1 10.0 0 10.0 F 10.0 1 10.0 1 10.0 53.2765 69.71769
0 20.0 R 20.0 0 20.0 1 20.0 1 20.0 F 20.0 99.1878 79.502014
F 10.0 1 10.0 F 10.0 R 10.0 R 10.0 0 10.0 38.0542 56.377136
0 20.0 1 20.0 F 20.0 F 20.0 1 20.0 0 20.0 108.603 91.825386
0 30.0 1 30.0 0 30.0 F 30.0 1 30.0 1 30.0 54.2051 73.323524
F 10.0 R 10.0 R 10.0 F 10.0 R 10.0 F 10.0 38.0279 60.61086
F 20.0 0 20.0 0 20.0 1 20.0 1 20.0 F 20.0 138.54 119.51802
F 10.0 R 10.0 0 10.0 1 10.0 1 10.0 F 10.0 112.483 95.46585
Test loss: 48.54555892944336
R 30.0 F 30.0 F 30.0 R 30.0 F 30.0 R 30.0 50.8013 85.37256
R 20.0 1 20.0 R 20.0 F 20.0 F 20.0 0 20.0 41.9796 77.79323
R 10.0 1 10.0 0 10.0 1 10.0 0 10.0 F 10.0 22.6012 62.21574
R 30.0 1 30.0 0 30.0 1 30.0 0 30.0 F 30.0 26.5119 67.47964
R 30.0 1 30.0 R 30.0 F 30.0 F 30.0 0 30.0 43.7928 78.06083
1 20.0 R 20.0 0 20.0 1 20.0 0 20.0 F 20.0 69.1028 111.62011
F 10.0 F 10.0 F 10.0 R 10.0 R 10.0 0 10.0 62.1002 94.72987
1 10.0 R 10.0 0 10.0 1 10.0 0 10.0 F 10.0 67.7877 108.98818
R 20.0 F 20.0 F 20.0 R 20.0 F 20.0 R 20.0 47.9487 84.03047
R 20.0 1 20.0 0 20.0 1 20.0 0 20.0 F 20.0 24.3841 64.84771
R 10.0 1 10.0 R 10.0 F 10.0 F 10.0 0 10.0 39.8509 77.52558
R 10.0 F 10.0 F 10.0 R 10.0 F 10.0 R 10.0 44.9364 82.86011
1 30.0 R 30.0 0 30.0 1 30.0 0 30.0 F 30.0 70.3912 114.24116
Mean of test: 91.23801493246187
MSE: 48.54555189954315
RMSE: 6.967463806834101
NRMSE: 0.07636579787484093
