Compile time: 0.0035735159763135016
Train time: 73.25560880714329
Predict time: 0.0884438339562621
Training set simulation time: 77.13
Total time: 150.47762615707586
Train loss: 19.681541442871094
0 30.0 0 30.0 F 30.0 1 30.0 R 30.0 F 30.0 59.5609 76.71657
F 30.0 0 30.0 1 30.0 R 30.0 F 30.0 F 30.0 117.642 131.97212
F 30.0 F 30.0 F 30.0 R 30.0 1 30.0 0 30.0 99.1 116.789116
0 30.0 0 30.0 F 30.0 1 30.0 F 30.0 R 30.0 36.0779 51.390827
0 20.0 1 20.0 0 20.0 F 20.0 1 20.0 F 20.0 79.1169 93.4711
0 30.0 0 30.0 1 30.0 F 30.0 1 30.0 F 30.0 185.263 200.89487
0 20.0 0 20.0 F 20.0 1 20.0 1 20.0 0 20.0 97.0152 112.77489
1 30.0 F 30.0 F 30.0 F 30.0 1 30.0 0 30.0 209.552 225.7581
1 30.0 0 30.0 F 30.0 F 30.0 1 30.0 F 30.0 228.246 242.74486
F 20.0 F 20.0 1 20.0 0 20.0 R 20.0 F 20.0 171.811 187.18665
R 30.0 1 30.0 0 30.0 R 30.0 F 30.0 F 30.0 72.4005 89.524055
F 30.0 0 30.0 F 30.0 1 30.0 1 30.0 0 30.0 120.664 136.05522
R 30.0 F 30.0 0 30.0 F 30.0 1 30.0 F 30.0 186.512 201.93666
F 30.0 R 30.0 F 30.0 0 30.0 1 30.0 F 30.0 81.1427 97.49055
F 30.0 0 30.0 1 30.0 0 30.0 1 30.0 F 30.0 181.273 197.41383
F 10.0 0 10.0 0 10.0 0 10.0 1 10.0 F 10.0 51.9456 66.193596
F 30.0 1 30.0 F 30.0 F 30.0 1 30.0 F 30.0 105.196 119.35667
F 30.0 0 30.0 F 30.0 R 30.0 R 30.0 R 30.0 172.847 187.73903
1 30.0 0 30.0 0 30.0 0 30.0 1 30.0 F 30.0 171.652 187.72072
F 10.0 0 10.0 1 10.0 R 10.0 0 10.0 F 10.0 92.9544 110.908424
F 30.0 F 30.0 1 30.0 F 30.0 1 30.0 0 30.0 197.148 213.94771
0 30.0 1 30.0 0 30.0 F 30.0 1 30.0 1 30.0 54.2051 72.54568
1 20.0 F 20.0 F 20.0 1 20.0 F 20.0 1 20.0 141.921 160.02928
1 30.0 0 30.0 F 30.0 0 30.0 1 30.0 R 30.0 105.641 121.12264
1 30.0 0 30.0 F 30.0 0 30.0 1 30.0 F 30.0 194.346 210.34396
F 20.0 F 20.0 F 20.0 F 20.0 F 20.0 R 20.0 43.4042 57.781116
F 10.0 R 10.0 R 10.0 F 10.0 R 10.0 F 10.0 38.0279 56.381607
F 20.0 F 20.0 R 20.0 R 20.0 F 20.0 0 20.0 85.4315 99.59844
1 30.0 R 30.0 1 30.0 0 30.0 1 30.0 R 30.0 78.7333 94.813644
0 30.0 0 30.0 1 30.0 0 30.0 F 30.0 F 30.0 61.5289 77.306725
R 20.0 F 20.0 R 20.0 F 20.0 0 20.0 1 20.0 23.0277 39.943577
F 30.0 F 30.0 F 30.0 F 30.0 1 30.0 0 30.0 71.504 90.39309
1 30.0 F 30.0 F 30.0 F 30.0 F 30.0 F 30.0 96.08 116.07785
F 20.0 R 20.0 1 20.0 F 20.0 F 20.0 0 20.0 103.886 118.32779
Test loss: 87.3418197631836
1 30.0 F 30.0 1 30.0 F 30.0 1 30.0 F 30.0 208.922 266.39355
R 10.0 0 10.0 R 10.0 F 10.0 1 10.0 F 10.0 189.895 141.90453
1 30.0 R 30.0 R 30.0 F 30.0 0 30.0 F 30.0 55.8904 99.236084
1 30.0 0 30.0 1 30.0 F 30.0 1 30.0 0 30.0 185.128 229.55734
R 10.0 1 10.0 0 10.0 1 10.0 0 10.0 F 10.0 22.6012 65.04563
1 30.0 0 30.0 1 30.0 F 30.0 1 30.0 F 30.0 206.134 254.86258
R 30.0 0 30.0 R 30.0 F 30.0 1 30.0 F 30.0 190.593 144.59532
1 10.0 0 10.0 1 10.0 F 10.0 1 10.0 F 10.0 209.384 251.6668
1 10.0 F 10.0 1 10.0 F 10.0 1 10.0 F 10.0 211.743 262.98486
R 30.0 1 30.0 0 30.0 1 30.0 0 30.0 F 30.0 26.5119 74.415726
1 20.0 0 20.0 1 20.0 F 20.0 1 20.0 0 20.0 185.194 227.44577
1 20.0 F 20.0 1 20.0 F 20.0 1 20.0 F 20.0 209.054 264.79474
1 10.0 F 10.0 1 10.0 F 10.0 1 10.0 0 10.0 189.901 231.04959
1 20.0 R 20.0 0 20.0 1 20.0 0 20.0 F 20.0 69.1028 121.188385
1 20.0 0 20.0 1 20.0 F 20.0 1 20.0 F 20.0 206.696 253.2647
1 10.0 R 10.0 0 10.0 1 10.0 0 10.0 F 10.0 67.7877 116.958084
R 20.0 0 20.0 R 20.0 F 20.0 1 20.0 F 20.0 190.226 143.24994
1 30.0 F 30.0 1 30.0 F 30.0 1 30.0 0 30.0 189.323 234.54503
R 20.0 1 20.0 0 20.0 1 20.0 0 20.0 F 20.0 24.3841 69.44927
1 20.0 F 20.0 1 20.0 F 20.0 1 20.0 0 20.0 188.962 232.75166
1 30.0 R 30.0 0 30.0 1 30.0 0 30.0 F 30.0 70.3912 126.74278
Mean of test: 91.23801493246187
MSE: 87.34179107623511
RMSE: 9.345683018176633
NRMSE: 0.1024318977686515
