Compile time: 0.004824078001547605
Train time: 85.94783586275298
Predict time: 0.08572216902393848
Training set simulation time: 93.55200000000002
Total time: 179.5903821097785
Train loss: 17.514558792114258
R 30.0 0 30.0 0 30.0 1 30.0 F 30.0 F 30.0 153.579 140.52629
R 10.0 1 10.0 0 10.0 1 10.0 0 10.0 1 10.0 41.4767 55.840237
1 30.0 0 30.0 F 30.0 R 30.0 F 30.0 F 30.0 156.073 142.23868
0 20.0 R 20.0 0 20.0 1 20.0 F 20.0 1 20.0 51.0208 37.87969
R 30.0 R 30.0 0 30.0 F 30.0 F 30.0 1 30.0 134.079 120.64088
1 20.0 F 20.0 0 20.0 1 20.0 0 20.0 R 20.0 58.9859 72.94397
R 10.0 0 10.0 R 10.0 F 10.0 1 10.0 F 10.0 189.895 175.29279
R 30.0 0 30.0 F 30.0 R 30.0 1 30.0 R 30.0 125.118 111.67741
R 20.0 R 20.0 0 20.0 1 20.0 F 20.0 0 20.0 101.113 115.436554
F 30.0 1 30.0 R 30.0 1 30.0 0 30.0 0 30.0 76.9823 64.52515
Test loss: 37.372154235839844
1 30.0 R 30.0 0 30.0 1 30.0 0 30.0 F 30.0 70.3912 118.857285
1 20.0 R 20.0 0 20.0 1 20.0 0 20.0 F 20.0 69.1028 118.08622
R 30.0 1 30.0 R 30.0 F 30.0 R 30.0 F 30.0 14.7569 -20.720459
1 10.0 R 10.0 0 10.0 1 10.0 0 10.0 F 10.0 67.7877 117.09673
Mean of test: 92.23084617413633
MSE: 37.372153308626785
RMSE: 6.113276806151246
NRMSE: 0.06628234543797941
