Compile time: 0.003490188013529405
Train time: 84.08216090255883
Predict time: 0.08090883996919729
Training set simulation time: 93.55200000000002
Total time: 177.71855993054157
Train loss: 12.306416511535645
0 30.0 1 30.0 F 30.0 R 30.0 1 30.0 0 30.0 33.0968 46.46646
R 10.0 1 10.0 F 10.0 0 10.0 F 10.0 R 10.0 68.2362 83.70941
R 30.0 1 30.0 F 30.0 0 30.0 F 30.0 R 30.0 72.9556 87.04722
R 10.0 1 10.0 0 10.0 1 10.0 0 10.0 F 10.0 22.6012 37.21597
R 20.0 R 20.0 F 20.0 0 20.0 1 20.0 R 20.0 127.862 111.857315
Test loss: 27.009702682495117
1 10.0 1 10.0 0 10.0 F 10.0 0 10.0 F 10.0 167.033 143.8929
1 30.0 R 30.0 0 30.0 1 30.0 0 30.0 F 30.0 70.3912 98.60246
F 30.0 0 30.0 1 30.0 0 30.0 1 30.0 R 30.0 105.684 131.39932
1 30.0 R 30.0 0 30.0 F 30.0 F 30.0 0 30.0 147.369 171.6389
1 20.0 R 20.0 0 20.0 1 20.0 0 20.0 F 20.0 69.1028 96.101524
1 20.0 R 20.0 0 20.0 F 20.0 F 20.0 0 20.0 147.242 169.63649
1 20.0 1 20.0 0 20.0 F 20.0 0 20.0 F 20.0 167.766 145.36005
F 10.0 0 10.0 1 10.0 0 10.0 1 10.0 R 10.0 103.81 129.01761
F 20.0 0 20.0 1 20.0 0 20.0 1 20.0 R 20.0 104.839 130.20845
1 10.0 R 10.0 0 10.0 1 10.0 0 10.0 F 10.0 67.7877 93.6006
1 30.0 F 30.0 F 30.0 0 30.0 0 30.0 0 30.0 71.0209 91.25737
1 30.0 1 30.0 0 30.0 F 30.0 0 30.0 F 30.0 168.565 146.82718
1 10.0 R 10.0 0 10.0 F 10.0 F 10.0 0 10.0 146.872 167.37976
Mean of test: 92.23084617413633
MSE: 27.00970437585899
RMSE: 5.197086142816857
NRMSE: 0.056348676808239455
