Compile time: 0.003417284009628929
Train time: 5.265643414022634
Predict time: 0.006032930992660113
Training set simulation time: 2.9680000000000004
Total time: 8.243093629024923
Train loss: 109.80397033691406
0 10.0 1 10.0 0 10.0 R 10.0 50.9482 28.871714
R 10.0 0 10.0 R 10.0 0 10.0 63.8852 39.489483
1 10.0 F 10.0 F 10.0 F 10.0 65.7389 46.84202
R 20.0 F 20.0 R 20.0 0 20.0 60.1728 41.06636
R 20.0 0 20.0 R 20.0 0 20.0 63.7341 41.664482
1 10.0 R 10.0 0 10.0 R 10.0 25.5497 45.04876
F 20.0 0 20.0 0 20.0 F 20.0 20.2241 37.6588
1 30.0 F 30.0 F 30.0 F 30.0 69.7773 51.192017
Test loss: 144.62896728515625
1 30.0 R 30.0 0 30.0 R 30.0 27.2052 49.398758
0 20.0 R 20.0 0 20.0 R 20.0 56.9909 31.644836
R 30.0 R 30.0 0 30.0 1 30.0 21.076 43.78486
0 10.0 R 10.0 0 10.0 R 10.0 57.2155 29.469835
0 30.0 R 30.0 0 30.0 R 30.0 57.1097 33.81984
R 30.0 R 30.0 0 30.0 0 30.0 71.9509 46.22639
R 10.0 1 10.0 0 10.0 0 10.0 64.1898 41.278267
R 20.0 R 20.0 0 20.0 0 20.0 72.221 44.05139
R 10.0 R 10.0 0 10.0 0 10.0 72.9287 41.87639
R 30.0 1 30.0 F 30.0 R 30.0 23.2011 45.17806
Mean of test: 38.70037444444444
MSE: 144.6289699289653
RMSE: 12.026178525573505
NRMSE: 0.31075096037733296
