Compile time: 0.005591017004917376
Train time: 4.9786974213056965
Predict time: 0.0057413219910813496
Training set simulation time: 2.9680000000000004
Total time: 7.958029760301695
Train loss: 23.25878143310547
R 10.0 1 10.0 F 10.0 0 10.0 45.9639 58.772457
Test loss: 43.87736129760742
0 20.0 R 20.0 0 20.0 R 20.0 56.9909 40.223373
R 20.0 R 20.0 R 20.0 F 20.0 35.262 52.075497
0 10.0 R 10.0 0 10.0 R 10.0 57.2155 39.211422
R 10.0 1 10.0 1 10.0 0 10.0 44.8159 63.138657
R 20.0 1 20.0 1 20.0 0 20.0 44.9858 62.36892
0 30.0 R 30.0 0 30.0 R 30.0 57.1097 41.235332
R 30.0 R 30.0 0 30.0 0 30.0 71.9509 51.099964
R 30.0 R 30.0 R 30.0 F 30.0 35.62 51.48843
R 20.0 R 20.0 0 20.0 0 20.0 72.221 50.78738
R 10.0 R 10.0 0 10.0 0 10.0 72.9287 50.8345
R 30.0 1 30.0 1 30.0 0 30.0 45.405 61.951096
R 10.0 R 10.0 R 10.0 F 10.0 35.3447 52.907677
Mean of test: 38.70037444444444
MSE: 43.877363982891175
RMSE: 6.62399909291141
NRMSE: 0.17116111117788693
