Compile time: 0.005470450996654108
Train time: 5.709292576968437
Predict time: 0.005813141004182398
Training set simulation time: 2.9680000000000004
Total time: 8.688576168969274
Train loss: 109.70793914794922
0 10.0 1 10.0 0 10.0 R 10.0 50.9482 29.012213
R 10.0 0 10.0 R 10.0 0 10.0 63.8852 39.580944
1 10.0 F 10.0 F 10.0 F 10.0 65.7389 46.532116
R 20.0 F 20.0 R 20.0 0 20.0 60.1728 41.010685
R 10.0 R 10.0 F 10.0 R 10.0 24.2348 41.48003
R 20.0 0 20.0 R 20.0 0 20.0 63.7341 41.76035
1 10.0 R 10.0 0 10.0 R 10.0 25.5497 44.97569
F 20.0 0 20.0 0 20.0 F 20.0 20.2241 37.74304
1 30.0 F 30.0 F 30.0 F 30.0 69.7773 50.890934
Test loss: 143.8183135986328
1 30.0 R 30.0 0 30.0 R 30.0 27.2052 49.334503
0 20.0 R 20.0 0 20.0 R 20.0 56.9909 31.941284
R 30.0 R 30.0 0 30.0 1 30.0 21.076 43.648426
0 10.0 R 10.0 0 10.0 R 10.0 57.2155 29.761875
0 30.0 R 30.0 0 30.0 R 30.0 57.1097 34.12069
R 30.0 R 30.0 0 30.0 0 30.0 71.9509 46.29855
R 10.0 1 10.0 0 10.0 0 10.0 64.1898 41.19007
R 20.0 R 20.0 0 20.0 0 20.0 72.221 44.119144
R 10.0 R 10.0 0 10.0 0 10.0 72.9287 41.93974
Mean of test: 38.70037444444444
MSE: 143.81831731935074
RMSE: 11.992427499024155
NRMSE: 0.3098788492664237
