Compile time: 0.0052454260003287345
Train time: 5.185394453757908
Predict time: 0.006246560995350592
Training set simulation time: 2.741000000000001
Total time: 7.937886440753589
Train loss: 128.84201049804688
F 30.0 F 30.0 0 30.0 0 30.0 26.002 48.589508
R 10.0 R 10.0 0 10.0 0 10.0 72.9287 49.98918
R 20.0 R 20.0 F 20.0 R 20.0 24.6458 41.994713
R 10.0 1 10.0 F 10.0 R 10.0 21.366 42.316902
0 30.0 F 30.0 F 30.0 1 30.0 49.034 32.421906
1 20.0 F 20.0 F 20.0 F 20.0 67.5867 44.89917
R 30.0 1 30.0 1 30.0 R 30.0 24.1372 41.764664
F 30.0 0 30.0 F 30.0 0 30.0 24.093 44.62378
0 20.0 F 20.0 0 20.0 F 20.0 22.5348 40.416374
R 30.0 R 30.0 0 30.0 0 30.0 71.9509 54.59636
F 10.0 F 10.0 0 10.0 0 10.0 24.2865 43.982338
0 30.0 R 30.0 0 30.0 R 30.0 57.1097 36.586624
Test loss: 126.98839569091797
R 20.0 1 20.0 F 20.0 R 20.0 22.0504 44.62049
F 20.0 F 20.0 F 20.0 0 20.0 25.9695 44.94597
F 30.0 0 30.0 F 30.0 1 30.0 47.4343 26.567247
F 30.0 F 30.0 F 30.0 1 30.0 52.4041 29.193022
F 20.0 F 20.0 F 20.0 1 20.0 50.1436 26.889439
F 10.0 0 10.0 F 10.0 0 10.0 22.1561 40.014885
0 10.0 R 10.0 0 10.0 R 10.0 57.2155 31.977682
F 20.0 F 20.0 0 20.0 0 20.0 25.1467 46.28592
1 20.0 0 20.0 F 20.0 F 20.0 62.3845 42.27339
1 10.0 F 10.0 F 10.0 F 10.0 65.7389 42.59558
0 30.0 F 30.0 0 30.0 F 30.0 23.772 42.719963
0 10.0 0 10.0 R 10.0 R 10.0 48.3823 30.467922
F 20.0 0 20.0 F 20.0 0 20.0 23.039 42.32019
R 20.0 1 20.0 0 20.0 R 20.0 27.2144 45.960434
1 10.0 0 10.0 F 10.0 F 10.0 60.9982 39.968307
0 20.0 R 20.0 0 20.0 R 20.0 56.9909 34.282257
R 30.0 1 30.0 F 30.0 R 30.0 23.2011 46.924072
F 10.0 0 10.0 F 10.0 1 10.0 44.2634 21.960077
1 30.0 F 30.0 F 30.0 F 30.0 69.7773 47.20275
0 10.0 R 10.0 R 10.0 R 10.0 44.802 26.820047
1 30.0 0 30.0 F 30.0 F 30.0 64.2526 44.576973
0 10.0 F 10.0 F 10.0 1 10.0 45.7632 27.814734
F 10.0 F 10.0 F 10.0 0 10.0 24.5582 42.642387
F 30.0 F 30.0 F 30.0 0 30.0 27.3374 47.24955
F 20.0 0 20.0 F 20.0 1 20.0 45.511 24.263662
R 30.0 1 30.0 0 30.0 R 30.0 28.198 48.264023
R 30.0 R 30.0 F 30.0 R 30.0 25.6475 44.298294
R 20.0 R 20.0 0 20.0 0 20.0 72.221 52.29277
F 10.0 F 10.0 F 10.0 1 10.0 48.3057 24.585854
Mean of test: 38.22134888888889
MSE: 126.98839331103596
RMSE: 11.268912694268066
NRMSE: 0.29483294080037
