Compile time: 0.003435416001593694
Train time: 331.97706956460024
Predict time: 0.32749737965059467
Training set simulation time: 423.18100000000004
Total time: 755.4890023602525
Train loss: 27.693466186523438
1 30.0 0 30.0 1 30.0 R 30.0 R 30.0 0 30.0 F 30.0 38.3592 85.942
Test loss: 35.11891555786133
1 20.0 0 20.0 1 20.0 0 20.0 R 20.0 0 20.0 F 20.0 104.585 160.42654
F 10.0 R 10.0 1 10.0 0 10.0 0 10.0 R 10.0 F 10.0 53.362 98.13432
F 20.0 0 20.0 1 20.0 R 20.0 R 20.0 0 20.0 F 20.0 41.4511 89.2023
1 10.0 R 10.0 F 10.0 0 10.0 R 10.0 0 10.0 1 10.0 44.2324 90.22851
1 30.0 R 30.0 F 30.0 0 30.0 R 30.0 0 30.0 1 30.0 49.6354 93.54905
1 10.0 0 10.0 1 10.0 0 10.0 R 10.0 0 10.0 F 10.0 101.507 158.65419
F 30.0 0 30.0 1 30.0 R 30.0 R 30.0 0 30.0 F 30.0 43.7858 91.57882
F 10.0 0 10.0 1 10.0 R 10.0 R 10.0 0 10.0 F 10.0 38.8629 86.825874
F 30.0 R 30.0 1 30.0 0 30.0 0 30.0 R 30.0 F 30.0 57.7272 102.12601
1 10.0 0 10.0 1 10.0 R 10.0 R 10.0 0 10.0 F 10.0 31.3476 85.623505
1 30.0 0 30.0 1 30.0 0 30.0 R 30.0 0 30.0 F 30.0 107.459 162.1706
F 10.0 R 10.0 F 10.0 R 10.0 0 10.0 0 10.0 F 10.0 55.4912 97.26705
1 20.0 0 20.0 1 20.0 R 20.0 R 20.0 0 20.0 F 20.0 34.9838 85.57285
F 20.0 R 20.0 F 20.0 R 20.0 0 20.0 0 20.0 1 20.0 57.2437 113.634674
F 30.0 R 30.0 F 30.0 R 30.0 0 30.0 0 30.0 1 30.0 58.5686 113.62566
F 10.0 R 10.0 F 10.0 R 10.0 0 10.0 0 10.0 1 10.0 55.2001 113.64369
1 20.0 R 20.0 F 20.0 0 20.0 R 20.0 0 20.0 1 20.0 47.1566 91.565895
F 20.0 R 20.0 1 20.0 0 20.0 0 20.0 R 20.0 F 20.0 55.6417 99.91757
Mean of test: 96.35113900111116
MSE: 35.11890656713288
RMSE: 5.926120701363826
NRMSE: 0.061505455595034356
