Compile time: 0.006036359001882374
Train time: 331.89864523283904
Predict time: 0.32936537981731817
Training set simulation time: 423.18100000000004
Total time: 755.4150469716583
Train loss: 24.02048683166504
F 20.0 0 20.0 R 20.0 0 20.0 1 20.0 1 20.0 1 20.0 37.7259 18.184904
1 10.0 F 10.0 F 10.0 R 10.0 0 10.0 F 10.0 1 10.0 152.666 131.9772
R 10.0 F 10.0 R 10.0 0 10.0 0 10.0 F 10.0 R 10.0 68.1619 43.783577
1 30.0 0 30.0 1 30.0 R 30.0 R 30.0 0 30.0 F 30.0 38.3592 60.925354
F 10.0 R 10.0 R 10.0 F 10.0 1 10.0 0 10.0 0 10.0 165.428 146.04955
1 20.0 R 20.0 1 20.0 1 20.0 F 20.0 0 20.0 R 20.0 83.8674 64.7102
R 10.0 F 10.0 R 10.0 R 10.0 R 10.0 F 10.0 F 10.0 84.7135 103.92539
R 30.0 1 30.0 1 30.0 1 30.0 0 30.0 0 30.0 1 30.0 72.3468 46.464687
R 30.0 R 30.0 1 30.0 F 30.0 0 30.0 1 30.0 0 30.0 84.9165 103.82644
1 20.0 F 20.0 F 20.0 F 20.0 0 20.0 R 20.0 1 20.0 160.691 141.11328
1 30.0 F 30.0 R 30.0 F 30.0 0 30.0 R 30.0 F 30.0 180.424 161.92686
R 10.0 R 10.0 0 10.0 F 10.0 1 10.0 0 10.0 1 10.0 58.68 76.98599
0 10.0 F 10.0 R 10.0 1 10.0 0 10.0 R 10.0 F 10.0 107.242 83.44449
F 10.0 0 10.0 0 10.0 1 10.0 1 10.0 0 10.0 R 10.0 148.317 128.9582
R 30.0 0 30.0 F 30.0 1 30.0 F 30.0 1 30.0 R 30.0 92.6607 72.21806
1 30.0 R 30.0 F 30.0 1 30.0 0 30.0 0 30.0 0 30.0 240.734 221.32954
F 30.0 0 30.0 R 30.0 F 30.0 F 30.0 R 30.0 1 30.0 72.1805 53.20186
1 10.0 0 10.0 1 10.0 1 10.0 F 10.0 F 10.0 F 10.0 215.902 195.79657
Test loss: 54.9556884765625
F 10.0 R 10.0 0 10.0 1 10.0 1 10.0 0 10.0 0 10.0 149.572 118.97028
F 10.0 R 10.0 1 10.0 0 10.0 0 10.0 R 10.0 F 10.0 53.362 85.51905
1 20.0 0 20.0 1 20.0 R 20.0 0 20.0 0 20.0 F 20.0 110.449 143.12543
1 10.0 0 10.0 1 10.0 1 10.0 R 10.0 F 10.0 F 10.0 138.021 109.12124
F 30.0 R 30.0 0 30.0 1 30.0 1 30.0 0 30.0 0 30.0 149.16 120.469124
R 30.0 1 30.0 0 30.0 0 30.0 R 30.0 F 30.0 1 30.0 64.5024 101.355255
F 20.0 R 20.0 0 20.0 1 20.0 1 20.0 0 20.0 0 20.0 149.211 119.71968
F 10.0 R 10.0 1 10.0 R 10.0 0 10.0 0 10.0 F 10.0 53.7376 88.62973
1 10.0 0 10.0 1 10.0 R 10.0 0 10.0 0 10.0 F 10.0 107.646 142.1559
1 10.0 0 10.0 1 10.0 R 10.0 R 10.0 0 10.0 F 10.0 31.3476 62.165833
1 30.0 F 30.0 R 30.0 0 30.0 F 30.0 0 30.0 1 30.0 27.6278 59.321186
R 20.0 1 20.0 0 20.0 0 20.0 R 20.0 F 20.0 1 20.0 62.4022 100.79852
1 20.0 F 20.0 R 20.0 0 20.0 F 20.0 0 20.0 1 20.0 26.2868 58.60405
R 30.0 F 30.0 R 30.0 0 30.0 0 30.0 F 30.0 R 30.0 73.9886 45.201317
F 30.0 R 30.0 1 30.0 R 30.0 0 30.0 0 30.0 F 30.0 56.5934 91.08338
R 10.0 1 10.0 0 10.0 0 10.0 R 10.0 F 10.0 F 10.0 59.7355 90.65539
F 20.0 0 20.0 F 20.0 0 20.0 R 20.0 R 20.0 F 20.0 28.327 -3.878345
1 30.0 0 30.0 1 30.0 R 30.0 0 30.0 0 30.0 F 30.0 112.837 143.55125
R 10.0 1 10.0 0 10.0 0 10.0 R 10.0 F 10.0 1 10.0 59.6977 100.241844
1 10.0 F 10.0 R 10.0 0 10.0 F 10.0 0 10.0 1 10.0 25.1113 57.94095
F 20.0 R 20.0 1 20.0 R 20.0 0 20.0 0 20.0 F 20.0 55.4082 89.42286
F 20.0 R 20.0 1 20.0 0 20.0 0 20.0 R 20.0 F 20.0 55.6417 85.227806
F 10.0 0 10.0 F 10.0 0 10.0 R 10.0 R 10.0 F 10.0 27.1199 -4.833519
F 30.0 0 30.0 F 30.0 0 30.0 R 30.0 R 30.0 F 30.0 29.0963 -2.2589588
Mean of test: 96.35113900111116
MSE: 54.955675041672265
RMSE: 7.413209496680386
NRMSE: 0.07693951076795152
