Compile time: 0.003722346998983994
Train time: 62.469090447120834
Predict time: 0.08210935504757799
Training set simulation time: 63.65400000000001
Total time: 126.2089221491674
Train loss: 4.195442199707031
Test loss: 13.71473217010498
0 20.0 0 20.0 0 20.0 R 20.0 R 20.0 R 20.0 151.217 133.70609
F 10.0 R 10.0 R 10.0 F 10.0 F 10.0 R 10.0 85.8462 69.55161
R 30.0 0 30.0 F 30.0 1 30.0 0 30.0 R 30.0 56.8129 74.00954
1 10.0 0 10.0 0 10.0 R 10.0 F 10.0 R 10.0 70.2158 87.67207
F 20.0 R 20.0 1 20.0 0 20.0 0 20.0 R 20.0 44.3157 60.51406
R 20.0 0 20.0 F 20.0 1 20.0 0 20.0 R 20.0 56.2943 74.57373
F 10.0 R 10.0 R 10.0 0 10.0 F 10.0 R 10.0 43.9418 59.328083
0 10.0 0 10.0 0 10.0 R 10.0 R 10.0 R 10.0 152.31 130.62582
R 10.0 0 10.0 F 10.0 1 10.0 0 10.0 R 10.0 56.1062 76.862885
R 20.0 R 20.0 0 20.0 R 20.0 F 20.0 1 20.0 80.6201 97.494064
F 10.0 R 10.0 1 10.0 0 10.0 0 10.0 R 10.0 42.2665 60.106197
R 10.0 R 10.0 0 10.0 R 10.0 F 10.0 1 10.0 80.4107 95.75935
R 30.0 R 30.0 0 30.0 R 30.0 F 30.0 1 30.0 80.801 99.22881
Mean of test: 60.82710472222223
MSE: 13.71473359626744
RMSE: 3.7033408695753947
NRMSE: 0.06088306991574493
