Compile time: 0.005393633007770404
Train time: 61.43865414687025
Predict time: 0.08333982399199158
Training set simulation time: 63.65400000000001
Total time: 125.18138760387002
Train loss: 2.767146110534668
Test loss: 8.729588508605957
R 30.0 0 30.0 F 30.0 1 30.0 0 30.0 R 30.0 56.8129 70.84526
1 10.0 0 10.0 0 10.0 R 10.0 F 10.0 R 10.0 70.2158 88.948814
1 30.0 0 30.0 0 30.0 R 30.0 F 30.0 R 30.0 74.0674 90.570595
R 20.0 0 20.0 F 20.0 1 20.0 0 20.0 R 20.0 56.2943 70.454704
1 20.0 0 20.0 0 20.0 R 20.0 F 20.0 R 20.0 72.3276 89.690704
F 10.0 R 10.0 0 10.0 1 10.0 1 10.0 0 10.0 86.0059 72.28819
F 10.0 R 10.0 R 10.0 0 10.0 F 10.0 R 10.0 43.9418 58.169178
R 10.0 0 10.0 F 10.0 1 10.0 0 10.0 R 10.0 56.1062 70.23442
R 10.0 R 10.0 0 10.0 R 10.0 F 10.0 F 10.0 74.2057 87.585144
Mean of test: 60.82710472222223
MSE: 8.72958935597086
RMSE: 2.9545878487482584
NRMSE: 0.04857354073058233
