Compile time: 0.005507512993062846
Train time: 2.2838687193434453
Predict time: 0.0023028220020933077
Training set simulation time: 0.749
Total time: 3.0406790543386015
Train loss: 36.08300018310547
R 20.0 R 20.0 R 20.0 29.5082 43.32946
R 30.0 R 30.0 R 30.0 30.2068 44.218246
Test loss: 129.03379821777344
R 10.0 1 10.0 R 10.0 27.2139 51.18396
R 20.0 R 20.0 0 20.0 62.2407 38.936092
R 30.0 R 30.0 0 30.0 62.1427 39.817966
R 10.0 R 10.0 1 10.0 20.4953 42.655693
1 20.0 R 20.0 R 20.0 26.4451 44.67006
0 10.0 R 10.0 R 10.0 47.3727 27.190273
0 20.0 R 20.0 R 20.0 47.2724 28.067036
R 30.0 1 30.0 R 30.0 29.0728 52.961525
R 30.0 R 30.0 1 30.0 21.0988 44.433273
R 20.0 1 20.0 R 20.0 27.9856 52.072754
0 30.0 R 30.0 R 30.0 47.6334 28.943794
R 10.0 R 10.0 0 10.0 62.8203 38.041565
R 20.0 R 20.0 1 20.0 20.7099 43.544483
1 10.0 R 10.0 R 10.0 25.8023 43.78127
1 30.0 R 30.0 R 30.0 27.1273 45.558853
Mean of test: 33.61949722222222
MSE: 129.03379747657957
RMSE: 11.359304445104884
NRMSE: 0.3378784748034981
