Compile time: 0.0033853629865916446
Train time: 2.027417823774158
Predict time: 0.0022031419939594343
Training set simulation time: 0.749
Total time: 2.782006328754709
Train loss: 35.89980697631836
R 20.0 R 20.0 R 20.0 29.5082 43.43845
R 30.0 R 30.0 R 30.0 30.2068 44.19325
Test loss: 128.00473022460938
R 10.0 1 10.0 R 10.0 27.2139 51.39492
R 20.0 R 20.0 0 20.0 62.2407 39.593914
R 30.0 R 30.0 0 30.0 62.1427 40.348705
R 10.0 R 10.0 1 10.0 20.4953 42.31841
1 20.0 R 20.0 R 20.0 26.4451 44.683685
0 10.0 R 10.0 R 10.0 47.3727 27.220032
0 20.0 R 20.0 R 20.0 47.2724 27.974516
R 30.0 1 30.0 R 30.0 29.0728 52.90451
R 30.0 R 30.0 1 30.0 21.0988 43.827995
R 20.0 1 20.0 R 20.0 27.9856 52.149715
0 30.0 R 30.0 R 30.0 47.6334 28.729002
R 10.0 R 10.0 0 10.0 62.8203 38.83912
R 20.0 R 20.0 1 20.0 20.7099 43.073204
1 10.0 R 10.0 R 10.0 25.8023 43.92889
1 30.0 R 30.0 R 30.0 27.1273 45.438477
Mean of test: 33.61949722222222
MSE: 128.00473341110748
RMSE: 11.31391768624412
NRMSE: 0.33652846178692136
