Compile time: 0.007590772002004087
Train time: 2.164073514039046
Predict time: 0.0024566250067437068
Training set simulation time: 0.749
Total time: 2.923120911047794
Train loss: 35.90241622924805
R 20.0 R 20.0 R 20.0 29.5082 43.354073
R 30.0 R 30.0 R 30.0 30.2068 44.087242
Test loss: 127.86280822753906
R 10.0 1 10.0 R 10.0 27.2139 51.332138
R 20.0 R 20.0 0 20.0 62.2407 39.50229
R 30.0 R 30.0 0 30.0 62.1427 40.235462
R 10.0 R 10.0 1 10.0 20.4953 42.258774
1 20.0 R 20.0 R 20.0 26.4451 44.609055
0 10.0 R 10.0 R 10.0 47.3727 27.177212
0 20.0 R 20.0 R 20.0 47.2724 27.906612
R 30.0 1 30.0 R 30.0 29.0728 52.798485
R 30.0 R 30.0 1 30.0 21.0988 43.725117
R 20.0 1 20.0 R 20.0 27.9856 52.065315
0 30.0 R 30.0 R 30.0 47.6334 28.635025
R 10.0 R 10.0 0 10.0 62.8203 38.76912
R 20.0 R 20.0 1 20.0 20.7099 42.991947
1 10.0 R 10.0 R 10.0 25.8023 43.875885
1 30.0 R 30.0 R 30.0 27.1273 45.342224
Mean of test: 33.61949722222222
MSE: 127.86279868626401
RMSE: 11.307643374561474
NRMSE: 0.3363418346151593
