Compile time: 0.005449408999993466
Train time: 6.674797948653577
Predict time: 0.005077171023003757
Training set simulation time: 3.2110000000000003
Total time: 9.896324528676574
Train loss: 115.2158203125
R 30.0 1 30.0 F 30.0 R 30.0 23.2011 43.228584
R 10.0 R 10.0 F 10.0 R 10.0 24.2348 43.293915
F 10.0 F 10.0 0 10.0 F 10.0 21.3566 39.34099
1 30.0 0 30.0 F 30.0 F 30.0 64.2526 43.691513
F 30.0 F 30.0 F 30.0 0 30.0 27.3374 45.796917
1 30.0 F 30.0 F 30.0 F 30.0 69.7773 44.791977
R 20.0 R 20.0 0 20.0 0 20.0 72.221 51.110725
0 10.0 F 10.0 F 10.0 F 10.0 22.0111 39.976944
R 20.0 R 20.0 F 20.0 R 20.0 24.6458 42.711014
0 20.0 0 20.0 F 20.0 F 20.0 20.5695 38.29358
F 20.0 F 20.0 F 20.0 1 20.0 50.1436 30.358376
R 10.0 R 10.0 0 10.0 0 10.0 72.9287 51.693623
1 20.0 F 20.0 F 20.0 F 20.0 67.5867 45.374878
F 20.0 F 20.0 0 20.0 0 20.0 25.1467 47.257736
Test loss: 126.56189727783203
R 10.0 1 10.0 1 10.0 R 10.0 22.3966 40.526325
0 30.0 F 30.0 F 30.0 1 30.0 49.034 31.289352
1 30.0 F 30.0 0 30.0 F 30.0 62.9126 45.6699
R 20.0 1 20.0 0 20.0 R 20.0 27.2144 44.6894
1 10.0 F 10.0 F 10.0 F 10.0 65.7389 45.957775
R 20.0 1 20.0 F 20.0 R 20.0 22.0504 43.811485
F 10.0 F 10.0 0 10.0 0 10.0 24.2865 47.83648
F 30.0 F 30.0 F 30.0 1 30.0 52.4041 29.775476
R 10.0 1 10.0 F 10.0 R 10.0 21.366 44.394382
F 10.0 F 10.0 F 10.0 1 10.0 48.3057 30.941277
0 10.0 F 10.0 0 10.0 F 10.0 21.3198 40.854866
1 20.0 0 20.0 F 20.0 F 20.0 62.3845 44.274414
0 10.0 R 10.0 0 10.0 R 10.0 57.2155 36.677124
0 10.0 0 10.0 F 10.0 F 10.0 19.3629 38.876476
F 30.0 0 30.0 F 30.0 1 30.0 47.4343 28.67501
1 10.0 R 10.0 0 10.0 R 10.0 25.5497 42.6576
R 10.0 F 10.0 1 10.0 R 10.0 25.9849 44.58145
F 30.0 0 30.0 F 30.0 0 30.0 24.093 44.69645
F 10.0 0 10.0 0 10.0 F 10.0 18.7803 38.240517
F 10.0 F 10.0 F 10.0 0 10.0 24.5582 46.962715
R 20.0 1 20.0 1 20.0 R 20.0 23.059 39.943424
F 20.0 0 20.0 0 20.0 F 20.0 20.2241 37.657623
F 10.0 0 10.0 F 10.0 0 10.0 22.1561 45.862144
F 20.0 0 20.0 F 20.0 0 20.0 23.039 45.27935
F 30.0 F 30.0 0 30.0 0 30.0 26.002 46.674835
R 30.0 R 30.0 0 30.0 0 30.0 71.9509 50.52783
0 30.0 R 30.0 0 30.0 R 30.0 57.1097 35.511326
R 10.0 F 10.0 R 10.0 R 10.0 28.2863 45.459366
R 20.0 F 20.0 1 20.0 R 20.0 26.7463 43.99855
F 20.0 F 20.0 F 20.0 0 20.0 25.9695 46.379814
0 20.0 R 20.0 0 20.0 R 20.0 56.9909 36.094227
0 20.0 F 20.0 0 20.0 F 20.0 22.5348 40.271965
R 10.0 1 10.0 0 10.0 R 10.0 26.6589 45.2723
Mean of test: 37.914968650793654
MSE: 126.56189097142347
RMSE: 11.249972932030701
NRMSE: 0.29671587060102217
