Compile time: 0.003729143994860351
Train time: 7.066052287220373
Predict time: 0.005106317985337228
Training set simulation time: 3.2110000000000003
Total time: 10.28588774920057
Train loss: 35.30445098876953
1 30.0 F 30.0 F 30.0 F 30.0 69.7773 48.321632
1 20.0 F 20.0 F 20.0 F 20.0 67.5867 48.35357
Test loss: 39.96168899536133
1 10.0 F 10.0 F 10.0 F 10.0 65.7389 48.3855
F 10.0 F 10.0 0 10.0 0 10.0 24.2865 39.596012
0 10.0 R 10.0 0 10.0 R 10.0 57.2155 37.13878
F 10.0 0 10.0 F 10.0 0 10.0 22.1561 37.97927
F 20.0 0 20.0 F 20.0 0 20.0 23.039 37.94919
0 30.0 R 30.0 0 30.0 R 30.0 57.1097 37.571068
0 20.0 R 20.0 0 20.0 R 20.0 56.9909 37.354927
Mean of test: 37.914968650793654
MSE: 39.961693613354065
RMSE: 6.321526209180348
NRMSE: 0.16672903695116265
